Archive member included because of file (symbol)

C:\dev\eclipse_avr\ArduLibs\328P_16MHZ\libArduLibs.a(Wire.o)
                              ./src/rambamIMU.o (TwoWire::beginTransmission(int))
C:\dev\eclipse_avr\ArduLibs\328P_16MHZ\libArduLibs.a(twi.o)
                              C:\dev\eclipse_avr\ArduLibs\328P_16MHZ\libArduLibs.a(Wire.o) (twi_setAddress(unsigned char))
C:\dev\eclipse_avr\ArduLibs\328P_16MHZ\libArduLibs.a(FrequencyTimer2.o)
                              ./src/HC_SR04.o (FrequencyTimer2::setOnOverflow(void (*)()))
C:\dev\eclipse_avr\ArduLibs\328P_16MHZ\libArduLibs.a(cmdprocessor.o)
                              ./src/serialCommands.o (SerialCommand::setDefaultHandler(void (*)(char const*)))
C:\dev\eclipse_avr\ArduCore\328P_16MHZ\libArduCore.a(HardwareSerial.o)
                              ./src/arduinoMain.o (Serial)
C:\dev\eclipse_avr\ArduCore\328P_16MHZ\libArduCore.a(Print.o)
                              C:\dev\eclipse_avr\ArduLibs\328P_16MHZ\libArduLibs.a(Wire.o) (Print::write(unsigned char const*, unsigned int))
C:\dev\eclipse_avr\ArduCore\328P_16MHZ\libArduCore.a(WMath.o)
                              ./src/arduinoMain.o (map(long, long, long, long, long))
C:\dev\eclipse_avr\ArduCore\328P_16MHZ\libArduCore.a(WString.o)
                              C:\dev\eclipse_avr\ArduCore\328P_16MHZ\libArduCore.a(Print.o) (String::operator[](unsigned int) const)
C:\dev\eclipse_avr\ArduCore\328P_16MHZ\libArduCore.a(main.o)
                              c:/users/danny/dev/arduino-1.0.5-r2/hardware/tools/avr/bin/../lib/gcc/avr/4.3.2/../../../../avr/lib/avr5/crtm328p.o (main)
C:\dev\eclipse_avr\ArduCore\328P_16MHZ\libArduCore.a(wiring.o)
                              ./src/arduinoMain.o (millis)
C:\dev\eclipse_avr\ArduCore\328P_16MHZ\libArduCore.a(wiring_digital.o)
                              ./src/arduinoMain.o (pinMode)
C:\dev\eclipse_avr\ArduCore\328P_16MHZ\libArduCore.a(malloc.o)
                              ./src/main.o (malloc)
C:\dev\eclipse_avr\ArduCore\328P_16MHZ\libArduCore.a(realloc.o)
                              C:\dev\eclipse_avr\ArduCore\328P_16MHZ\libArduCore.a(WString.o) (realloc)
c:/users/danny/dev/arduino-1.0.5-r2/hardware/tools/avr/bin/../lib/gcc/avr/4.3.2/../../../../avr/lib/avr5\libm.a(addsf3.o)
                              ./src/arduinoMain.o (__subsf3)
c:/users/danny/dev/arduino-1.0.5-r2/hardware/tools/avr/bin/../lib/gcc/avr/4.3.2/../../../../avr/lib/avr5\libm.a(addsf3x.o)
                              c:/users/danny/dev/arduino-1.0.5-r2/hardware/tools/avr/bin/../lib/gcc/avr/4.3.2/../../../../avr/lib/avr5\libm.a(addsf3.o) (__addsf3x)
c:/users/danny/dev/arduino-1.0.5-r2/hardware/tools/avr/bin/../lib/gcc/avr/4.3.2/../../../../avr/lib/avr5\libm.a(asin.o)
                              ./src/rambamIMU.o (asin)
c:/users/danny/dev/arduino-1.0.5-r2/hardware/tools/avr/bin/../lib/gcc/avr/4.3.2/../../../../avr/lib/avr5\libm.a(atan2.o)
                              ./src/arduinoMain.o (atan2)
c:/users/danny/dev/arduino-1.0.5-r2/hardware/tools/avr/bin/../lib/gcc/avr/4.3.2/../../../../avr/lib/avr5\libm.a(atan.o)
                              c:/users/danny/dev/arduino-1.0.5-r2/hardware/tools/avr/bin/../lib/gcc/avr/4.3.2/../../../../avr/lib/avr5\libm.a(atan2.o) (atan)
c:/users/danny/dev/arduino-1.0.5-r2/hardware/tools/avr/bin/../lib/gcc/avr/4.3.2/../../../../avr/lib/avr5\libm.a(cmpsf2.o)
                              ./src/rambamIMU.o (__eqsf2)
c:/users/danny/dev/arduino-1.0.5-r2/hardware/tools/avr/bin/../lib/gcc/avr/4.3.2/../../../../avr/lib/avr5\libm.a(cos.o)
                              ./src/arduinoMain.o (cos)
c:/users/danny/dev/arduino-1.0.5-r2/hardware/tools/avr/bin/../lib/gcc/avr/4.3.2/../../../../avr/lib/avr5\libm.a(divsf3.o)
                              ./src/arduinoMain.o (__divsf3)
c:/users/danny/dev/arduino-1.0.5-r2/hardware/tools/avr/bin/../lib/gcc/avr/4.3.2/../../../../avr/lib/avr5\libm.a(divsf3x.o)
                              c:/users/danny/dev/arduino-1.0.5-r2/hardware/tools/avr/bin/../lib/gcc/avr/4.3.2/../../../../avr/lib/avr5\libm.a(divsf3.o) (__divsf3x)
c:/users/danny/dev/arduino-1.0.5-r2/hardware/tools/avr/bin/../lib/gcc/avr/4.3.2/../../../../avr/lib/avr5\libm.a(fixsfsi.o)
                              ./src/arduinoMain.o (__fixsfsi)
c:/users/danny/dev/arduino-1.0.5-r2/hardware/tools/avr/bin/../lib/gcc/avr/4.3.2/../../../../avr/lib/avr5\libm.a(fixunssfsi.o)
                              ./src/arduinoMain.o (__fixunssfsi)
c:/users/danny/dev/arduino-1.0.5-r2/hardware/tools/avr/bin/../lib/gcc/avr/4.3.2/../../../../avr/lib/avr5\libm.a(floatsisf.o)
                              ./src/arduinoMain.o (__floatunsisf)
c:/users/danny/dev/arduino-1.0.5-r2/hardware/tools/avr/bin/../lib/gcc/avr/4.3.2/../../../../avr/lib/avr5\libm.a(fp_arccos.o)
                              c:/users/danny/dev/arduino-1.0.5-r2/hardware/tools/avr/bin/../lib/gcc/avr/4.3.2/../../../../avr/lib/avr5\libm.a(asin.o) (__fp_arccos)
[...]
Memory Configuration

Name             Origin             Length             Attributes
text             0x00000000         0x00020000         xr
data             0x00800060         0x0000ffa0         rw !x
eeprom           0x00810000         0x00010000         rw !x
fuse             0x00820000         0x00000400         rw !x
lock             0x00830000         0x00000400         rw !x
signature        0x00840000         0x00000400         rw !x
*default*        0x00000000         0xffffffff

Linker script and memory map

Address of section .data set to 0x800100
LOAD c:/users/danny/dev/arduino-1.0.5-r2/hardware/tools/avr/bin/../lib/gcc/avr/4.3.2/../../../../avr/lib/avr5/crtm328p.o
LOAD ./src/HC_SR04.o
LOAD ./src/SoftI2CUtils.o
LOAD ./src/arduinoMain.o
LOAD ./src/fastRandom.o
LOAD ./src/main.o
LOAD ./src/rambamIMU.o
LOAD ./src/serialCommands.o
LOAD ./src/softi2c.o
LOAD C:\dev\eclipse_avr\ArduLibs\328P_16MHZ\libArduLibs.a
LOAD C:\dev\eclipse_avr\ArduCore\328P_16MHZ\libArduCore.a
LOAD c:/users/danny/dev/arduino-1.0.5-r2/hardware/tools/avr/bin/../lib/gcc/avr/4.3.2/../../../../avr/lib/avr5\libm.a
LOAD c:/users/danny/dev/arduino-1.0.5-r2/hardware/tools/avr/bin/../lib/gcc/avr/4.3.2/../../../../avr/lib/avr5\libc.a
LOAD c:/users/danny/dev/arduino-1.0.5-r2/hardware/tools/avr/bin/../lib/gcc/avr/4.3.2/avr5\libgcc.a
LOAD c:/users/danny/dev/arduino-1.0.5-r2/hardware/tools/avr/bin/../lib/gcc/avr/4.3.2/../../../../avr/lib/avr5\libm.a
LOAD c:/users/danny/dev/arduino-1.0.5-r2/hardware/tools/avr/bin/../lib/gcc/avr/4.3.2/../../../../avr/lib/avr5\libc.a
LOAD c:/users/danny/dev/arduino-1.0.5-r2/hardware/tools/avr/bin/../lib/gcc/avr/4.3.2/avr5\libgcc.a
LOAD c:/users/danny/dev/arduino-1.0.5-r2/hardware/tools/avr/bin/../lib/gcc/avr/4.3.2/../../../../avr/lib/avr5\libc.a
LOAD c:/users/danny/dev/arduino-1.0.5-r2/hardware/tools/avr/bin/../lib/gcc/avr/4.3.2/avr5\libgcc.a

.hash
 *(.hash)

.dynsym
 *(.dynsym)

.dynstr
 *(.dynstr)

.gnu.version
 *(.gnu.version)

.gnu.version_d
 *(.gnu.version_d)

.gnu.version_r
 *(.gnu.version_r)

.rel.init
 *(.rel.init)

.rela.init
 *(.rela.init)

.rel.text
 *(.rel.text)
 *(.rel.text.*)
 *(.rel.gnu.linkonce.t*)

.rela.text
 *(.rela.text)
 *(.rela.text.*)
 *(.rela.gnu.linkonce.t*)

.rel.fini
 *(.rel.fini)

.rela.fini
 *(.rela.fini)

.rel.rodata
 *(.rel.rodata)
 *(.rel.rodata.*)
 *(.rel.gnu.linkonce.r*)

.rela.rodata
 *(.rela.rodata)
 *(.rela.rodata.*)
 *(.rela.gnu.linkonce.r*)

.rel.data
 *(.rel.data)
 *(.rel.data.*)
 *(.rel.gnu.linkonce.d*)

.rela.data
 *(.rela.data)
 *(.rela.data.*)
 *(.rela.gnu.linkonce.d*)

.rel.ctors
 *(.rel.ctors)

.rela.ctors
 *(.rela.ctors)

.rel.dtors
 *(.rel.dtors)

.rela.dtors
 *(.rela.dtors)

.rel.got
 *(.rel.got)

.rela.got
 *(.rela.got)

.rel.bss
 *(.rel.bss)

.rela.bss
 *(.rela.bss)

.rel.plt
 *(.rel.plt)

.rela.plt
 *(.rela.plt)

.text           0x00000000     0x5d6c
 *(.vectors)
 .vectors       0x00000000       0x68 c:/users/danny/dev/arduino-1.0.5-r2/hardware/tools/avr/bin/../lib/gcc/avr/4.3.2/../../../../avr/lib/avr5/crtm328p.o
                0x00000000                __vectors
                0x00000000                __vector_default
 *(.vectors)
 *(.progmem.gcc*)
 .progmem.gcc_fplib
                0x00000068       0x2d c:/users/danny/dev/arduino-1.0.5-r2/hardware/tools/avr/bin/../lib/gcc/avr/4.3.2/../../../../avr/lib/avr5\libm.a(atan.o)
 .progmem.gcc_fplib
                0x00000095       0x1e c:/users/danny/dev/arduino-1.0.5-r2/hardware/tools/avr/bin/../lib/gcc/avr/4.3.2/../../../../avr/lib/avr5\libm.a(fp_sinus.o)
 *(.progmem*)
 .progmem.data  0x000000b3        0xa ./src/serialCommands.o
 .progmem.data  0x000000bd       0x5a C:\dev\eclipse_avr\ArduCore\328P_16MHZ\libArduCore.a(wiring_digital.o)
                0x000000bd                port_to_mode_PGM
                0x000000db                digital_pin_to_port_PGM
                0x000000ef                digital_pin_to_bit_mask_PGM
                0x000000c7                port_to_output_PGM
                0x000000d1                port_to_input_PGM
                0x00000103                digital_pin_to_timer_PGM
                0x00000118                . = ALIGN (0x2)
 *fill*         0x00000117        0x1 00
                0x00000118                __trampolines_start = .
 *(.trampolines)
 .trampolines   0x00000118        0x0 linker stubs
 *(.trampolines*)
                0x00000118                __trampolines_end = .
 *(.jumptables)
 *(.jumptables*)
 *(.lowtext)
 *(.lowtext*)
                0x00000118                __ctors_start = .
 *(.ctors)
 .ctors         0x00000118        0x2 ./src/arduinoMain.o
 .ctors         0x0000011a        0x2 ./src/serialCommands.o
 .ctors         0x0000011c        0x2 C:\dev\eclipse_avr\ArduLibs\328P_16MHZ\libArduLibs.a(Wire.o)
 .ctors         0x0000011e        0x2 C:\dev\eclipse_avr\ArduCore\328P_16MHZ\libArduCore.a(HardwareSerial.o)
                0x00000120                __ctors_end = .
                0x00000120                __dtors_start = .
 *(.dtors)
 .dtors         0x00000120        0x2 ./src/arduinoMain.o
 .dtors         0x00000122        0x2 C:\dev\eclipse_avr\ArduLibs\328P_16MHZ\libArduLibs.a(Wire.o)
                0x00000124                __dtors_end = .
 SORT(*)(.ctors)
 SORT(*)(.dtors)
 *(.init0)
 .init0         0x00000124        0x0 c:/users/danny/dev/arduino-1.0.5-r2/hardware/tools/avr/bin/../lib/gcc/avr/4.3.2/../../../../avr/lib/avr5/crtm328p.o
                0x00000124                __init
 *(.init0)
 *(.init1)
 *(.init1)
 *(.init2)
 .init2         0x00000124        0xc c:/users/danny/dev/arduino-1.0.5-r2/hardware/tools/avr/bin/../lib/gcc/avr/4.3.2/../../../../avr/lib/avr5/crtm328p.o
 *(.init2)
 *(.init3)
 *(.init3)
 *(.init4)
 .init4         0x00000130       0x16 c:/users/danny/dev/arduino-1.0.5-r2/hardware/tools/avr/bin/../lib/gcc/avr/4.3.2/avr5\libgcc.a(_copy_data.o)
                0x00000130                __do_copy_data
 .init4         0x00000146       0x10 c:/users/danny/dev/arduino-1.0.5-r2/hardware/tools/avr/bin/../lib/gcc/avr/4.3.2/avr5\libgcc.a(_clear_bss.o)
                0x00000146                __do_clear_bss
 *(.init4)
 *(.init5)
 *(.init5)
 *(.init6)
 .init6         0x00000156       0x16 c:/users/danny/dev/arduino-1.0.5-r2/hardware/tools/avr/bin/../lib/gcc/avr/4.3.2/avr5\libgcc.a(_ctors.o)
                0x00000156                __do_global_ctors
 *(.init6)
 *(.init7)
 *(.init7)
 *(.init8)
 *(.init8)
 *(.init9)
 .init9         0x0000016c        0x6 c:/users/danny/dev/arduino-1.0.5-r2/hardware/tools/avr/bin/../lib/gcc/avr/4.3.2/../../../../avr/lib/avr5/crtm328p.o
 *(.init9)
 *(.text)
 .text          0x00000172        0x2 c:/users/danny/dev/arduino-1.0.5-r2/hardware/tools/avr/bin/../lib/gcc/avr/4.3.2/../../../../avr/lib/avr5/crtm328p.o
                0x00000172                __vector_22
                0x00000172                __vector_1
                0x00000172                __vector_12
                0x00000172                __bad_interrupt
                0x00000172                __vector_6
                0x00000172                __vector_3
                0x00000172                __vector_23
                0x00000172                __vector_25
                0x00000172                __vector_11
                0x00000172                __vector_13
                0x00000172                __vector_17
                0x00000172                __vector_5
                0x00000172                __vector_4
                0x00000172                __vector_9
                0x00000172                __vector_2
                0x00000172                __vector_21
                0x00000172                __vector_15
                0x00000172                __vector_8
                0x00000172                __vector_14
                0x00000172                __vector_10
                0x00000172                __vector_20
 .text          0x00000174       0xba c:/users/danny/dev/arduino-1.0.5-r2/hardware/tools/avr/bin/../lib/gcc/avr/4.3.2/../../../../avr/lib/avr5\libc.a(random.o)
                0x00000216                random
                0x00000214                random_r
                0x0000021c                srandom
 .text          0x0000022e        0x6 c:/users/danny/dev/arduino-1.0.5-r2/hardware/tools/avr/bin/../lib/gcc/avr/4.3.2/../../../../avr/lib/avr5\libc.a(exit.o)
                0x0000022e                exit
 .text          0x00000234        0xe c:/users/danny/dev/arduino-1.0.5-r2/hardware/tools/avr/bin/../lib/gcc/avr/4.3.2/../../../../avr/lib/avr5\libc.a(strcpy.o)
                0x00000234                strcpy
 .text          0x00000242       0x1c c:/users/danny/dev/arduino-1.0.5-r2/hardware/tools/avr/bin/../lib/gcc/avr/4.3.2/../../../../avr/lib/avr5\libc.a(strncmp.o)
                0x00000242                strncmp
                0x0000025e                . = ALIGN (0x2)
 *(.text.*)
 .text._ZN9SonarBaseD1Ev
                0x0000025e        0xc ./src/HC_SR04.o
                0x0000025e                SonarBase::~SonarBase()
 .text._ZN9SonarBase14getRawDistanceEv
                0x0000026a        0xe ./src/HC_SR04.o
                0x0000026a                SonarBase::getRawDistance()
 .text._ZN9SonarBase13onSonarUpdateEv
                0x00000278       0x1c ./src/HC_SR04.o
                0x00000278                SonarBase::onSonarUpdate()
 .text._ZN9SonarBaseD0Ev
                0x00000294       0x10 ./src/HC_SR04.o
                0x00000294                SonarBase::~SonarBase()
 .text._ZN9SonarBase5setupEv
                0x000002a4       0x2c ./src/HC_SR04.o
                0x000002a4                SonarBase::setup()
 .text._Z5writehhPhh
                0x000002d0       0x48 ./src/SoftI2CUtils.o
                0x000002d0                write(unsigned char, unsigned char, unsigned char*, unsigned char)
 .text._Z5writehhh
                0x00000318       0x1e ./src/SoftI2CUtils.o
                0x00000318                write(unsigned char, unsigned char, unsigned char)
 .text._Z4readhhPhh
                0x00000336       0x60 ./src/SoftI2CUtils.o
                0x00000336                read(unsigned char, unsigned char, unsigned char*, unsigned char)
 .text._Z4readhhRh
                0x00000396        0x4 ./src/SoftI2CUtils.o
                0x00000396                read(unsigned char, unsigned char, unsigned char&)
 .text._Z6readLHhh
                0x0000039a       0x42 ./src/SoftI2CUtils.o
                0x0000039a                readLH(unsigned char, unsigned char)
 .text._Z12readRegisterhh
                0x000003dc       0x1c ./src/SoftI2CUtils.o
                0x000003dc                readRegister(unsigned char, unsigned char)
 .text._ZN7HC_SR04ILh9ELh10EED1Ev
                0x000003f8        0xc ./src/arduinoMain.o
                0x000003f8                HC_SR04<(unsigned char)9, (unsigned char)10>::~HC_SR04()
 .text._ZN17HorizontalSegment8distanceEfff
                0x00000404      0x12e ./src/arduinoMain.o
                0x00000404                HorizontalSegment::distance(float, float, float)
 .text._ZN15VerticalSegment8distanceEfff
                0x00000532      0x110 ./src/arduinoMain.o
                0x00000532                VerticalSegment::distance(float, float, float)
 .text._ZN13CircleSegment8distanceEfff
                0x00000642       0xb6 ./src/arduinoMain.o
                0x00000642                CircleSegment::distance(float, float, float)
 .text._ZN8WorldMap11closestLineEff
                0x000006f8      0x32c ./src/arduinoMain.o
                0x000006f8                WorldMap::closestLine(float, float)
 .text._ZN8Particle10gausianishEv
                0x00000a24       0x36 ./src/arduinoMain.o
                0x00000a24                Particle::gausianish()
 .text._ZN8ParticleC1Ev
                0x00000a5a       0x5a ./src/arduinoMain.o
                0x00000a5a                Particle::Particle()
 .text._ZN8Particle9randomizeEP8WorldMap
                0x00000ab4      0x12e ./src/arduinoMain.o
                0x00000ab4                Particle::randomize(WorldMap*)
 .text._ZN7AppData11updateSonarEv
                0x00000be2      0x1a4 ./src/arduinoMain.o
                0x00000be2                AppData::updateSonar()
 .text._ZN7AppData20updateParticleFilterEv
                0x00000d86      0xbfa ./src/arduinoMain.o
                0x00000d86                AppData::updateParticleFilter()
 .text._ZN7HC_SR04ILh9ELh10EE5setupEv
                0x00001980       0x38 ./src/arduinoMain.o
                0x00001980                HC_SR04<(unsigned char)9, (unsigned char)10>::setup()
 .text._ZN21StopwatchMicroseconds7timeoutEb
                0x000019b8       0x72 ./src/arduinoMain.o
                0x000019b8                StopwatchMicroseconds::timeout(bool)
 .text._ZN7HC_SR04ILh9ELh10EE6updateEv
                0x00001a2a      0x1c2 ./src/arduinoMain.o
                0x00001a2a                HC_SR04<(unsigned char)9, (unsigned char)10>::update()
 .text._ZN7HC_SR04ILh9ELh10EED0Ev
                0x00001bec       0x10 ./src/arduinoMain.o
                0x00001bec                HC_SR04<(unsigned char)9, (unsigned char)10>::~HC_SR04()
 .text._Z41__static_initialization_and_destruction_0ii
                0x00001bfc      0x972 ./src/arduinoMain.o
 .text._GLOBAL__D_appData
                0x0000256e        0xa ./src/arduinoMain.o
 .text._GLOBAL__I_appData
                0x00002578        0xa ./src/arduinoMain.o
 .text._ZN7AppData6GetAccER8Vector3D
                0x00002582       0x9c ./src/arduinoMain.o
                0x00002582                AppData::GetAcc(Vector3D&)
 .text._ZN7AppData7GetGyroER8Vector3D
                0x0000261e       0x9c ./src/arduinoMain.o
                0x0000261e                AppData::GetGyro(Vector3D&)
 .text._ZN7AppData6GetMagER8Vector3D
                0x000026ba       0x76 ./src/arduinoMain.o
                0x000026ba                AppData::GetMag(Vector3D&)
 .text._ZN7AppData9updateIMUEv
                0x00002730      0x32e ./src/arduinoMain.o
                0x00002730                AppData::updateIMU()
 .text.loop     0x00002a5e      0x150 ./src/arduinoMain.o
                0x00002a5e                loop
 .text._ZN7AppData8writeRegEiii
                0x00002bae       0x1c ./src/arduinoMain.o
                0x00002bae                AppData::writeReg(int, int, int)
 .text._ZN8Vector3D3logEPKc
                0x00002bca       0x62 ./src/arduinoMain.o
                0x00002bca                Vector3D::log(char const*)
 .text._ZN7AppData8SetupIMUEv
                0x00002c2c      0x454 ./src/arduinoMain.o
                0x00002c2c                AppData::SetupIMU()
 .text.setup    0x00003080      0x19c ./src/arduinoMain.o
                0x00003080                setup
 .text._Z13onWireRequestv
                0x0000321c      0x160 ./src/arduinoMain.o
                0x0000321c                onWireRequest()
 .text._Z14fastRandomSeedl
                0x0000337c       0x12 ./src/fastRandom.o
                0x0000337c                fastRandomSeed(long)
 .text._Z10fastRandomv
                0x0000338e       0xea ./src/fastRandom.o
                0x0000338e                fastRandom()
 .text.__cxa_pure_virtual
                0x00003478        0x4 ./src/main.o
                0x00003478                __cxa_pure_virtual
 .text._ZdlPv   0x0000347c        0x6 ./src/main.o
                0x0000347c                operator delete(void*)
 .text._GLOBAL__I__Z11commandHelpv
                0x00003482        0xe ./src/serialCommands.o
 .text._Z21executeSerialCommandsv
                0x00003490       0x30 ./src/serialCommands.o
                0x00003490                executeSerialCommands()
 .text._Z10printSonarv
                0x000034c0       0xc8 ./src/serialCommands.o
                0x000034c0                printSonar()
 .text._Z16printObservationv
                0x00003588       0xf0 ./src/serialCommands.o
                0x00003588                printObservation()
 .text._Z14printParticlesv
                0x00003678       0xc0 ./src/serialCommands.o
                0x00003678                printParticles()
 .text._Z20initCommandProcessorv
                0x00003738        0xa ./src/serialCommands.o
                0x00003738                initCommandProcessor()
 .text._Z11commandHelpv
                0x00003742        0xc ./src/serialCommands.o
                0x00003742                commandHelp()
 .text._Z14commandDefaultPKc
                0x0000374e       0x36 ./src/serialCommands.o
                0x0000374e                commandDefault(char const*)
 .text.ass_i2c_delay_half
                0x00003784        0xa ./src/softi2c.o
                0x00003784                ass_i2c_delay_half
 .text.ass_i2c_wait_scl_high
                0x0000378e        0xa ./src/softi2c.o
                0x0000378e                ass_i2c_wait_scl_high
 .text._Z8i2c_initv
                0x00003798       0x1c ./src/softi2c.o
                0x00003798                i2c_init()
 .text._Z9i2c_starth
                0x000037b4        0xe ./src/softi2c.o
                0x000037b4                i2c_start(unsigned char)
 .text._Z13i2c_rep_starth
                0x000037c2       0x1a ./src/softi2c.o
                0x000037c2                i2c_rep_start(unsigned char)
 .text.ass_i2c_stop
                0x000037dc       0x12 ./src/softi2c.o
                0x000037dc                ass_i2c_stop
 .text.ass_i2c_write
                0x000037ee       0x64 ./src/softi2c.o
                0x000037ee                ass_i2c_write
 .text._Z8i2c_readb
                0x00003852       0x5c ./src/softi2c.o
                0x00003852                i2c_read(bool)
 .text._ZN7TwoWireD1Ev
                0x000038ae        0xc C:\dev\eclipse_avr\ArduLibs\328P_16MHZ\libArduLibs.a(Wire.o)
                0x000038ae                TwoWire::~TwoWire()
 .text._ZN7TwoWire9availableEv
                0x000038ba       0x12 C:\dev\eclipse_avr\ArduLibs\328P_16MHZ\libArduLibs.a(Wire.o)
                0x000038ba                TwoWire::available()
 .text._ZN7TwoWire4readEv
                0x000038cc       0x2a C:\dev\eclipse_avr\ArduLibs\328P_16MHZ\libArduLibs.a(Wire.o)
                0x000038cc                TwoWire::read()
 .text._ZN7TwoWire4peekEv
                0x000038f6       0x22 C:\dev\eclipse_avr\ArduLibs\328P_16MHZ\libArduLibs.a(Wire.o)
                0x000038f6                TwoWire::peek()
 .text._ZN7TwoWire5flushEv
                0x00003918        0x2 C:\dev\eclipse_avr\ArduLibs\328P_16MHZ\libArduLibs.a(Wire.o)
                0x00003918                TwoWire::flush()
 .text._ZN7TwoWire16onReceiveServiceEPhi
                0x0000391a       0x4a C:\dev\eclipse_avr\ArduLibs\328P_16MHZ\libArduLibs.a(Wire.o)
                0x0000391a                TwoWire::onReceiveService(unsigned char*, int)
 .text._ZN7TwoWire16onRequestServiceEv
                0x00003964       0x18 C:\dev\eclipse_avr\ArduLibs\328P_16MHZ\libArduLibs.a(Wire.o)
                0x00003964                TwoWire::onRequestService()
 .text._ZN7TwoWire9onRequestEPFvvE
                0x0000397c        0xa C:\dev\eclipse_avr\ArduLibs\328P_16MHZ\libArduLibs.a(Wire.o)
                0x0000397c                TwoWire::onRequest(void (*)())
 .text._GLOBAL__I__ZN7TwoWire8rxBufferE
                0x00003986       0x2e C:\dev\eclipse_avr\ArduLibs\328P_16MHZ\libArduLibs.a(Wire.o)
 .text._GLOBAL__D__ZN7TwoWire8rxBufferE
                0x000039b4        0xe C:\dev\eclipse_avr\ArduLibs\328P_16MHZ\libArduLibs.a(Wire.o)
 .text._ZN7TwoWireD0Ev
                0x000039c2        0xe C:\dev\eclipse_avr\ArduLibs\328P_16MHZ\libArduLibs.a(Wire.o)
                0x000039c2                TwoWire::~TwoWire()
 .text._ZN7TwoWire5writeEPKhj
                0x000039d0       0x60 C:\dev\eclipse_avr\ArduLibs\328P_16MHZ\libArduLibs.a(Wire.o)
                0x000039d0                TwoWire::write(unsigned char const*, unsigned int)
 .text._ZN7TwoWire5writeEh
                0x00003a30       0x5e C:\dev\eclipse_avr\ArduLibs\328P_16MHZ\libArduLibs.a(Wire.o)
                0x00003a30                TwoWire::write(unsigned char)
 .text._ZN7TwoWire5beginEv
                0x00003a8e       0x12 C:\dev\eclipse_avr\ArduLibs\328P_16MHZ\libArduLibs.a(Wire.o)
                0x00003a8e                TwoWire::begin()
 .text._ZN7TwoWire5beginEh
                0x00003aa0       0x20 C:\dev\eclipse_avr\ArduLibs\328P_16MHZ\libArduLibs.a(Wire.o)
                0x00003aa0                TwoWire::begin(unsigned char)
 .text._ZN7TwoWire5beginEi
                0x00003ac0        0x4 C:\dev\eclipse_avr\ArduLibs\328P_16MHZ\libArduLibs.a(Wire.o)
                0x00003ac0                TwoWire::begin(int)
 .text._Z14twi_setAddressh
                0x00003ac4        0x8 C:\dev\eclipse_avr\ArduLibs\328P_16MHZ\libArduLibs.a(twi.o)
                0x00003ac4                twi_setAddress(unsigned char)
 .text._Z12twi_transmitPKhh
                0x00003acc       0x36 C:\dev\eclipse_avr\ArduLibs\328P_16MHZ\libArduLibs.a(twi.o)
                0x00003acc                twi_transmit(unsigned char const*, unsigned char)
 .text._Z22twi_attachSlaveRxEventPFvPhiE
                0x00003b02        0xa C:\dev\eclipse_avr\ArduLibs\328P_16MHZ\libArduLibs.a(twi.o)
                0x00003b02                twi_attachSlaveRxEvent(void (*)(unsigned char*, int))
 .text._Z22twi_attachSlaveTxEventPFvvE
                0x00003b0c        0xa C:\dev\eclipse_avr\ArduLibs\328P_16MHZ\libArduLibs.a(twi.o)
                0x00003b0c                twi_attachSlaveTxEvent(void (*)())
 .text.__vector_24
                0x00003b16      0x322 C:\dev\eclipse_avr\ArduLibs\328P_16MHZ\libArduLibs.a(twi.o)
                0x00003b16                __vector_24
 .text._Z8twi_initv
                0x00003e38       0x3c C:\dev\eclipse_avr\ArduLibs\328P_16MHZ\libArduLibs.a(twi.o)
                0x00003e38                twi_init()
 .text.__vector_7
                0x00003e74       0x4e C:\dev\eclipse_avr\ArduLibs\328P_16MHZ\libArduLibs.a(FrequencyTimer2.o)
                0x00003e74                __vector_7
 .text._ZN15FrequencyTimer213setOnOverflowEPFvvE
                0x00003ec2       0x20 C:\dev\eclipse_avr\ArduLibs\328P_16MHZ\libArduLibs.a(FrequencyTimer2.o)
                0x00003ec2                FrequencyTimer2::setOnOverflow(void (*)())
 .text._ZN15FrequencyTimer29setPeriodEm
                0x00003ee2      0x150 C:\dev\eclipse_avr\ArduLibs\328P_16MHZ\libArduLibs.a(FrequencyTimer2.o)
                0x00003ee2                FrequencyTimer2::setPeriod(unsigned long)
 .text._ZN13SerialCommand16processNumberendEPcS0_
                0x00004032       0x8e C:\dev\eclipse_avr\ArduLibs\328P_16MHZ\libArduLibs.a(cmdprocessor.o)
                0x00004032                SerialCommand::processNumberend(char*, char*)
 .text._ZN13SerialCommand17onCmdlineCompleteEPcS0_
                0x000040c0       0x38 C:\dev\eclipse_avr\ArduLibs\328P_16MHZ\libArduLibs.a(cmdprocessor.o)
                0x000040c0                SerialCommand::onCmdlineComplete(char*, char*)
 .text._ZN13SerialCommand17setDefaultHandlerEPFvPKcE
                0x000040f8        0x8 C:\dev\eclipse_avr\ArduLibs\328P_16MHZ\libArduLibs.a(cmdprocessor.o)
                0x000040f8                SerialCommand::setDefaultHandler(void (*)(char const*))
 .text._ZN13SerialCommand8onCmdEndEPcS0_
                0x00004100       0x6a C:\dev\eclipse_avr\ArduLibs\328P_16MHZ\libArduLibs.a(cmdprocessor.o)
                0x00004100                SerialCommand::onCmdEnd(char*, char*)
 .text._ZN13SerialCommand11parseBufferEv
                0x0000416a      0x2f2 C:\dev\eclipse_avr\ArduLibs\328P_16MHZ\libArduLibs.a(cmdprocessor.o)
                0x0000416a                SerialCommand::parseBuffer()
 .text._ZN13SerialCommand6updateEc
                0x0000445c       0x6c C:\dev\eclipse_avr\ArduLibs\328P_16MHZ\libArduLibs.a(cmdprocessor.o)
                0x0000445c                SerialCommand::update(char)
 .text._ZN13SerialCommandC1EP21SerialCommandCallbackc
                0x000044c8       0x54 C:\dev\eclipse_avr\ArduLibs\328P_16MHZ\libArduLibs.a(cmdprocessor.o)
                0x000044c8                SerialCommand::SerialCommand(SerialCommandCallback*, char)
 .text._Z11serialEventv
                0x0000451c        0x2 C:\dev\eclipse_avr\ArduCore\328P_16MHZ\libArduCore.a(HardwareSerial.o)
                0x0000451c                serialEvent()
 .text.__vector_18
                0x0000451e       0x76 C:\dev\eclipse_avr\ArduCore\328P_16MHZ\libArduCore.a(HardwareSerial.o)
                0x0000451e                __vector_18
 .text._Z14serialEventRunv
                0x00004594       0x24 C:\dev\eclipse_avr\ArduCore\328P_16MHZ\libArduCore.a(HardwareSerial.o)
                0x00004594                serialEventRun()
 .text.__vector_19
                0x000045b8       0x76 C:\dev\eclipse_avr\ArduCore\328P_16MHZ\libArduCore.a(HardwareSerial.o)
                0x000045b8                __vector_19
 .text._ZN14HardwareSerial5beginEm
                0x0000462e      0x10e C:\dev\eclipse_avr\ArduCore\328P_16MHZ\libArduCore.a(HardwareSerial.o)
                0x0000462e                HardwareSerial::begin(unsigned long)
 .text._ZN14HardwareSerial9availableEv
                0x0000473c       0x22 C:\dev\eclipse_avr\ArduCore\328P_16MHZ\libArduCore.a(HardwareSerial.o)
                0x0000473c                HardwareSerial::available()
 .text._ZN14HardwareSerial4peekEv
                0x0000475e       0x40 C:\dev\eclipse_avr\ArduCore\328P_16MHZ\libArduCore.a(HardwareSerial.o)
                0x0000475e                HardwareSerial::peek()
 .text._ZN14HardwareSerial4readEv
                0x0000479e       0x52 C:\dev\eclipse_avr\ArduCore\328P_16MHZ\libArduCore.a(HardwareSerial.o)
                0x0000479e                HardwareSerial::read()
 .text._ZN14HardwareSerial5flushEv
                0x000047f0       0x20 C:\dev\eclipse_avr\ArduCore\328P_16MHZ\libArduCore.a(HardwareSerial.o)
                0x000047f0                HardwareSerial::flush()
 .text._ZN14HardwareSerial5writeEh
                0x00004810       0x80 C:\dev\eclipse_avr\ArduCore\328P_16MHZ\libArduCore.a(HardwareSerial.o)
                0x00004810                HardwareSerial::write(unsigned char)
 .text._GLOBAL__I_rx_buffer
                0x00004890       0xac C:\dev\eclipse_avr\ArduCore\328P_16MHZ\libArduCore.a(HardwareSerial.o)
 .text._ZN5Print5writeEPKhj
                0x0000493c       0x54 C:\dev\eclipse_avr\ArduCore\328P_16MHZ\libArduCore.a(Print.o)
                0x0000493c                Print::write(unsigned char const*, unsigned int)
 .text._ZN5Print5printEPK19__FlashStringHelper
                0x00004990       0x46 C:\dev\eclipse_avr\ArduCore\328P_16MHZ\libArduCore.a(Print.o)
                0x00004990                Print::print(__FlashStringHelper const*)
 .text._ZN5Print5printEc
                0x000049d6       0x10 C:\dev\eclipse_avr\ArduCore\328P_16MHZ\libArduCore.a(Print.o)
                0x000049d6                Print::print(char)
 .text._ZN5Print7printlnEv
                0x000049e6       0x40 C:\dev\eclipse_avr\ArduCore\328P_16MHZ\libArduCore.a(Print.o)
                0x000049e6                Print::println()
 .text._ZN5Print7printlnEPK19__FlashStringHelper
                0x00004a26       0x24 C:\dev\eclipse_avr\ArduCore\328P_16MHZ\libArduCore.a(Print.o)
                0x00004a26                Print::println(__FlashStringHelper const*)
 .text._ZN5Print5writeEPKc
                0x00004a4a       0x38 C:\dev\eclipse_avr\ArduCore\328P_16MHZ\libArduCore.a(Print.o)
                0x00004a4a                Print::write(char const*)
 .text._ZN5Print11printNumberEmh
                0x00004a82       0xc6 C:\dev\eclipse_avr\ArduCore\328P_16MHZ\libArduCore.a(Print.o)
                0x00004a82                Print::printNumber(unsigned long, unsigned char)
 .text._ZN5Print5printEmi
                0x00004b48       0x1a C:\dev\eclipse_avr\ArduCore\328P_16MHZ\libArduCore.a(Print.o)
                0x00004b48                Print::print(unsigned long, int)
 .text._ZN5Print7printlnEmi
                0x00004b62       0x24 C:\dev\eclipse_avr\ArduCore\328P_16MHZ\libArduCore.a(Print.o)
                0x00004b62                Print::println(unsigned long, int)
 .text._ZN5Print5printEhi
                0x00004b86       0x22 C:\dev\eclipse_avr\ArduCore\328P_16MHZ\libArduCore.a(Print.o)
                0x00004b86                Print::print(unsigned char, int)
 .text._ZN5Print5printEli
                0x00004ba8       0x7c C:\dev\eclipse_avr\ArduCore\328P_16MHZ\libArduCore.a(Print.o)
                0x00004ba8                Print::print(long, int)
 .text._ZN5Print5printEii
                0x00004c24       0x24 C:\dev\eclipse_avr\ArduCore\328P_16MHZ\libArduCore.a(Print.o)
                0x00004c24                Print::print(int, int)
 .text._ZN5Print7printlnEii
                0x00004c48       0x3a C:\dev\eclipse_avr\ArduCore\328P_16MHZ\libArduCore.a(Print.o)
                0x00004c48                Print::println(int, int)
 .text._ZN5Print5printEPKc
                0x00004c82        0x4 C:\dev\eclipse_avr\ArduCore\328P_16MHZ\libArduCore.a(Print.o)
                0x00004c82                Print::print(char const*)
 .text._ZN5Print10printFloatEdh
                0x00004c86      0x1a2 C:\dev\eclipse_avr\ArduCore\328P_16MHZ\libArduCore.a(Print.o)
                0x00004c86                Print::printFloat(double, unsigned char)
 .text._ZN5Print5printEdi
                0x00004e28        0x4 C:\dev\eclipse_avr\ArduCore\328P_16MHZ\libArduCore.a(Print.o)
                0x00004e28                Print::print(double, int)
 .text._ZN5Print7printlnEdi
                0x00004e2c       0x22 C:\dev\eclipse_avr\ArduCore\328P_16MHZ\libArduCore.a(Print.o)
                0x00004e2c                Print::println(double, int)
 .text._ZN5Print7printlnEPKc
                0x00004e4e       0x22 C:\dev\eclipse_avr\ArduCore\328P_16MHZ\libArduCore.a(Print.o)
                0x00004e4e                Print::println(char const*)
 .text._Z3maplllll
                0x00004e70       0x8e C:\dev\eclipse_avr\ArduCore\328P_16MHZ\libArduCore.a(WMath.o)
                0x00004e70                map(long, long, long, long, long)
 .text.main     0x00004efe       0x1a C:\dev\eclipse_avr\ArduCore\328P_16MHZ\libArduCore.a(main.o)
                0x00004efe                main
 .text.__vector_16
                0x00004f18       0x90 C:\dev\eclipse_avr\ArduCore\328P_16MHZ\libArduCore.a(wiring.o)
                0x00004f18                __vector_16
 .text.millis   0x00004fa8       0x1c C:\dev\eclipse_avr\ArduCore\328P_16MHZ\libArduCore.a(wiring.o)
                0x00004fa8                millis
 .text.micros   0x00004fc4       0x4c C:\dev\eclipse_avr\ArduCore\328P_16MHZ\libArduCore.a(wiring.o)
                0x00004fc4                micros
 .text.delay    0x00005010       0xb2 C:\dev\eclipse_avr\ArduCore\328P_16MHZ\libArduCore.a(wiring.o)
                0x00005010                delay
 .text.delayMicroseconds
                0x000050c2       0x14 C:\dev\eclipse_avr\ArduCore\328P_16MHZ\libArduCore.a(wiring.o)
                0x000050c2                delayMicroseconds
 .text.init     0x000050d6       0x76 C:\dev\eclipse_avr\ArduCore\328P_16MHZ\libArduCore.a(wiring.o)
                0x000050d6                init
 .text.pinMode  0x0000514c       0x7e C:\dev\eclipse_avr\ArduCore\328P_16MHZ\libArduCore.a(wiring_digital.o)
                0x0000514c                pinMode
 .text.digitalWrite
                0x000051ca       0xa8 C:\dev\eclipse_avr\ArduCore\328P_16MHZ\libArduCore.a(wiring_digital.o)
                0x000051ca                digitalWrite
 .text.avr-libc
                0x00005272      0x26a C:\dev\eclipse_avr\ArduCore\328P_16MHZ\libArduCore.a(malloc.o)
                0x00005272                malloc
                0x000053ac                free
 .text.fplib    0x000054dc        0xa c:/users/danny/dev/arduino-1.0.5-r2/hardware/tools/avr/bin/../lib/gcc/avr/4.3.2/../../../../avr/lib/avr5\libm.a(addsf3.o)
                0x000054dc                __subsf3
                0x000054de                __addsf3
 .text.fplib    0x000054e6       0xc0 c:/users/danny/dev/arduino-1.0.5-r2/hardware/tools/avr/bin/../lib/gcc/avr/4.3.2/../../../../avr/lib/avr5\libm.a(addsf3x.o)
                0x00005500                __addsf3x
 .text.fplib    0x000055a6       0x74 c:/users/danny/dev/arduino-1.0.5-r2/hardware/tools/avr/bin/../lib/gcc/avr/4.3.2/../../../../avr/lib/avr5\libm.a(atan2.o)
                0x000055c4                atan2
 .text.fplib    0x0000561a       0x50 c:/users/danny/dev/arduino-1.0.5-r2/hardware/tools/avr/bin/../lib/gcc/avr/4.3.2/../../../../avr/lib/avr5\libm.a(atan.o)
                0x0000561a                atan
 .text.fplib    0x0000566a        0x8 c:/users/danny/dev/arduino-1.0.5-r2/hardware/tools/avr/bin/../lib/gcc/avr/4.3.2/../../../../avr/lib/avr5\libm.a(cmpsf2.o)
                0x0000566a                __lesf2
                0x0000566a                __nesf2
                0x0000566a                __eqsf2
                0x0000566a                __cmpsf2
                0x0000566a                __ltsf2
 .text.fplib    0x00005672        0x6 c:/users/danny/dev/arduino-1.0.5-r2/hardware/tools/avr/bin/../lib/gcc/avr/4.3.2/../../../../avr/lib/avr5\libm.a(cos.o)
                0x00005672                cos
 .text.fplib    0x00005678        0x4 c:/users/danny/dev/arduino-1.0.5-r2/hardware/tools/avr/bin/../lib/gcc/avr/4.3.2/../../../../avr/lib/avr5\libm.a(divsf3.o)
                0x00005678                __divsf3
 .text.fplib    0x0000567c       0xcc c:/users/danny/dev/arduino-1.0.5-r2/hardware/tools/avr/bin/../lib/gcc/avr/4.3.2/../../../../avr/lib/avr5\libm.a(divsf3x.o)
                0x00005692                __divsf3x
                0x00005696                __divsf3_pse
 .text.fplib    0x00005748        0xa c:/users/danny/dev/arduino-1.0.5-r2/hardware/tools/avr/bin/../lib/gcc/avr/4.3.2/../../../../avr/lib/avr5\libm.a(fixsfsi.o)
                0x00005748                __fixsfsi
 .text.fplib    0x00005752       0x58 c:/users/danny/dev/arduino-1.0.5-r2/hardware/tools/avr/bin/../lib/gcc/avr/4.3.2/../../../../avr/lib/avr5\libm.a(fixunssfsi.o)
                0x00005752                __fixunssfsi
 .text.fplib    0x000057aa       0x7a c:/users/danny/dev/arduino-1.0.5-r2/hardware/tools/avr/bin/../lib/gcc/avr/4.3.2/../../../../avr/lib/avr5\libm.a(floatsisf.o)
                0x000057ae                __floatsisf
                0x000057aa                __floatunsisf
 .text.fplib    0x00005824       0x48 c:/users/danny/dev/arduino-1.0.5-r2/hardware/tools/avr/bin/../lib/gcc/avr/4.3.2/../../../../avr/lib/avr5\libm.a(fp_cmp.o)
                0x00005824                __fp_cmp
 .text.fplib    0x0000586c        0xc c:/users/danny/dev/arduino-1.0.5-r2/hardware/tools/avr/bin/../lib/gcc/avr/4.3.2/../../../../avr/lib/avr5\libm.a(fp_inf.o)
                0x0000586c                __fp_inf
 .text.fplib    0x00005878        0x6 c:/users/danny/dev/arduino-1.0.5-r2/hardware/tools/avr/bin/../lib/gcc/avr/4.3.2/../../../../avr/lib/avr5\libm.a(fp_nan.o)
                0x00005878                __fp_nan
 .text.fplib    0x0000587e       0x4a c:/users/danny/dev/arduino-1.0.5-r2/hardware/tools/avr/bin/../lib/gcc/avr/4.3.2/../../../../avr/lib/avr5\libm.a(fp_powser.o)
                0x0000587e                __fp_powser
 .text.fplib    0x000058c8       0x22 c:/users/danny/dev/arduino-1.0.5-r2/hardware/tools/avr/bin/../lib/gcc/avr/4.3.2/../../../../avr/lib/avr5\libm.a(fp_powsodd.o)
                0x000058c8                __fp_powsodd
 .text.fplib    0x000058ea        0xe c:/users/danny/dev/arduino-1.0.5-r2/hardware/tools/avr/bin/../lib/gcc/avr/4.3.2/../../../../avr/lib/avr5\libm.a(fp_pscA.o)
                0x000058ea                __fp_pscA
 .text.fplib    0x000058f8        0xe c:/users/danny/dev/arduino-1.0.5-r2/hardware/tools/avr/bin/../lib/gcc/avr/4.3.2/../../../../avr/lib/avr5\libm.a(fp_pscB.o)
                0x000058f8                __fp_pscB
 .text.fplib    0x00005906       0x62 c:/users/danny/dev/arduino-1.0.5-r2/hardware/tools/avr/bin/../lib/gcc/avr/4.3.2/../../../../avr/lib/avr5\libm.a(fp_rempio2.o)
                0x00005908                __fp_rempio2
 .text.fplib    0x00005968       0x22 c:/users/danny/dev/arduino-1.0.5-r2/hardware/tools/avr/bin/../lib/gcc/avr/4.3.2/../../../../avr/lib/avr5\libm.a(fp_round.o)
                0x00005968                __fp_round
 .text.fplib    0x0000598a       0x22 c:/users/danny/dev/arduino-1.0.5-r2/hardware/tools/avr/bin/../lib/gcc/avr/4.3.2/../../../../avr/lib/avr5\libm.a(fp_sinus.o)
                0x0000598a                __fp_sinus
 .text.fplib    0x000059ac       0x44 c:/users/danny/dev/arduino-1.0.5-r2/hardware/tools/avr/bin/../lib/gcc/avr/4.3.2/../../../../avr/lib/avr5\libm.a(fp_split3.o)
                0x000059ac                __fp_split3
                0x000059bc                __fp_splitA
 .text.fplib    0x000059f0        0xe c:/users/danny/dev/arduino-1.0.5-r2/hardware/tools/avr/bin/../lib/gcc/avr/4.3.2/../../../../avr/lib/avr5\libm.a(fp_zero.o)
                0x000059f0                __fp_zero
                0x000059f2                __fp_szero
 .text.fplib    0x000059fe        0x8 c:/users/danny/dev/arduino-1.0.5-r2/hardware/tools/avr/bin/../lib/gcc/avr/4.3.2/../../../../avr/lib/avr5\libm.a(gesf2.o)
                0x000059fe                __gtsf2
                0x000059fe                __gesf2
 .text.fplib    0x00005a06        0xe c:/users/danny/dev/arduino-1.0.5-r2/hardware/tools/avr/bin/../lib/gcc/avr/4.3.2/../../../../avr/lib/avr5\libm.a(inverse.o)
                0x00005a06                inverse
 .text.fplib    0x00005a14        0x4 c:/users/danny/dev/arduino-1.0.5-r2/hardware/tools/avr/bin/../lib/gcc/avr/4.3.2/../../../../avr/lib/avr5\libm.a(mulsf3.o)
                0x00005a14                __mulsf3
 .text.fplib    0x00005a18       0xc2 c:/users/danny/dev/arduino-1.0.5-r2/hardware/tools/avr/bin/../lib/gcc/avr/4.3.2/../../../../avr/lib/avr5\libm.a(mulsf3x.o)
                0x00005a30                __mulsf3_pse
                0x00005a2c                __mulsf3x
 .text.fplib    0x00005ada        0xc c:/users/danny/dev/arduino-1.0.5-r2/hardware/tools/avr/bin/../lib/gcc/avr/4.3.2/../../../../avr/lib/avr5\libm.a(sin.o)
                0x00005ada                sin
 .text.fplib    0x00005ae6       0x9c c:/users/danny/dev/arduino-1.0.5-r2/hardware/tools/avr/bin/../lib/gcc/avr/4.3.2/../../../../avr/lib/avr5\libm.a(sqrt.o)
                0x00005aee                sqrt
 .text.fplib    0x00005b82        0x6 c:/users/danny/dev/arduino-1.0.5-r2/hardware/tools/avr/bin/../lib/gcc/avr/4.3.2/../../../../avr/lib/avr5\libm.a(square.o)
                0x00005b82                square
 .text.fplib    0x00005b88        0x8 c:/users/danny/dev/arduino-1.0.5-r2/hardware/tools/avr/bin/../lib/gcc/avr/4.3.2/../../../../avr/lib/avr5\libm.a(unordsf2.o)
                0x00005b88                __unordsf2
 .text.fplib    0x00005b90       0x20 c:/users/danny/dev/arduino-1.0.5-r2/hardware/tools/avr/bin/../lib/gcc/avr/4.3.2/../../../../avr/lib/avr5\libm.a(fp_mpack.o)
                0x00005b90                __fp_mpack
 .text.fplib    0x00005bb0        0xe c:/users/danny/dev/arduino-1.0.5-r2/hardware/tools/avr/bin/../lib/gcc/avr/4.3.2/../../../../avr/lib/avr5\libm.a(fp_norm2.o)
                0x00005bb0                __fp_norm2
 .text.ctype    0x00005bbe       0x10 c:/users/danny/dev/arduino-1.0.5-r2/hardware/tools/avr/bin/../lib/gcc/avr/4.3.2/../../../../avr/lib/avr5\libc.a(isprint.o)
                0x00005bbe                isgraph
                0x00005bc2                isprint
 .text.ctype    0x00005bce        0x6 c:/users/danny/dev/arduino-1.0.5-r2/hardware/tools/avr/bin/../lib/gcc/avr/4.3.2/../../../../avr/lib/avr5\libc.a(cty_isfalse.o)
                0x00005bd2                __ctype_istrue
                0x00005bce                __ctype_isfalse
 .text.libgcc   0x00005bd4       0x3e c:/users/danny/dev/arduino-1.0.5-r2/hardware/tools/avr/bin/../lib/gcc/avr/4.3.2/avr5\libgcc.a(_mulsi3.o)
                0x00005bd4                __mulsi3
 .text.libgcc   0x00005c12       0x28 c:/users/danny/dev/arduino-1.0.5-r2/hardware/tools/avr/bin/../lib/gcc/avr/4.3.2/avr5\libgcc.a(_udivmodhi4.o)
                0x00005c12                __udivmodhi4
 .text.libgcc   0x00005c3a       0x26 c:/users/danny/dev/arduino-1.0.5-r2/hardware/tools/avr/bin/../lib/gcc/avr/4.3.2/avr5\libgcc.a(_divmodhi4.o)
                0x00005c3a                __divmodhi4
                0x00005c3a                _div
 .text.libgcc   0x00005c60       0x44 c:/users/danny/dev/arduino-1.0.5-r2/hardware/tools/avr/bin/../lib/gcc/avr/4.3.2/avr5\libgcc.a(_udivmodsi4.o)
                0x00005c60                __udivmodsi4
 .text.libgcc   0x00005ca4       0x36 c:/users/danny/dev/arduino-1.0.5-r2/hardware/tools/avr/bin/../lib/gcc/avr/4.3.2/avr5\libgcc.a(_divmodsi4.o)
                0x00005ca4                __divmodsi4
 .text.libgcc   0x00005cda       0x38 c:/users/danny/dev/arduino-1.0.5-r2/hardware/tools/avr/bin/../lib/gcc/avr/4.3.2/avr5\libgcc.a(_prologue.o)
                0x00005cda                __prologue_saves__
 .text.libgcc   0x00005d12       0x36 c:/users/danny/dev/arduino-1.0.5-r2/hardware/tools/avr/bin/../lib/gcc/avr/4.3.2/avr5\libgcc.a(_epilogue.o)
                0x00005d12                __epilogue_restores__
 .text.libgcc   0x00005d48        0xc c:/users/danny/dev/arduino-1.0.5-r2/hardware/tools/avr/bin/../lib/gcc/avr/4.3.2/avr5\libgcc.a(_tablejump.o)
                0x00005d4c                __tablejump__
                0x00005d48                __tablejump2__
                0x00005d54                . = ALIGN (0x2)
 *(.fini9)
 .fini9         0x00005d54        0x0 c:/users/danny/dev/arduino-1.0.5-r2/hardware/tools/avr/bin/../lib/gcc/avr/4.3.2/avr5\libgcc.a(_exit.o)
                0x00005d54                _exit
 *(.fini9)
 *(.fini8)
 *(.fini8)
 *(.fini7)
 *(.fini7)
 *(.fini6)
 .fini6         0x00005d54       0x14 c:/users/danny/dev/arduino-1.0.5-r2/hardware/tools/avr/bin/../lib/gcc/avr/4.3.2/avr5\libgcc.a(_dtors.o)
                0x00005d54                __do_global_dtors
 *(.fini6)
 *(.fini5)
 *(.fini5)
 *(.fini4)
 *(.fini4)
 *(.fini3)
 *(.fini3)
 *(.fini2)
 *(.fini2)
 *(.fini1)
 *(.fini1)
 *(.fini0)
 .fini0         0x00005d68        0x4 c:/users/danny/dev/arduino-1.0.5-r2/hardware/tools/avr/bin/../lib/gcc/avr/4.3.2/avr5\libgcc.a(_exit.o)
 *(.fini0)
                0x00005d6c                _etext = .

.data           0x00800100      0x220 load address 0x00005d6c
                0x00800100                PROVIDE (__data_start, .)
 *(.data)
 .data          0x00800100       0xea ./src/arduinoMain.o
 .data          0x008001ea       0xb6 ./src/serialCommands.o
 .data          0x008002a0        0x2 C:\dev\eclipse_avr\ArduLibs\328P_16MHZ\libArduLibs.a(cmdprocessor.o)
 .data          0x008002a2        0xe C:\dev\eclipse_avr\ArduCore\328P_16MHZ\libArduCore.a(Print.o)
 .data          0x008002b0        0x4 c:/users/danny/dev/arduino-1.0.5-r2/hardware/tools/avr/bin/../lib/gcc/avr/4.3.2/../../../../avr/lib/avr5\libc.a(random.o)
 *(.data*)
 .data.commands
                0x008002b4       0x14 ./src/serialCommands.o
                0x008002b4                commands
 .data.__malloc_margin
                0x008002c8        0x2 C:\dev\eclipse_avr\ArduCore\328P_16MHZ\libArduCore.a(malloc.o)
                0x008002c8                __malloc_margin
 .data.__malloc_heap_start
                0x008002ca        0x2 C:\dev\eclipse_avr\ArduCore\328P_16MHZ\libArduCore.a(malloc.o)
                0x008002ca                __malloc_heap_start
 .data.__malloc_heap_end
                0x008002cc        0x2 C:\dev\eclipse_avr\ArduCore\328P_16MHZ\libArduCore.a(malloc.o)
                0x008002cc                __malloc_heap_end
 *(.rodata)
 *(.rodata*)
 .rodata._ZTV9SonarBase
                0x008002ce        0xe ./src/HC_SR04.o
                0x008002ce                vtable for SonarBase
 .rodata._ZTV17HorizontalSegment
                0x008002dc        0x6 ./src/arduinoMain.o
                0x008002dc                vtable for HorizontalSegment
 .rodata._ZTV15VerticalSegment
                0x008002e2        0x6 ./src/arduinoMain.o
                0x008002e2                vtable for VerticalSegment
 .rodata._ZTV13CircleSegment
                0x008002e8        0x6 ./src/arduinoMain.o
                0x008002e8                vtable for CircleSegment
 .rodata._ZTV7HC_SR04ILh9ELh10EE
                0x008002ee        0xe ./src/arduinoMain.o
                0x008002ee                vtable for HC_SR04<(unsigned char)9, (unsigned char)10>
 .rodata._ZTV7TwoWire
                0x008002fc       0x14 C:\dev\eclipse_avr\ArduLibs\328P_16MHZ\libArduLibs.a(Wire.o)
                0x008002fc                vtable for TwoWire
 .rodata._ZTV14HardwareSerial
                0x00800310       0x10 C:\dev\eclipse_avr\ArduCore\328P_16MHZ\libArduCore.a(HardwareSerial.o)
                0x00800310                vtable for HardwareSerial
 *(.gnu.linkonce.d*)
                0x00800320                . = ALIGN (0x2)
                0x00800320                _edata = .
                0x00800320                PROVIDE (__data_end, .)

.bss            0x00800320      0x44c
                0x00800320                PROVIDE (__bss_start, .)
 *(.bss)
 *(.bss*)
 .bss._ZN9SonarBase12currentSonarE
                0x00800320        0x2 ./src/HC_SR04.o
                0x00800320                SonarBase::currentSonar
 .bss.appData   0x00800322      0x252 ./src/arduinoMain.o
                0x00800322                appData
 .bss.reportDelay
                0x00800574        0xc ./src/arduinoMain.o
                0x00800574                reportDelay
 .bss.info      0x00800580        0x6 ./src/arduinoMain.o
                0x00800580                info
 .bss.twiRequestProcessed
                0x00800586        0x1 ./src/arduinoMain.o
                0x00800586                twiRequestProcessed
 .bss.seed      0x00800587        0x4 ./src/fastRandom.o
                0x00800587                seed
 .bss.commandProcessor
                0x0080058b       0x64 ./src/serialCommands.o
                0x0080058b                commandProcessor
 .bss._ZN7TwoWire8rxBufferE
                0x008005ef       0x20 C:\dev\eclipse_avr\ArduLibs\328P_16MHZ\libArduLibs.a(Wire.o)
                0x008005ef                TwoWire::rxBuffer
 .bss._ZN7TwoWire13rxBufferIndexE
                0x0080060f        0x1 C:\dev\eclipse_avr\ArduLibs\328P_16MHZ\libArduLibs.a(Wire.o)
                0x0080060f                TwoWire::rxBufferIndex
 .bss._ZN7TwoWire14rxBufferLengthE
                0x00800610        0x1 C:\dev\eclipse_avr\ArduLibs\328P_16MHZ\libArduLibs.a(Wire.o)
                0x00800610                TwoWire::rxBufferLength
 .bss._ZN7TwoWire8txBufferE
                0x00800611       0x20 C:\dev\eclipse_avr\ArduLibs\328P_16MHZ\libArduLibs.a(Wire.o)
                0x00800611                TwoWire::txBuffer
 .bss._ZN7TwoWire13txBufferIndexE
                0x00800631        0x1 C:\dev\eclipse_avr\ArduLibs\328P_16MHZ\libArduLibs.a(Wire.o)
                0x00800631                TwoWire::txBufferIndex
 .bss._ZN7TwoWire14txBufferLengthE
                0x00800632        0x1 C:\dev\eclipse_avr\ArduLibs\328P_16MHZ\libArduLibs.a(Wire.o)
                0x00800632                TwoWire::txBufferLength
 .bss._ZN7TwoWire12transmittingE
                0x00800633        0x1 C:\dev\eclipse_avr\ArduLibs\328P_16MHZ\libArduLibs.a(Wire.o)
                0x00800633                TwoWire::transmitting
 .bss._ZN7TwoWire14user_onRequestE
                0x00800634        0x2 C:\dev\eclipse_avr\ArduLibs\328P_16MHZ\libArduLibs.a(Wire.o)
                0x00800634                TwoWire::user_onRequest
 .bss._ZN7TwoWire14user_onReceiveE
                0x00800636        0x2 C:\dev\eclipse_avr\ArduLibs\328P_16MHZ\libArduLibs.a(Wire.o)
                0x00800636                TwoWire::user_onReceive
 .bss.Wire      0x00800638        0xc C:\dev\eclipse_avr\ArduLibs\328P_16MHZ\libArduLibs.a(Wire.o)
                0x00800638                Wire
 .bss._ZL9twi_slarw
                0x00800644        0x1 C:\dev\eclipse_avr\ArduLibs\328P_16MHZ\libArduLibs.a(twi.o)
 .bss._ZL21twi_masterBufferIndex
                0x00800645        0x1 C:\dev\eclipse_avr\ArduLibs\328P_16MHZ\libArduLibs.a(twi.o)
 .bss._ZL22twi_masterBufferLength
                0x00800646        0x1 C:\dev\eclipse_avr\ArduLibs\328P_16MHZ\libArduLibs.a(twi.o)
 .bss._ZL16twi_masterBuffer
                0x00800647       0x20 C:\dev\eclipse_avr\ArduLibs\328P_16MHZ\libArduLibs.a(twi.o)
 .bss._ZL12twi_sendStop
                0x00800667        0x1 C:\dev\eclipse_avr\ArduLibs\328P_16MHZ\libArduLibs.a(twi.o)
 .bss._ZL14twi_inRepStart
                0x00800668        0x1 C:\dev\eclipse_avr\ArduLibs\328P_16MHZ\libArduLibs.a(twi.o)
 .bss._ZL9twi_state
                0x00800669        0x1 C:\dev\eclipse_avr\ArduLibs\328P_16MHZ\libArduLibs.a(twi.o)
 .bss._ZL9twi_error
                0x0080066a        0x1 C:\dev\eclipse_avr\ArduLibs\328P_16MHZ\libArduLibs.a(twi.o)
 .bss._ZL17twi_rxBufferIndex
                0x0080066b        0x1 C:\dev\eclipse_avr\ArduLibs\328P_16MHZ\libArduLibs.a(twi.o)
 .bss._ZL12twi_rxBuffer
                0x0080066c       0x20 C:\dev\eclipse_avr\ArduLibs\328P_16MHZ\libArduLibs.a(twi.o)
 .bss._ZL18twi_onSlaveReceive
                0x0080068c        0x2 C:\dev\eclipse_avr\ArduLibs\328P_16MHZ\libArduLibs.a(twi.o)
 .bss._ZL17twi_txBufferIndex
                0x0080068e        0x1 C:\dev\eclipse_avr\ArduLibs\328P_16MHZ\libArduLibs.a(twi.o)
 .bss._ZL18twi_txBufferLength
                0x0080068f        0x1 C:\dev\eclipse_avr\ArduLibs\328P_16MHZ\libArduLibs.a(twi.o)
 .bss._ZL19twi_onSlaveTransmit
                0x00800690        0x2 C:\dev\eclipse_avr\ArduLibs\328P_16MHZ\libArduLibs.a(twi.o)
 .bss._ZL12twi_txBuffer
                0x00800692       0x20 C:\dev\eclipse_avr\ArduLibs\328P_16MHZ\libArduLibs.a(twi.o)
 .bss._ZN15FrequencyTimer210onOverflowE
                0x008006b2        0x2 C:\dev\eclipse_avr\ArduLibs\328P_16MHZ\libArduLibs.a(FrequencyTimer2.o)
                0x008006b2                FrequencyTimer2::onOverflow
 .bss._ZN15FrequencyTimer27enabledE
                0x008006b4        0x1 C:\dev\eclipse_avr\ArduLibs\328P_16MHZ\libArduLibs.a(FrequencyTimer2.o)
                0x008006b4                FrequencyTimer2::enabled
 .bss.rx_buffer
                0x008006b5       0x44 C:\dev\eclipse_avr\ArduCore\328P_16MHZ\libArduCore.a(HardwareSerial.o)
                0x008006b5                rx_buffer
 .bss.tx_buffer
                0x008006f9       0x44 C:\dev\eclipse_avr\ArduCore\328P_16MHZ\libArduCore.a(HardwareSerial.o)
                0x008006f9                tx_buffer
 .bss.Serial    0x0080073d       0x22 C:\dev\eclipse_avr\ArduCore\328P_16MHZ\libArduCore.a(HardwareSerial.o)
                0x0080073d                Serial
 .bss.timer0_overflow_count
                0x0080075f        0x4 C:\dev\eclipse_avr\ArduCore\328P_16MHZ\libArduCore.a(wiring.o)
                0x0080075f                timer0_overflow_count
 .bss.timer0_millis
                0x00800763        0x4 C:\dev\eclipse_avr\ArduCore\328P_16MHZ\libArduCore.a(wiring.o)
                0x00800763                timer0_millis
 .bss.timer0_fract
                0x00800767        0x1 C:\dev\eclipse_avr\ArduCore\328P_16MHZ\libArduCore.a(wiring.o)
 *(COMMON)
 COMMON         0x00800768        0x4 C:\dev\eclipse_avr\ArduCore\328P_16MHZ\libArduCore.a(malloc.o)
                0x00800768                __brkval
                0x0080076a                __flp
                0x0080076c                PROVIDE (__bss_end, .)
                0x00005d6c                __data_load_start = LOADADDR (.data)
                0x00005f8c                __data_load_end = (__data_load_start + SIZEOF (.data))

.noinit         0x0080076c        0x0
                0x0080076c                PROVIDE (__noinit_start, .)
 *(.noinit*)
                0x0080076c                PROVIDE (__noinit_end, .)
                0x0080076c                _end = .
                0x0080076c                PROVIDE (__heap_start, .)

.eeprom         0x00810000        0x0
 *(.eeprom*)
                0x00810000                __eeprom_end = .

.fuse
 *(.fuse)
 *(.lfuse)
 *(.hfuse)
 *(.efuse)

.lock
 *(.lock*)

.signature
 *(.signature*)

.stab
 *(.stab)

.stabstr
 *(.stabstr)

.stab.excl
 *(.stab.excl)

.stab.exclstr
 *(.stab.exclstr)

.stab.index
 *(.stab.index)

.stab.indexstr
 *(.stab.indexstr)

.comment
 *(.comment)

.debug
 *(.debug)

.line
 *(.line)

.debug_srcinfo
 *(.debug_srcinfo)

.debug_sfnames
 *(.debug_sfnames)

.debug_aranges
 *(.debug_aranges)

.debug_pubnames
 *(.debug_pubnames)

.debug_info
 *(.debug_info)
 *(.gnu.linkonce.wi.*)

.debug_abbrev
 *(.debug_abbrev)

.debug_line
 *(.debug_line)

.debug_frame
 *(.debug_frame)

.debug_str
 *(.debug_str)

.debug_loc
 *(.debug_loc)

.debug_macinfo
 *(.debug_macinfo)
OUTPUT(dead_reckoning.elf elf32-avr)
LOAD linker stubs

Cross Reference Table

Symbol                                            File
AppData::GetAcc(Vector3D&)                        ./src/arduinoMain.o
AppData::GetGyro(Vector3D&)                       ./src/arduinoMain.o
AppData::GetMag(Vector3D&)                        ./src/arduinoMain.o
AppData::SetupIMU()                               ./src/arduinoMain.o
AppData::updateIMU()                              ./src/arduinoMain.o
AppData::updateParticleFilter()                   ./src/arduinoMain.o
AppData::updateSonar()                            ./src/arduinoMain.o
AppData::writeReg(int, int, int)                  ./src/arduinoMain.o
CircleSegment::distance(float, float, float)      ./src/arduinoMain.o
FrequencyTimer2::disable()                        C:\dev\eclipse_avr\ArduLibs\328P_16MHZ\libArduLibs.a(FrequencyTimer2.o)
FrequencyTimer2::enable()                         C:\dev\eclipse_avr\ArduLibs\328P_16MHZ\libArduLibs.a(FrequencyTimer2.o)
FrequencyTimer2::enabled                          C:\dev\eclipse_avr\ArduLibs\328P_16MHZ\libArduLibs.a(FrequencyTimer2.o)
FrequencyTimer2::getPeriod()                      C:\dev\eclipse_avr\ArduLibs\328P_16MHZ\libArduLibs.a(FrequencyTimer2.o)
FrequencyTimer2::onOverflow                       C:\dev\eclipse_avr\ArduLibs\328P_16MHZ\libArduLibs.a(FrequencyTimer2.o)
FrequencyTimer2::setOnOverflow(void (*)())        C:\dev\eclipse_avr\ArduLibs\328P_16MHZ\libArduLibs.a(FrequencyTimer2.o)
                                                  ./src/HC_SR04.o
FrequencyTimer2::setPeriod(unsigned long)         C:\dev\eclipse_avr\ArduLibs\328P_16MHZ\libArduLibs.a(FrequencyTimer2.o)
                                                  ./src/HC_SR04.o
HC_SR04<(unsigned char)9, (unsigned char)10>::setup() ./src/arduinoMain.o
HC_SR04<(unsigned char)9, (unsigned char)10>::update() ./src/arduinoMain.o
HC_SR04<(unsigned char)9, (unsigned char)10>::~HC_SR04() ./src/arduinoMain.o
HC_SR04<(unsigned char)9, (unsigned char)10>::~HC_SR04() ./src/arduinoMain.o
HardwareSerial::HardwareSerial(ring_buffer*, ring_buffer*, unsigned char volatile*, unsigned char volatile*, unsigned char volatile*, unsigned char volatile*, unsigned char volatile*, unsigned char volatile*, unsigned char, unsigned char, unsigned char, unsigned char, unsigned char) C:\dev\eclipse_avr\ArduCore\328P_16MHZ\libArduCore.a(HardwareSerial.o)
HardwareSerial::HardwareSerial(ring_buffer*, ring_buffer*, unsigned char volatile*, unsigned char volatile*, unsigned char volatile*, unsigned char volatile*, unsigned char volatile*, unsigned char volatile*, unsigned char, unsigned char, unsigned char, unsigned char, unsigned char) C:\dev\eclipse_avr\ArduCore\328P_16MHZ\libArduCore.a(HardwareSerial.o)
HardwareSerial::available()                       C:\dev\eclipse_avr\ArduCore\328P_16MHZ\libArduCore.a(HardwareSerial.o)
                                                  ./src/serialCommands.o
HardwareSerial::begin(unsigned long)              C:\dev\eclipse_avr\ArduCore\328P_16MHZ\libArduCore.a(HardwareSerial.o)
                                                  ./src/arduinoMain.o
HardwareSerial::begin(unsigned long, unsigned char) C:\dev\eclipse_avr\ArduCore\328P_16MHZ\libArduCore.a(HardwareSerial.o)
HardwareSerial::end()                             C:\dev\eclipse_avr\ArduCore\328P_16MHZ\libArduCore.a(HardwareSerial.o)
HardwareSerial::flush()                           C:\dev\eclipse_avr\ArduCore\328P_16MHZ\libArduCore.a(HardwareSerial.o)
HardwareSerial::operator bool()                   C:\dev\eclipse_avr\ArduCore\328P_16MHZ\libArduCore.a(HardwareSerial.o)
HardwareSerial::peek()                            C:\dev\eclipse_avr\ArduCore\328P_16MHZ\libArduCore.a(HardwareSerial.o)
HardwareSerial::read()                            C:\dev\eclipse_avr\ArduCore\328P_16MHZ\libArduCore.a(HardwareSerial.o)
                                                  ./src/serialCommands.o
HardwareSerial::write(unsigned char)              C:\dev\eclipse_avr\ArduCore\328P_16MHZ\libArduCore.a(HardwareSerial.o)
HorizontalSegment::distance(float, float, float)  ./src/arduinoMain.o
Particle::Particle()                              ./src/arduinoMain.o
Particle::gausianish()                            ./src/arduinoMain.o
Particle::randomize(WorldMap*)                    ./src/arduinoMain.o
Print::print(Printable const&)                    C:\dev\eclipse_avr\ArduCore\328P_16MHZ\libArduCore.a(Print.o)
Print::print(String const&)                       C:\dev\eclipse_avr\ArduCore\328P_16MHZ\libArduCore.a(Print.o)
Print::print(__FlashStringHelper const*)          C:\dev\eclipse_avr\ArduCore\328P_16MHZ\libArduCore.a(Print.o)
Print::print(char const*)                         C:\dev\eclipse_avr\ArduCore\328P_16MHZ\libArduCore.a(Print.o)
                                                  ./src/serialCommands.o
                                                  ./src/rambamIMU.o
                                                  ./src/arduinoMain.o
Print::print(char)                                C:\dev\eclipse_avr\ArduCore\328P_16MHZ\libArduCore.a(Print.o)
                                                  ./src/serialCommands.o
Print::print(double, int)                         C:\dev\eclipse_avr\ArduCore\328P_16MHZ\libArduCore.a(Print.o)
                                                  ./src/serialCommands.o
                                                  ./src/rambamIMU.o
                                                  ./src/arduinoMain.o
Print::print(int, int)                            C:\dev\eclipse_avr\ArduCore\328P_16MHZ\libArduCore.a(Print.o)
                                                  ./src/serialCommands.o
                                                  ./src/arduinoMain.o
Print::print(long, int)                           C:\dev\eclipse_avr\ArduCore\328P_16MHZ\libArduCore.a(Print.o)
                                                  ./src/serialCommands.o
Print::print(unsigned char, int)                  C:\dev\eclipse_avr\ArduCore\328P_16MHZ\libArduCore.a(Print.o)
                                                  ./src/serialCommands.o
Print::print(unsigned int, int)                   C:\dev\eclipse_avr\ArduCore\328P_16MHZ\libArduCore.a(Print.o)
Print::print(unsigned long, int)                  C:\dev\eclipse_avr\ArduCore\328P_16MHZ\libArduCore.a(Print.o)
Print::printFloat(double, unsigned char)          C:\dev\eclipse_avr\ArduCore\328P_16MHZ\libArduCore.a(Print.o)
Print::printNumber(unsigned long, unsigned char)  C:\dev\eclipse_avr\ArduCore\328P_16MHZ\libArduCore.a(Print.o)
Print::println()                                  C:\dev\eclipse_avr\ArduCore\328P_16MHZ\libArduCore.a(Print.o)
Print::println(Printable const&)                  C:\dev\eclipse_avr\ArduCore\328P_16MHZ\libArduCore.a(Print.o)
Print::println(String const&)                     C:\dev\eclipse_avr\ArduCore\328P_16MHZ\libArduCore.a(Print.o)
Print::println(__FlashStringHelper const*)        C:\dev\eclipse_avr\ArduCore\328P_16MHZ\libArduCore.a(Print.o)
                                                  ./src/serialCommands.o
Print::println(char const*)                       C:\dev\eclipse_avr\ArduCore\328P_16MHZ\libArduCore.a(Print.o)
                                                  ./src/serialCommands.o
                                                  ./src/rambamIMU.o
                                                  ./src/arduinoMain.o
Print::println(char)                              C:\dev\eclipse_avr\ArduCore\328P_16MHZ\libArduCore.a(Print.o)
Print::println(double, int)                       C:\dev\eclipse_avr\ArduCore\328P_16MHZ\libArduCore.a(Print.o)
                                                  ./src/serialCommands.o
                                                  ./src/arduinoMain.o
Print::println(int, int)                          C:\dev\eclipse_avr\ArduCore\328P_16MHZ\libArduCore.a(Print.o)
                                                  ./src/serialCommands.o
                                                  ./src/arduinoMain.o
Print::println(long, int)                         C:\dev\eclipse_avr\ArduCore\328P_16MHZ\libArduCore.a(Print.o)
Print::println(unsigned char, int)                C:\dev\eclipse_avr\ArduCore\328P_16MHZ\libArduCore.a(Print.o)
Print::println(unsigned int, int)                 C:\dev\eclipse_avr\ArduCore\328P_16MHZ\libArduCore.a(Print.o)
Print::println(unsigned long, int)                C:\dev\eclipse_avr\ArduCore\328P_16MHZ\libArduCore.a(Print.o)
                                                  ./src/serialCommands.o
Print::write(char const*)                         C:\dev\eclipse_avr\ArduCore\328P_16MHZ\libArduCore.a(Print.o)
Print::write(unsigned char const*, unsigned int)  C:\dev\eclipse_avr\ArduCore\328P_16MHZ\libArduCore.a(Print.o)
                                                  C:\dev\eclipse_avr\ArduCore\328P_16MHZ\libArduCore.a(HardwareSerial.o)
                                                  C:\dev\eclipse_avr\ArduLibs\328P_16MHZ\libArduLibs.a(Wire.o)
RambamIMU::AHRSupdate()                           ./src/rambamIMU.o
RambamIMU::GetAcc()                               ./src/rambamIMU.o
RambamIMU::GetEuler()                             ./src/rambamIMU.o
RambamIMU::GetGyro()                              ./src/rambamIMU.o
RambamIMU::GetMag()                               ./src/rambamIMU.o
RambamIMU::Init()                                 ./src/rambamIMU.o
RambamIMU::fastAtan2(float, float)                ./src/rambamIMU.o
RambamIMU::invSqrt(float)                         ./src/rambamIMU.o
RambamIMU::loop()                                 ./src/rambamIMU.o
RambamIMU::print()                                ./src/rambamIMU.o
RambamIMU::setup()                                ./src/rambamIMU.o
RambamIMU::writeReg(int, int, int)                ./src/rambamIMU.o
Serial                                            C:\dev\eclipse_avr\ArduCore\328P_16MHZ\libArduCore.a(HardwareSerial.o)
                                                  ./src/serialCommands.o
                                                  ./src/rambamIMU.o
                                                  ./src/arduinoMain.o
SerialCommand::SerialCommand(SerialCommandCallback*, char) C:\dev\eclipse_avr\ArduLibs\328P_16MHZ\libArduLibs.a(cmdprocessor.o)
                                                  ./src/serialCommands.o
SerialCommand::SerialCommand(SerialCommandCallback*, char) C:\dev\eclipse_avr\ArduLibs\328P_16MHZ\libArduLibs.a(cmdprocessor.o)
SerialCommand::clearBuffer()                      C:\dev\eclipse_avr\ArduLibs\328P_16MHZ\libArduLibs.a(cmdprocessor.o)
SerialCommand::next()                             C:\dev\eclipse_avr\ArduLibs\328P_16MHZ\libArduLibs.a(cmdprocessor.o)
SerialCommand::onCmdEnd(char*, char*)             C:\dev\eclipse_avr\ArduLibs\328P_16MHZ\libArduLibs.a(cmdprocessor.o)
SerialCommand::onCmdlineComplete(char*, char*)    C:\dev\eclipse_avr\ArduLibs\328P_16MHZ\libArduLibs.a(cmdprocessor.o)
SerialCommand::parseBuffer()                      C:\dev\eclipse_avr\ArduLibs\328P_16MHZ\libArduLibs.a(cmdprocessor.o)
SerialCommand::processNumberend(char*, char*)     C:\dev\eclipse_avr\ArduLibs\328P_16MHZ\libArduLibs.a(cmdprocessor.o)
SerialCommand::setDefaultHandler(void (*)(char const*)) C:\dev\eclipse_avr\ArduLibs\328P_16MHZ\libArduLibs.a(cmdprocessor.o)
                                                  ./src/serialCommands.o
SerialCommand::update(char)                       C:\dev\eclipse_avr\ArduLibs\328P_16MHZ\libArduLibs.a(cmdprocessor.o)
                                                  ./src/serialCommands.o
SonarBase::activate()                             ./src/HC_SR04.o
SonarBase::currentSonar                           ./src/HC_SR04.o
SonarBase::getRawDistance()                       ./src/HC_SR04.o
SonarBase::onSonarUpdate()                        ./src/HC_SR04.o
SonarBase::setup()                                ./src/HC_SR04.o
                                                  ./src/arduinoMain.o
SonarBase::sonarTimer                             ./src/HC_SR04.o
SonarBase::~SonarBase()                           ./src/HC_SR04.o
SonarBase::~SonarBase()                           ./src/HC_SR04.o
StopwatchMicroseconds::timeout(bool)              ./src/arduinoMain.o
String::String(String const&)                     C:\dev\eclipse_avr\ArduCore\328P_16MHZ\libArduCore.a(WString.o)
String::String(String const&)                     C:\dev\eclipse_avr\ArduCore\328P_16MHZ\libArduCore.a(WString.o)
String::String(char const*)                       C:\dev\eclipse_avr\ArduCore\328P_16MHZ\libArduCore.a(WString.o)
String::String(char const*)                       C:\dev\eclipse_avr\ArduCore\328P_16MHZ\libArduCore.a(WString.o)
String::String(char)                              C:\dev\eclipse_avr\ArduCore\328P_16MHZ\libArduCore.a(WString.o)
String::String(char)                              C:\dev\eclipse_avr\ArduCore\328P_16MHZ\libArduCore.a(WString.o)
String::String(int, unsigned char)                C:\dev\eclipse_avr\ArduCore\328P_16MHZ\libArduCore.a(WString.o)
String::String(int, unsigned char)                C:\dev\eclipse_avr\ArduCore\328P_16MHZ\libArduCore.a(WString.o)
String::String(long, unsigned char)               C:\dev\eclipse_avr\ArduCore\328P_16MHZ\libArduCore.a(WString.o)
String::String(long, unsigned char)               C:\dev\eclipse_avr\ArduCore\328P_16MHZ\libArduCore.a(WString.o)
String::String(unsigned char, unsigned char)      C:\dev\eclipse_avr\ArduCore\328P_16MHZ\libArduCore.a(WString.o)
String::String(unsigned char, unsigned char)      C:\dev\eclipse_avr\ArduCore\328P_16MHZ\libArduCore.a(WString.o)
String::String(unsigned int, unsigned char)       C:\dev\eclipse_avr\ArduCore\328P_16MHZ\libArduCore.a(WString.o)
String::String(unsigned int, unsigned char)       C:\dev\eclipse_avr\ArduCore\328P_16MHZ\libArduCore.a(WString.o)
String::String(unsigned long, unsigned char)      C:\dev\eclipse_avr\ArduCore\328P_16MHZ\libArduCore.a(WString.o)
String::String(unsigned long, unsigned char)      C:\dev\eclipse_avr\ArduCore\328P_16MHZ\libArduCore.a(WString.o)
String::changeBuffer(unsigned int)                C:\dev\eclipse_avr\ArduCore\328P_16MHZ\libArduCore.a(WString.o)
String::charAt(unsigned int) const                C:\dev\eclipse_avr\ArduCore\328P_16MHZ\libArduCore.a(WString.o)
String::compareTo(String const&) const            C:\dev\eclipse_avr\ArduCore\328P_16MHZ\libArduCore.a(WString.o)
String::concat(String const&)                     C:\dev\eclipse_avr\ArduCore\328P_16MHZ\libArduCore.a(WString.o)
String::concat(char const*)                       C:\dev\eclipse_avr\ArduCore\328P_16MHZ\libArduCore.a(WString.o)
String::concat(char const*, unsigned int)         C:\dev\eclipse_avr\ArduCore\328P_16MHZ\libArduCore.a(WString.o)
String::concat(char)                              C:\dev\eclipse_avr\ArduCore\328P_16MHZ\libArduCore.a(WString.o)
String::concat(int)                               C:\dev\eclipse_avr\ArduCore\328P_16MHZ\libArduCore.a(WString.o)
String::concat(long)                              C:\dev\eclipse_avr\ArduCore\328P_16MHZ\libArduCore.a(WString.o)
String::concat(unsigned char)                     C:\dev\eclipse_avr\ArduCore\328P_16MHZ\libArduCore.a(WString.o)
String::concat(unsigned int)                      C:\dev\eclipse_avr\ArduCore\328P_16MHZ\libArduCore.a(WString.o)
String::concat(unsigned long)                     C:\dev\eclipse_avr\ArduCore\328P_16MHZ\libArduCore.a(WString.o)
String::copy(char const*, unsigned int)           C:\dev\eclipse_avr\ArduCore\328P_16MHZ\libArduCore.a(WString.o)
String::endsWith(String const&) const             C:\dev\eclipse_avr\ArduCore\328P_16MHZ\libArduCore.a(WString.o)
String::equals(String const&) const               C:\dev\eclipse_avr\ArduCore\328P_16MHZ\libArduCore.a(WString.o)
String::equals(char const*) const                 C:\dev\eclipse_avr\ArduCore\328P_16MHZ\libArduCore.a(WString.o)
String::equalsIgnoreCase(String const&) const     C:\dev\eclipse_avr\ArduCore\328P_16MHZ\libArduCore.a(WString.o)
String::getBytes(unsigned char*, unsigned int, unsigned int) const C:\dev\eclipse_avr\ArduCore\328P_16MHZ\libArduCore.a(WString.o)
String::indexOf(String const&) const              C:\dev\eclipse_avr\ArduCore\328P_16MHZ\libArduCore.a(WString.o)
String::indexOf(String const&, unsigned int) const C:\dev\eclipse_avr\ArduCore\328P_16MHZ\libArduCore.a(WString.o)
String::indexOf(char) const                       C:\dev\eclipse_avr\ArduCore\328P_16MHZ\libArduCore.a(WString.o)
String::indexOf(char, unsigned int) const         C:\dev\eclipse_avr\ArduCore\328P_16MHZ\libArduCore.a(WString.o)
String::invalidate()                              C:\dev\eclipse_avr\ArduCore\328P_16MHZ\libArduCore.a(WString.o)
String::lastIndexOf(String const&) const          C:\dev\eclipse_avr\ArduCore\328P_16MHZ\libArduCore.a(WString.o)
String::lastIndexOf(String const&, unsigned int) const C:\dev\eclipse_avr\ArduCore\328P_16MHZ\libArduCore.a(WString.o)
String::lastIndexOf(char) const                   C:\dev\eclipse_avr\ArduCore\328P_16MHZ\libArduCore.a(WString.o)
String::lastIndexOf(char, unsigned int) const     C:\dev\eclipse_avr\ArduCore\328P_16MHZ\libArduCore.a(WString.o)
String::operator<(String const&) const            C:\dev\eclipse_avr\ArduCore\328P_16MHZ\libArduCore.a(WString.o)
String::operator<=(String const&) const           C:\dev\eclipse_avr\ArduCore\328P_16MHZ\libArduCore.a(WString.o)
String::operator=(String const&)                  C:\dev\eclipse_avr\ArduCore\328P_16MHZ\libArduCore.a(WString.o)
String::operator=(char const*)                    C:\dev\eclipse_avr\ArduCore\328P_16MHZ\libArduCore.a(WString.o)
String::operator>(String const&) const            C:\dev\eclipse_avr\ArduCore\328P_16MHZ\libArduCore.a(WString.o)
String::operator>=(String const&) const           C:\dev\eclipse_avr\ArduCore\328P_16MHZ\libArduCore.a(WString.o)
String::operator[](unsigned int)                  C:\dev\eclipse_avr\ArduCore\328P_16MHZ\libArduCore.a(WString.o)
String::operator[](unsigned int) const            C:\dev\eclipse_avr\ArduCore\328P_16MHZ\libArduCore.a(WString.o)
                                                  C:\dev\eclipse_avr\ArduCore\328P_16MHZ\libArduCore.a(Print.o)
String::replace(String const&, String const&)     C:\dev\eclipse_avr\ArduCore\328P_16MHZ\libArduCore.a(WString.o)
String::replace(char, char)                       C:\dev\eclipse_avr\ArduCore\328P_16MHZ\libArduCore.a(WString.o)
String::reserve(unsigned int)                     C:\dev\eclipse_avr\ArduCore\328P_16MHZ\libArduCore.a(WString.o)
String::setCharAt(unsigned int, char)             C:\dev\eclipse_avr\ArduCore\328P_16MHZ\libArduCore.a(WString.o)
String::startsWith(String const&) const           C:\dev\eclipse_avr\ArduCore\328P_16MHZ\libArduCore.a(WString.o)
String::startsWith(String const&, unsigned int) const C:\dev\eclipse_avr\ArduCore\328P_16MHZ\libArduCore.a(WString.o)
String::substring(unsigned int) const             C:\dev\eclipse_avr\ArduCore\328P_16MHZ\libArduCore.a(WString.o)
String::substring(unsigned int, unsigned int) const C:\dev\eclipse_avr\ArduCore\328P_16MHZ\libArduCore.a(WString.o)
String::toInt() const                             C:\dev\eclipse_avr\ArduCore\328P_16MHZ\libArduCore.a(WString.o)
String::toLowerCase()                             C:\dev\eclipse_avr\ArduCore\328P_16MHZ\libArduCore.a(WString.o)
String::toUpperCase()                             C:\dev\eclipse_avr\ArduCore\328P_16MHZ\libArduCore.a(WString.o)
String::trim()                                    C:\dev\eclipse_avr\ArduCore\328P_16MHZ\libArduCore.a(WString.o)
String::~String()                                 C:\dev\eclipse_avr\ArduCore\328P_16MHZ\libArduCore.a(WString.o)
String::~String()                                 C:\dev\eclipse_avr\ArduCore\328P_16MHZ\libArduCore.a(WString.o)
TwoWire::TwoWire()                                C:\dev\eclipse_avr\ArduLibs\328P_16MHZ\libArduLibs.a(Wire.o)
TwoWire::TwoWire()                                C:\dev\eclipse_avr\ArduLibs\328P_16MHZ\libArduLibs.a(Wire.o)
TwoWire::available()                              C:\dev\eclipse_avr\ArduLibs\328P_16MHZ\libArduLibs.a(Wire.o)
TwoWire::begin()                                  C:\dev\eclipse_avr\ArduLibs\328P_16MHZ\libArduLibs.a(Wire.o)
TwoWire::begin(int)                               C:\dev\eclipse_avr\ArduLibs\328P_16MHZ\libArduLibs.a(Wire.o)
                                                  ./src/arduinoMain.o
TwoWire::begin(unsigned char)                     C:\dev\eclipse_avr\ArduLibs\328P_16MHZ\libArduLibs.a(Wire.o)
TwoWire::beginTransmission(int)                   C:\dev\eclipse_avr\ArduLibs\328P_16MHZ\libArduLibs.a(Wire.o)
                                                  ./src/rambamIMU.o
TwoWire::beginTransmission(unsigned char)         C:\dev\eclipse_avr\ArduLibs\328P_16MHZ\libArduLibs.a(Wire.o)
TwoWire::endTransmission()                        C:\dev\eclipse_avr\ArduLibs\328P_16MHZ\libArduLibs.a(Wire.o)
                                                  ./src/rambamIMU.o
TwoWire::endTransmission(unsigned char)           C:\dev\eclipse_avr\ArduLibs\328P_16MHZ\libArduLibs.a(Wire.o)
TwoWire::flush()                                  C:\dev\eclipse_avr\ArduLibs\328P_16MHZ\libArduLibs.a(Wire.o)
TwoWire::onReceive(void (*)(int))                 C:\dev\eclipse_avr\ArduLibs\328P_16MHZ\libArduLibs.a(Wire.o)
TwoWire::onReceiveService(unsigned char*, int)    C:\dev\eclipse_avr\ArduLibs\328P_16MHZ\libArduLibs.a(Wire.o)
TwoWire::onRequest(void (*)())                    C:\dev\eclipse_avr\ArduLibs\328P_16MHZ\libArduLibs.a(Wire.o)
                                                  ./src/arduinoMain.o
TwoWire::onRequestService()                       C:\dev\eclipse_avr\ArduLibs\328P_16MHZ\libArduLibs.a(Wire.o)
TwoWire::peek()                                   C:\dev\eclipse_avr\ArduLibs\328P_16MHZ\libArduLibs.a(Wire.o)
TwoWire::read()                                   C:\dev\eclipse_avr\ArduLibs\328P_16MHZ\libArduLibs.a(Wire.o)
                                                  ./src/rambamIMU.o
TwoWire::requestFrom(int, int)                    C:\dev\eclipse_avr\ArduLibs\328P_16MHZ\libArduLibs.a(Wire.o)
                                                  ./src/rambamIMU.o
TwoWire::requestFrom(int, int, int)               C:\dev\eclipse_avr\ArduLibs\328P_16MHZ\libArduLibs.a(Wire.o)
TwoWire::requestFrom(unsigned char, unsigned char) C:\dev\eclipse_avr\ArduLibs\328P_16MHZ\libArduLibs.a(Wire.o)
TwoWire::requestFrom(unsigned char, unsigned char, unsigned char) C:\dev\eclipse_avr\ArduLibs\328P_16MHZ\libArduLibs.a(Wire.o)
TwoWire::rxBuffer                                 C:\dev\eclipse_avr\ArduLibs\328P_16MHZ\libArduLibs.a(Wire.o)
TwoWire::rxBufferIndex                            C:\dev\eclipse_avr\ArduLibs\328P_16MHZ\libArduLibs.a(Wire.o)
TwoWire::rxBufferLength                           C:\dev\eclipse_avr\ArduLibs\328P_16MHZ\libArduLibs.a(Wire.o)
TwoWire::transmitting                             C:\dev\eclipse_avr\ArduLibs\328P_16MHZ\libArduLibs.a(Wire.o)
TwoWire::txAddress                                C:\dev\eclipse_avr\ArduLibs\328P_16MHZ\libArduLibs.a(Wire.o)
TwoWire::txBuffer                                 C:\dev\eclipse_avr\ArduLibs\328P_16MHZ\libArduLibs.a(Wire.o)
TwoWire::txBufferIndex                            C:\dev\eclipse_avr\ArduLibs\328P_16MHZ\libArduLibs.a(Wire.o)
TwoWire::txBufferLength                           C:\dev\eclipse_avr\ArduLibs\328P_16MHZ\libArduLibs.a(Wire.o)
TwoWire::user_onReceive                           C:\dev\eclipse_avr\ArduLibs\328P_16MHZ\libArduLibs.a(Wire.o)
TwoWire::user_onRequest                           C:\dev\eclipse_avr\ArduLibs\328P_16MHZ\libArduLibs.a(Wire.o)
TwoWire::write(unsigned char const*, unsigned int) C:\dev\eclipse_avr\ArduLibs\328P_16MHZ\libArduLibs.a(Wire.o)
                                                  ./src/arduinoMain.o
TwoWire::write(unsigned char)                     C:\dev\eclipse_avr\ArduLibs\328P_16MHZ\libArduLibs.a(Wire.o)
                                                  ./src/rambamIMU.o
TwoWire::~TwoWire()                               C:\dev\eclipse_avr\ArduLibs\328P_16MHZ\libArduLibs.a(Wire.o)
TwoWire::~TwoWire()                               C:\dev\eclipse_avr\ArduLibs\328P_16MHZ\libArduLibs.a(Wire.o)
Vector3D::log(char const*)                        ./src/arduinoMain.o
VerticalSegment::distance(float, float, float)    ./src/arduinoMain.o
Wire                                              C:\dev\eclipse_avr\ArduLibs\328P_16MHZ\libArduLibs.a(Wire.o)
                                                  ./src/rambamIMU.o
                                                  ./src/arduinoMain.o
WorldMap::closestLine(float, float)               ./src/arduinoMain.o
_KALMAN<float>::update(float)                     ./src/rambamIMU.o
__addsf3                                          c:/users/danny/dev/arduino-1.0.5-r2/hardware/tools/avr/bin/../lib/gcc/avr/4.3.2/../../../../avr/lib/avr5\libm.a(addsf3.o)
                                                  c:/users/danny/dev/arduino-1.0.5-r2/hardware/tools/avr/bin/../lib/gcc/avr/4.3.2/../../../../avr/lib/avr5\libm.a(atan2.o)
                                                  C:\dev\eclipse_avr\ArduCore\328P_16MHZ\libArduCore.a(Print.o)
                                                  ./src/rambamIMU.o
                                                  ./src/arduinoMain.o
__addsf3x                                         c:/users/danny/dev/arduino-1.0.5-r2/hardware/tools/avr/bin/../lib/gcc/avr/4.3.2/../../../../avr/lib/avr5\libm.a(addsf3x.o)
                                                  c:/users/danny/dev/arduino-1.0.5-r2/hardware/tools/avr/bin/../lib/gcc/avr/4.3.2/../../../../avr/lib/avr5\libm.a(fp_sinus.o)
                                                  c:/users/danny/dev/arduino-1.0.5-r2/hardware/tools/avr/bin/../lib/gcc/avr/4.3.2/../../../../avr/lib/avr5\libm.a(fp_powser.o)
                                                  c:/users/danny/dev/arduino-1.0.5-r2/hardware/tools/avr/bin/../lib/gcc/avr/4.3.2/../../../../avr/lib/avr5\libm.a(atan.o)
                                                  c:/users/danny/dev/arduino-1.0.5-r2/hardware/tools/avr/bin/../lib/gcc/avr/4.3.2/../../../../avr/lib/avr5\libm.a(asin.o)
                                                  c:/users/danny/dev/arduino-1.0.5-r2/hardware/tools/avr/bin/../lib/gcc/avr/4.3.2/../../../../avr/lib/avr5\libm.a(addsf3.o)
__bad_interrupt                                   c:/users/danny/dev/arduino-1.0.5-r2/hardware/tools/avr/bin/../lib/gcc/avr/4.3.2/../../../../avr/lib/avr5/crtm328p.o
__brkval                                          C:\dev\eclipse_avr\ArduCore\328P_16MHZ\libArduCore.a(realloc.o)
                                                  C:\dev\eclipse_avr\ArduCore\328P_16MHZ\libArduCore.a(malloc.o)
__bss_end                                         c:/users/danny/dev/arduino-1.0.5-r2/hardware/tools/avr/bin/../lib/gcc/avr/4.3.2/avr5\libgcc.a(_clear_bss.o)
__bss_start                                       c:/users/danny/dev/arduino-1.0.5-r2/hardware/tools/avr/bin/../lib/gcc/avr/4.3.2/avr5\libgcc.a(_clear_bss.o)
__cmpsf2                                          c:/users/danny/dev/arduino-1.0.5-r2/hardware/tools/avr/bin/../lib/gcc/avr/4.3.2/../../../../avr/lib/avr5\libm.a(cmpsf2.o)
__ctors_end                                       c:/users/danny/dev/arduino-1.0.5-r2/hardware/tools/avr/bin/../lib/gcc/avr/4.3.2/avr5\libgcc.a(_ctors.o)
__ctors_start                                     c:/users/danny/dev/arduino-1.0.5-r2/hardware/tools/avr/bin/../lib/gcc/avr/4.3.2/avr5\libgcc.a(_ctors.o)
__ctype_isfalse                                   c:/users/danny/dev/arduino-1.0.5-r2/hardware/tools/avr/bin/../lib/gcc/avr/4.3.2/../../../../avr/lib/avr5\libc.a(cty_isfalse.o)
                                                  c:/users/danny/dev/arduino-1.0.5-r2/hardware/tools/avr/bin/../lib/gcc/avr/4.3.2/../../../../avr/lib/avr5\libc.a(isspace.o)
                                                  c:/users/danny/dev/arduino-1.0.5-r2/hardware/tools/avr/bin/../lib/gcc/avr/4.3.2/../../../../avr/lib/avr5\libc.a(isprint.o)
__ctype_istrue                                    c:/users/danny/dev/arduino-1.0.5-r2/hardware/tools/avr/bin/../lib/gcc/avr/4.3.2/../../../../avr/lib/avr5\libc.a(cty_isfalse.o)
__cxa_guard_abort                                 ./src/main.o
__cxa_guard_acquire                               ./src/main.o
__cxa_guard_release                               ./src/main.o
__cxa_pure_virtual                                ./src/main.o
                                                  C:\dev\eclipse_avr\ArduCore\328P_16MHZ\libArduCore.a(Print.o)
                                                  C:\dev\eclipse_avr\ArduCore\328P_16MHZ\libArduCore.a(HardwareSerial.o)
                                                  C:\dev\eclipse_avr\ArduLibs\328P_16MHZ\libArduLibs.a(Wire.o)
                                                  ./src/arduinoMain.o
                                                  ./src/HC_SR04.o
__data_end                                        c:/users/danny/dev/arduino-1.0.5-r2/hardware/tools/avr/bin/../lib/gcc/avr/4.3.2/avr5\libgcc.a(_copy_data.o)
__data_load_start                                 c:/users/danny/dev/arduino-1.0.5-r2/hardware/tools/avr/bin/../lib/gcc/avr/4.3.2/avr5\libgcc.a(_copy_data.o)
__data_start                                      c:/users/danny/dev/arduino-1.0.5-r2/hardware/tools/avr/bin/../lib/gcc/avr/4.3.2/avr5\libgcc.a(_copy_data.o)
__divmodhi4                                       c:/users/danny/dev/arduino-1.0.5-r2/hardware/tools/avr/bin/../lib/gcc/avr/4.3.2/avr5\libgcc.a(_divmodhi4.o)
                                                  ./src/arduinoMain.o
__divmodsi4                                       c:/users/danny/dev/arduino-1.0.5-r2/hardware/tools/avr/bin/../lib/gcc/avr/4.3.2/avr5\libgcc.a(_divmodsi4.o)
                                                  c:/users/danny/dev/arduino-1.0.5-r2/hardware/tools/avr/bin/../lib/gcc/avr/4.3.2/../../../../avr/lib/avr5\libc.a(random.o)
                                                  C:\dev\eclipse_avr\ArduCore\328P_16MHZ\libArduCore.a(WMath.o)
                                                  ./src/fastRandom.o
                                                  ./src/arduinoMain.o
__divsf3                                          c:/users/danny/dev/arduino-1.0.5-r2/hardware/tools/avr/bin/../lib/gcc/avr/4.3.2/../../../../avr/lib/avr5\libm.a(divsf3.o)
                                                  c:/users/danny/dev/arduino-1.0.5-r2/hardware/tools/avr/bin/../lib/gcc/avr/4.3.2/../../../../avr/lib/avr5\libm.a(inverse.o)
                                                  C:\dev\eclipse_avr\ArduCore\328P_16MHZ\libArduCore.a(Print.o)
                                                  ./src/rambamIMU.o
                                                  ./src/arduinoMain.o
__divsf3_pse                                      c:/users/danny/dev/arduino-1.0.5-r2/hardware/tools/avr/bin/../lib/gcc/avr/4.3.2/../../../../avr/lib/avr5\libm.a(divsf3x.o)
                                                  c:/users/danny/dev/arduino-1.0.5-r2/hardware/tools/avr/bin/../lib/gcc/avr/4.3.2/../../../../avr/lib/avr5\libm.a(atan2.o)
__divsf3x                                         c:/users/danny/dev/arduino-1.0.5-r2/hardware/tools/avr/bin/../lib/gcc/avr/4.3.2/../../../../avr/lib/avr5\libm.a(divsf3x.o)
                                                  c:/users/danny/dev/arduino-1.0.5-r2/hardware/tools/avr/bin/../lib/gcc/avr/4.3.2/../../../../avr/lib/avr5\libm.a(divsf3.o)
__do_clear_bss                                    c:/users/danny/dev/arduino-1.0.5-r2/hardware/tools/avr/bin/../lib/gcc/avr/4.3.2/avr5\libgcc.a(_clear_bss.o)
                                                  c:/users/danny/dev/arduino-1.0.5-r2/hardware/tools/avr/bin/../lib/gcc/avr/4.3.2/../../../../avr/lib/avr5\libc.a(random.o)
                                                  C:\dev\eclipse_avr\ArduCore\328P_16MHZ\libArduCore.a(realloc.o)
                                                  C:\dev\eclipse_avr\ArduCore\328P_16MHZ\libArduCore.a(malloc.o)
                                                  C:\dev\eclipse_avr\ArduCore\328P_16MHZ\libArduCore.a(wiring_digital.o)
                                                  C:\dev\eclipse_avr\ArduCore\328P_16MHZ\libArduCore.a(wiring.o)
                                                  C:\dev\eclipse_avr\ArduCore\328P_16MHZ\libArduCore.a(main.o)
                                                  C:\dev\eclipse_avr\ArduCore\328P_16MHZ\libArduCore.a(WString.o)
                                                  C:\dev\eclipse_avr\ArduCore\328P_16MHZ\libArduCore.a(WMath.o)
                                                  C:\dev\eclipse_avr\ArduCore\328P_16MHZ\libArduCore.a(Print.o)
                                                  C:\dev\eclipse_avr\ArduCore\328P_16MHZ\libArduCore.a(HardwareSerial.o)
                                                  C:\dev\eclipse_avr\ArduLibs\328P_16MHZ\libArduLibs.a(cmdprocessor.o)
                                                  C:\dev\eclipse_avr\ArduLibs\328P_16MHZ\libArduLibs.a(FrequencyTimer2.o)
                                                  C:\dev\eclipse_avr\ArduLibs\328P_16MHZ\libArduLibs.a(twi.o)
                                                  C:\dev\eclipse_avr\ArduLibs\328P_16MHZ\libArduLibs.a(Wire.o)
                                                  ./src/softi2c.o
                                                  ./src/serialCommands.o
                                                  ./src/rambamIMU.o
                                                  ./src/main.o
                                                  ./src/fastRandom.o
                                                  ./src/arduinoMain.o
                                                  ./src/SoftI2CUtils.o
                                                  ./src/HC_SR04.o
__do_copy_data                                    c:/users/danny/dev/arduino-1.0.5-r2/hardware/tools/avr/bin/../lib/gcc/avr/4.3.2/avr5\libgcc.a(_copy_data.o)
                                                  c:/users/danny/dev/arduino-1.0.5-r2/hardware/tools/avr/bin/../lib/gcc/avr/4.3.2/../../../../avr/lib/avr5\libc.a(random.o)
                                                  C:\dev\eclipse_avr\ArduCore\328P_16MHZ\libArduCore.a(realloc.o)
                                                  C:\dev\eclipse_avr\ArduCore\328P_16MHZ\libArduCore.a(malloc.o)
                                                  C:\dev\eclipse_avr\ArduCore\328P_16MHZ\libArduCore.a(wiring_digital.o)
                                                  C:\dev\eclipse_avr\ArduCore\328P_16MHZ\libArduCore.a(wiring.o)
                                                  C:\dev\eclipse_avr\ArduCore\328P_16MHZ\libArduCore.a(main.o)
                                                  C:\dev\eclipse_avr\ArduCore\328P_16MHZ\libArduCore.a(WString.o)
                                                  C:\dev\eclipse_avr\ArduCore\328P_16MHZ\libArduCore.a(WMath.o)
                                                  C:\dev\eclipse_avr\ArduCore\328P_16MHZ\libArduCore.a(Print.o)
                                                  C:\dev\eclipse_avr\ArduCore\328P_16MHZ\libArduCore.a(HardwareSerial.o)
                                                  C:\dev\eclipse_avr\ArduLibs\328P_16MHZ\libArduLibs.a(cmdprocessor.o)
                                                  C:\dev\eclipse_avr\ArduLibs\328P_16MHZ\libArduLibs.a(FrequencyTimer2.o)
                                                  C:\dev\eclipse_avr\ArduLibs\328P_16MHZ\libArduLibs.a(twi.o)
                                                  C:\dev\eclipse_avr\ArduLibs\328P_16MHZ\libArduLibs.a(Wire.o)
                                                  ./src/softi2c.o
                                                  ./src/serialCommands.o
                                                  ./src/rambamIMU.o
                                                  ./src/main.o
                                                  ./src/fastRandom.o
                                                  ./src/arduinoMain.o
                                                  ./src/SoftI2CUtils.o
                                                  ./src/HC_SR04.o
__do_global_ctors                                 c:/users/danny/dev/arduino-1.0.5-r2/hardware/tools/avr/bin/../lib/gcc/avr/4.3.2/avr5\libgcc.a(_ctors.o)
                                                  C:\dev\eclipse_avr\ArduCore\328P_16MHZ\libArduCore.a(HardwareSerial.o)
                                                  C:\dev\eclipse_avr\ArduLibs\328P_16MHZ\libArduLibs.a(Wire.o)
                                                  ./src/serialCommands.o
                                                  ./src/arduinoMain.o
__do_global_dtors                                 c:/users/danny/dev/arduino-1.0.5-r2/hardware/tools/avr/bin/../lib/gcc/avr/4.3.2/avr5\libgcc.a(_dtors.o)
                                                  C:\dev\eclipse_avr\ArduLibs\328P_16MHZ\libArduLibs.a(Wire.o)
                                                  ./src/arduinoMain.o
__dtors_end                                       c:/users/danny/dev/arduino-1.0.5-r2/hardware/tools/avr/bin/../lib/gcc/avr/4.3.2/avr5\libgcc.a(_dtors.o)
__dtors_start                                     c:/users/danny/dev/arduino-1.0.5-r2/hardware/tools/avr/bin/../lib/gcc/avr/4.3.2/avr5\libgcc.a(_dtors.o)
__epilogue_restores__                             c:/users/danny/dev/arduino-1.0.5-r2/hardware/tools/avr/bin/../lib/gcc/avr/4.3.2/avr5\libgcc.a(_epilogue.o)
                                                  c:/users/danny/dev/arduino-1.0.5-r2/hardware/tools/avr/bin/../lib/gcc/avr/4.3.2/../../../../avr/lib/avr5\libc.a(random.o)
__eqsf2                                           c:/users/danny/dev/arduino-1.0.5-r2/hardware/tools/avr/bin/../lib/gcc/avr/4.3.2/../../../../avr/lib/avr5\libm.a(cmpsf2.o)
                                                  ./src/rambamIMU.o
__fixsfsi                                         c:/users/danny/dev/arduino-1.0.5-r2/hardware/tools/avr/bin/../lib/gcc/avr/4.3.2/../../../../avr/lib/avr5\libm.a(fixsfsi.o)
                                                  C:\dev\eclipse_avr\ArduCore\328P_16MHZ\libArduCore.a(Print.o)
                                                  ./src/arduinoMain.o
__fixunssfsi                                      c:/users/danny/dev/arduino-1.0.5-r2/hardware/tools/avr/bin/../lib/gcc/avr/4.3.2/../../../../avr/lib/avr5\libm.a(fixunssfsi.o)
                                                  c:/users/danny/dev/arduino-1.0.5-r2/hardware/tools/avr/bin/../lib/gcc/avr/4.3.2/../../../../avr/lib/avr5\libm.a(fixsfsi.o)
                                                  C:\dev\eclipse_avr\ArduCore\328P_16MHZ\libArduCore.a(Print.o)
                                                  ./src/arduinoMain.o
__floatsisf                                       c:/users/danny/dev/arduino-1.0.5-r2/hardware/tools/avr/bin/../lib/gcc/avr/4.3.2/../../../../avr/lib/avr5\libm.a(floatsisf.o)
                                                  C:\dev\eclipse_avr\ArduCore\328P_16MHZ\libArduCore.a(Print.o)
                                                  ./src/rambamIMU.o
                                                  ./src/fastRandom.o
                                                  ./src/arduinoMain.o
                                                  ./src/HC_SR04.o
__floatunsisf                                     c:/users/danny/dev/arduino-1.0.5-r2/hardware/tools/avr/bin/../lib/gcc/avr/4.3.2/../../../../avr/lib/avr5\libm.a(floatsisf.o)
                                                  C:\dev\eclipse_avr\ArduCore\328P_16MHZ\libArduCore.a(Print.o)
                                                  ./src/rambamIMU.o
                                                  ./src/arduinoMain.o
__flp                                             C:\dev\eclipse_avr\ArduCore\328P_16MHZ\libArduCore.a(realloc.o)
                                                  C:\dev\eclipse_avr\ArduCore\328P_16MHZ\libArduCore.a(malloc.o)
__fp_arccos                                       c:/users/danny/dev/arduino-1.0.5-r2/hardware/tools/avr/bin/../lib/gcc/avr/4.3.2/../../../../avr/lib/avr5\libm.a(fp_arccos.o)
                                                  c:/users/danny/dev/arduino-1.0.5-r2/hardware/tools/avr/bin/../lib/gcc/avr/4.3.2/../../../../avr/lib/avr5\libm.a(asin.o)
__fp_cmp                                          c:/users/danny/dev/arduino-1.0.5-r2/hardware/tools/avr/bin/../lib/gcc/avr/4.3.2/../../../../avr/lib/avr5\libm.a(fp_cmp.o)
                                                  c:/users/danny/dev/arduino-1.0.5-r2/hardware/tools/avr/bin/../lib/gcc/avr/4.3.2/../../../../avr/lib/avr5\libm.a(unordsf2.o)
                                                  c:/users/danny/dev/arduino-1.0.5-r2/hardware/tools/avr/bin/../lib/gcc/avr/4.3.2/../../../../avr/lib/avr5\libm.a(gesf2.o)
                                                  c:/users/danny/dev/arduino-1.0.5-r2/hardware/tools/avr/bin/../lib/gcc/avr/4.3.2/../../../../avr/lib/avr5\libm.a(cmpsf2.o)
__fp_inf                                          c:/users/danny/dev/arduino-1.0.5-r2/hardware/tools/avr/bin/../lib/gcc/avr/4.3.2/../../../../avr/lib/avr5\libm.a(fp_inf.o)
                                                  c:/users/danny/dev/arduino-1.0.5-r2/hardware/tools/avr/bin/../lib/gcc/avr/4.3.2/../../../../avr/lib/avr5\libm.a(mulsf3x.o)
                                                  c:/users/danny/dev/arduino-1.0.5-r2/hardware/tools/avr/bin/../lib/gcc/avr/4.3.2/../../../../avr/lib/avr5\libm.a(divsf3x.o)