Archive member included because of file (symbol)

C:\dev\eclipse_avr\ArduLibs\328P_16MHZ\libArduLibs.a(LEDSensor.o)
                              ./src/arduinoMain.o (LEDSensor::attach(int))
C:\dev\eclipse_avr\ArduCore\328P_16MHZ\libArduCore.a(HardwareSerial.o)
                              ./src/arduinoMain.o (Serial)
C:\dev\eclipse_avr\ArduCore\328P_16MHZ\libArduCore.a(Print.o)
                              C:\dev\eclipse_avr\ArduCore\328P_16MHZ\libArduCore.a(HardwareSerial.o) (Print::write(unsigned char const*, unsigned int))
C:\dev\eclipse_avr\ArduCore\328P_16MHZ\libArduCore.a(WString.o)
                              C:\dev\eclipse_avr\ArduCore\328P_16MHZ\libArduCore.a(Print.o) (String::operator[](unsigned int) const)
C:\dev\eclipse_avr\ArduCore\328P_16MHZ\libArduCore.a(main.o)
                              c:/users/danny/dev/arduino-1.0.5-r2/hardware/tools/avr/bin/../lib/gcc/avr/4.3.2/../../../../avr/lib/avr5/crtm328p.o (main)
C:\dev\eclipse_avr\ArduCore\328P_16MHZ\libArduCore.a(wiring.o)
                              ./src/arduinoMain.o (millis)
C:\dev\eclipse_avr\ArduCore\328P_16MHZ\libArduCore.a(wiring_analog.o)
                              ./src/arduinoMain.o (analogRead)
C:\dev\eclipse_avr\ArduCore\328P_16MHZ\libArduCore.a(wiring_digital.o)
                              C:\dev\eclipse_avr\ArduLibs\328P_16MHZ\libArduLibs.a(LEDSensor.o) (pinMode)
C:\dev\eclipse_avr\ArduCore\328P_16MHZ\libArduCore.a(malloc.o)
                              ./src/main.o (malloc)
C:\dev\eclipse_avr\ArduCore\328P_16MHZ\libArduCore.a(realloc.o)
                              C:\dev\eclipse_avr\ArduCore\328P_16MHZ\libArduCore.a(WString.o) (realloc)
c:/users/danny/dev/arduino-1.0.5-r2/hardware/tools/avr/bin/../lib/gcc/avr/4.3.2/avr5\libgcc.a(_mulsi3.o)
                              C:\dev\eclipse_avr\ArduCore\328P_16MHZ\libArduCore.a(Print.o) (__mulsi3)
c:/users/danny/dev/arduino-1.0.5-r2/hardware/tools/avr/bin/../lib/gcc/avr/4.3.2/avr5\libgcc.a(_udivmodsi4.o)
                              C:\dev\eclipse_avr\ArduCore\328P_16MHZ\libArduCore.a(HardwareSerial.o) (__udivmodsi4)
c:/users/danny/dev/arduino-1.0.5-r2/hardware/tools/avr/bin/../lib/gcc/avr/4.3.2/avr5\libgcc.a(_exit.o)
                              c:/users/danny/dev/arduino-1.0.5-r2/hardware/tools/avr/bin/../lib/gcc/avr/4.3.2/../../../../avr/lib/avr5/crtm328p.o (exit)
c:/users/danny/dev/arduino-1.0.5-r2/hardware/tools/avr/bin/../lib/gcc/avr/4.3.2/avr5\libgcc.a(_copy_data.o)
                              ./src/arduinoMain.o (__do_copy_data)
c:/users/danny/dev/arduino-1.0.5-r2/hardware/tools/avr/bin/../lib/gcc/avr/4.3.2/avr5\libgcc.a(_clear_bss.o)
                              ./src/arduinoMain.o (__do_clear_bss)
c:/users/danny/dev/arduino-1.0.5-r2/hardware/tools/avr/bin/../lib/gcc/avr/4.3.2/avr5\libgcc.a(_ctors.o)
                              ./src/arduinoMain.o (__do_global_ctors)
c:/users/danny/dev/arduino-1.0.5-r2/hardware/tools/avr/bin/../lib/gcc/avr/4.3.2/avr5\libgcc.a(_fixunssfsi.o)
                              C:\dev\eclipse_avr\ArduCore\328P_16MHZ\libArduCore.a(Print.o) (__fixunssfsi)
c:/users/danny/dev/arduino-1.0.5-r2/hardware/tools/avr/bin/../lib/gcc/avr/4.3.2/avr5\libgcc.a(_addsub_sf.o)
                              C:\dev\eclipse_avr\ArduCore\328P_16MHZ\libArduCore.a(Print.o) (__subsf3)
c:/users/danny/dev/arduino-1.0.5-r2/hardware/tools/avr/bin/../lib/gcc/avr/4.3.2/avr5\libgcc.a(_mul_sf.o)
                              C:\dev\eclipse_avr\ArduCore\328P_16MHZ\libArduCore.a(Print.o) (__mulsf3)
c:/users/danny/dev/arduino-1.0.5-r2/hardware/tools/avr/bin/../lib/gcc/avr/4.3.2/avr5\libgcc.a(_div_sf.o)
                              ./src/arduinoMain.o (__divsf3)
c:/users/danny/dev/arduino-1.0.5-r2/hardware/tools/avr/bin/../lib/gcc/avr/4.3.2/avr5\libgcc.a(_gt_sf.o)
                              C:\dev\eclipse_avr\ArduCore\328P_16MHZ\libArduCore.a(Print.o) (__gtsf2)
c:/users/danny/dev/arduino-1.0.5-r2/hardware/tools/avr/bin/../lib/gcc/avr/4.3.2/avr5\libgcc.a(_ge_sf.o)
                              c:/users/danny/dev/arduino-1.0.5-r2/hardware/tools/avr/bin/../lib/gcc/avr/4.3.2/avr5\libgcc.a(_fixunssfsi.o) (__gesf2)
c:/users/danny/dev/arduino-1.0.5-r2/hardware/tools/avr/bin/../lib/gcc/avr/4.3.2/avr5\libgcc.a(_lt_sf.o)
                              C:\dev\eclipse_avr\ArduCore\328P_16MHZ\libArduCore.a(Print.o) (__ltsf2)
c:/users/danny/dev/arduino-1.0.5-r2/hardware/tools/avr/bin/../lib/gcc/avr/4.3.2/avr5\libgcc.a(_le_sf.o)
                              C:\dev\eclipse_avr\ArduCore\328P_16MHZ\libArduCore.a(Print.o) (__lesf2)
c:/users/danny/dev/arduino-1.0.5-r2/hardware/tools/avr/bin/../lib/gcc/avr/4.3.2/avr5\libgcc.a(_unord_sf.o)
                              C:\dev\eclipse_avr\ArduCore\328P_16MHZ\libArduCore.a(Print.o) (__unordsf2)
c:/users/danny/dev/arduino-1.0.5-r2/hardware/tools/avr/bin/../lib/gcc/avr/4.3.2/avr5\libgcc.a(_si_to_sf.o)
                              ./src/arduinoMain.o (__floatsisf)
[...]
Memory Configuration

Name             Origin             Length             Attributes
text             0x00000000         0x00020000         xr
data             0x00800060         0x0000ffa0         rw !x
eeprom           0x00810000         0x00010000         rw !x
fuse             0x00820000         0x00000400         rw !x
lock             0x00830000         0x00000400         rw !x
signature        0x00840000         0x00000400         rw !x
*default*        0x00000000         0xffffffff

Linker script and memory map

Address of section .data set to 0x800100
LOAD c:/users/danny/dev/arduino-1.0.5-r2/hardware/tools/avr/bin/../lib/gcc/avr/4.3.2/../../../../avr/lib/avr5/crtm328p.o
LOAD ./src/arduinoMain.o
LOAD ./src/main.o
LOAD C:\dev\eclipse_avr\ArduLibs\328P_16MHZ\libArduLibs.a
LOAD C:\dev\eclipse_avr\ArduCore\328P_16MHZ\libArduCore.a
LOAD c:/users/danny/dev/arduino-1.0.5-r2/hardware/tools/avr/bin/../lib/gcc/avr/4.3.2/avr5\libgcc.a
LOAD c:/users/danny/dev/arduino-1.0.5-r2/hardware/tools/avr/bin/../lib/gcc/avr/4.3.2/../../../../avr/lib/avr5\libm.a
LOAD c:/users/danny/dev/arduino-1.0.5-r2/hardware/tools/avr/bin/../lib/gcc/avr/4.3.2/avr5\libgcc.a
LOAD c:/users/danny/dev/arduino-1.0.5-r2/hardware/tools/avr/bin/../lib/gcc/avr/4.3.2/../../../../avr/lib/avr5\libc.a
LOAD c:/users/danny/dev/arduino-1.0.5-r2/hardware/tools/avr/bin/../lib/gcc/avr/4.3.2/avr5\libgcc.a

.hash
 *(.hash)

.dynsym
 *(.dynsym)

.dynstr
 *(.dynstr)

.gnu.version
 *(.gnu.version)

.gnu.version_d
 *(.gnu.version_d)

.gnu.version_r
 *(.gnu.version_r)

.rel.init
 *(.rel.init)

.rela.init
 *(.rela.init)

.rel.text
 *(.rel.text)
 *(.rel.text.*)
 *(.rel.gnu.linkonce.t*)

.rela.text
 *(.rela.text)
 *(.rela.text.*)
 *(.rela.gnu.linkonce.t*)

.rel.fini
 *(.rel.fini)

.rela.fini
 *(.rela.fini)

.rel.rodata
 *(.rel.rodata)
 *(.rel.rodata.*)
 *(.rel.gnu.linkonce.r*)

.rela.rodata
 *(.rela.rodata)
 *(.rela.rodata.*)
 *(.rela.gnu.linkonce.r*)

.rel.data
 *(.rel.data)
 *(.rel.data.*)
 *(.rel.gnu.linkonce.d*)

.rela.data
 *(.rela.data)
 *(.rela.data.*)
 *(.rela.gnu.linkonce.d*)

.rel.ctors
 *(.rel.ctors)

.rela.ctors
 *(.rela.ctors)

.rel.dtors
 *(.rel.dtors)

.rela.dtors
 *(.rela.dtors)

.rel.got
 *(.rel.got)

.rela.got
 *(.rela.got)

.rel.bss
 *(.rel.bss)

.rela.bss
 *(.rela.bss)

.rel.plt
 *(.rel.plt)

.rela.plt
 *(.rela.plt)

.text           0x00000000     0x2244
 *(.vectors)
 .vectors       0x00000000       0x68 c:/users/danny/dev/arduino-1.0.5-r2/hardware/tools/avr/bin/../lib/gcc/avr/4.3.2/../../../../avr/lib/avr5/crtm328p.o
                0x00000000                __vectors
                0x00000000                __vector_default
 *(.vectors)
 *(.progmem.gcc*)
 *(.progmem*)
 .progmem.data  0x00000068       0x5a C:\dev\eclipse_avr\ArduCore\328P_16MHZ\libArduCore.a(wiring_digital.o)
                0x00000068                port_to_mode_PGM
                0x00000086                digital_pin_to_port_PGM
                0x0000009a                digital_pin_to_bit_mask_PGM
                0x00000072                port_to_output_PGM
                0x0000007c                port_to_input_PGM
                0x000000ae                digital_pin_to_timer_PGM
                0x000000c2                . = ALIGN (0x2)
                0x000000c2                __trampolines_start = .
 *(.trampolines)
 .trampolines   0x000000c2        0x0 linker stubs
 *(.trampolines*)
                0x000000c2                __trampolines_end = .
 *(.jumptables)
 *(.jumptables*)
 *(.lowtext)
 *(.lowtext*)
                0x000000c2                __ctors_start = .
 *(.ctors)
 .ctors         0x000000c2        0x2 ./src/arduinoMain.o
 .ctors         0x000000c4        0x2 C:\dev\eclipse_avr\ArduCore\328P_16MHZ\libArduCore.a(HardwareSerial.o)
                0x000000c6                __ctors_end = .
                0x000000c6                __dtors_start = .
 *(.dtors)
                0x000000c6                __dtors_end = .
 SORT(*)(.ctors)
 SORT(*)(.dtors)
 *(.init0)
 .init0         0x000000c6        0x0 c:/users/danny/dev/arduino-1.0.5-r2/hardware/tools/avr/bin/../lib/gcc/avr/4.3.2/../../../../avr/lib/avr5/crtm328p.o
                0x000000c6                __init
 *(.init0)
 *(.init1)
 *(.init1)
 *(.init2)
 .init2         0x000000c6        0xc c:/users/danny/dev/arduino-1.0.5-r2/hardware/tools/avr/bin/../lib/gcc/avr/4.3.2/../../../../avr/lib/avr5/crtm328p.o
 *(.init2)
 *(.init3)
 *(.init3)
 *(.init4)
 .init4         0x000000d2       0x16 c:/users/danny/dev/arduino-1.0.5-r2/hardware/tools/avr/bin/../lib/gcc/avr/4.3.2/avr5\libgcc.a(_copy_data.o)
                0x000000d2                __do_copy_data
 .init4         0x000000e8       0x10 c:/users/danny/dev/arduino-1.0.5-r2/hardware/tools/avr/bin/../lib/gcc/avr/4.3.2/avr5\libgcc.a(_clear_bss.o)
                0x000000e8                __do_clear_bss
 *(.init4)
 *(.init5)
 *(.init5)
 *(.init6)
 .init6         0x000000f8       0x16 c:/users/danny/dev/arduino-1.0.5-r2/hardware/tools/avr/bin/../lib/gcc/avr/4.3.2/avr5\libgcc.a(_ctors.o)
                0x000000f8                __do_global_ctors
 *(.init6)
 *(.init7)
 *(.init7)
 *(.init8)
 *(.init8)
 *(.init9)
 .init9         0x0000010e        0x8 c:/users/danny/dev/arduino-1.0.5-r2/hardware/tools/avr/bin/../lib/gcc/avr/4.3.2/../../../../avr/lib/avr5/crtm328p.o
 *(.init9)
 *(.text)
 .text          0x00000116        0x2 c:/users/danny/dev/arduino-1.0.5-r2/hardware/tools/avr/bin/../lib/gcc/avr/4.3.2/../../../../avr/lib/avr5/crtm328p.o
                0x00000116                __vector_22
                0x00000116                __vector_1
                0x00000116                __vector_24
                0x00000116                __vector_12
                0x00000116                __bad_interrupt
                0x00000116                __vector_6
                0x00000116                __vector_3
                0x00000116                __vector_23
                0x00000116                __vector_25
                0x00000116                __vector_11
                0x00000116                __vector_13
                0x00000116                __vector_17
                0x00000116                __vector_7
                0x00000116                __vector_5
                0x00000116                __vector_4
                0x00000116                __vector_9
                0x00000116                __vector_2
                0x00000116                __vector_21
                0x00000116                __vector_15
                0x00000116                __vector_8
                0x00000116                __vector_14
                0x00000116                __vector_10
                0x00000116                __vector_20
 .text          0x00000118       0x50 c:/users/danny/dev/arduino-1.0.5-r2/hardware/tools/avr/bin/../lib/gcc/avr/4.3.2/avr5\libgcc.a(_fixunssfsi.o)
                0x00000118                __fixunssfsi
 .text          0x00000168      0x344 c:/users/danny/dev/arduino-1.0.5-r2/hardware/tools/avr/bin/../lib/gcc/avr/4.3.2/avr5\libgcc.a(_addsub_sf.o)
                0x00000400                __subsf3
                0x0000045a                __addsf3
 .text          0x000004ac      0x1ee c:/users/danny/dev/arduino-1.0.5-r2/hardware/tools/avr/bin/../lib/gcc/avr/4.3.2/avr5\libgcc.a(_mul_sf.o)
                0x000004ac                __mulsf3
 .text          0x0000069a      0x152 c:/users/danny/dev/arduino-1.0.5-r2/hardware/tools/avr/bin/../lib/gcc/avr/4.3.2/avr5\libgcc.a(_div_sf.o)
                0x0000069a                __divsf3
 .text          0x000007ec       0x5a c:/users/danny/dev/arduino-1.0.5-r2/hardware/tools/avr/bin/../lib/gcc/avr/4.3.2/avr5\libgcc.a(_gt_sf.o)
                0x000007ec                __gtsf2
 .text          0x00000846       0x5a c:/users/danny/dev/arduino-1.0.5-r2/hardware/tools/avr/bin/../lib/gcc/avr/4.3.2/avr5\libgcc.a(_ge_sf.o)
                0x00000846                __gesf2
 .text          0x000008a0       0x5a c:/users/danny/dev/arduino-1.0.5-r2/hardware/tools/avr/bin/../lib/gcc/avr/4.3.2/avr5\libgcc.a(_lt_sf.o)
                0x000008a0                __ltsf2
 .text          0x000008fa       0x5a c:/users/danny/dev/arduino-1.0.5-r2/hardware/tools/avr/bin/../lib/gcc/avr/4.3.2/avr5\libgcc.a(_le_sf.o)
                0x000008fa                __lesf2
 .text          0x00000954       0x52 c:/users/danny/dev/arduino-1.0.5-r2/hardware/tools/avr/bin/../lib/gcc/avr/4.3.2/avr5\libgcc.a(_unord_sf.o)
                0x00000954                __unordsf2
 .text          0x000009a6       0xb8 c:/users/danny/dev/arduino-1.0.5-r2/hardware/tools/avr/bin/../lib/gcc/avr/4.3.2/avr5\libgcc.a(_si_to_sf.o)
                0x000009a6                __floatsisf
 .text          0x00000a5e       0xa6 c:/users/danny/dev/arduino-1.0.5-r2/hardware/tools/avr/bin/../lib/gcc/avr/4.3.2/avr5\libgcc.a(_sf_to_si.o)
                0x00000a5e                __fixsfsi
 .text          0x00000b04       0xee c:/users/danny/dev/arduino-1.0.5-r2/hardware/tools/avr/bin/../lib/gcc/avr/4.3.2/avr5\libgcc.a(_usi_to_sf.o)
                0x00000b04                __floatunsisf
 .text          0x00000bf2       0x9e c:/users/danny/dev/arduino-1.0.5-r2/hardware/tools/avr/bin/../lib/gcc/avr/4.3.2/avr5\libgcc.a(_clzsi2.o)
                0x00000bf2                __clzsi2
 .text          0x00000c90      0x1aa c:/users/danny/dev/arduino-1.0.5-r2/hardware/tools/avr/bin/../lib/gcc/avr/4.3.2/avr5\libgcc.a(_pack_sf.o)
                0x00000c90                __pack_f
 .text          0x00000e3a       0xf0 c:/users/danny/dev/arduino-1.0.5-r2/hardware/tools/avr/bin/../lib/gcc/avr/4.3.2/avr5\libgcc.a(_unpack_sf.o)
                0x00000e3a                __unpack_f
 .text          0x00000f2a       0xb2 c:/users/danny/dev/arduino-1.0.5-r2/hardware/tools/avr/bin/../lib/gcc/avr/4.3.2/avr5\libgcc.a(_fpcmp_parts_sf.o)
                0x00000f2a                __fpcmp_parts_f
                0x00000fdc                . = ALIGN (0x2)
 *(.text.*)
 .text._GLOBAL__I__Z9transformm
                0x00000fdc       0xae ./src/arduinoMain.o
 .text.loop     0x0000108a      0x240 ./src/arduinoMain.o
                0x0000108a                loop
 .text.setup    0x000012ca       0xd6 ./src/arduinoMain.o
                0x000012ca                setup
 .text._ZN9LEDSensor6attachEi
                0x000013a0       0x1a C:\dev\eclipse_avr\ArduLibs\328P_16MHZ\libArduLibs.a(LEDSensor.o)
                0x000013a0                LEDSensor::attach(int)
 .text._ZN9LEDSensor20setAnalogMeasurementEi
                0x000013ba        0xc C:\dev\eclipse_avr\ArduLibs\328P_16MHZ\libArduLibs.a(LEDSensor.o)
                0x000013ba                LEDSensor::setAnalogMeasurement(int)
 .text._ZN9LEDSensor10isTimedOutEv
                0x000013c6       0x40 C:\dev\eclipse_avr\ArduLibs\328P_16MHZ\libArduLibs.a(LEDSensor.o)
                0x000013c6                LEDSensor::isTimedOut()
 .text._ZN9LEDSensor12isDischargedEv
                0x00001406       0x46 C:\dev\eclipse_avr\ArduLibs\328P_16MHZ\libArduLibs.a(LEDSensor.o)
                0x00001406                LEDSensor::isDischarged()
 .text._ZN9LEDSensor9dischargeEv
                0x0000144c       0x1c C:\dev\eclipse_avr\ArduLibs\328P_16MHZ\libArduLibs.a(LEDSensor.o)
                0x0000144c                LEDSensor::discharge()
 .text._ZN9LEDSensor6chargeEv
                0x00001468       0x1c C:\dev\eclipse_avr\ArduLibs\328P_16MHZ\libArduLibs.a(LEDSensor.o)
                0x00001468                LEDSensor::charge()
 .text._ZN9LEDSensor7measureEv
                0x00001484       0x9a C:\dev\eclipse_avr\ArduLibs\328P_16MHZ\libArduLibs.a(LEDSensor.o)
                0x00001484                LEDSensor::measure()
 .text._Z11serialEventv
                0x0000151e        0x2 C:\dev\eclipse_avr\ArduCore\328P_16MHZ\libArduCore.a(HardwareSerial.o)
                0x0000151e                serialEvent()
 .text.__vector_18
                0x00001520       0x76 C:\dev\eclipse_avr\ArduCore\328P_16MHZ\libArduCore.a(HardwareSerial.o)
                0x00001520                __vector_18
 .text._Z14serialEventRunv
                0x00001596       0x24 C:\dev\eclipse_avr\ArduCore\328P_16MHZ\libArduCore.a(HardwareSerial.o)
                0x00001596                serialEventRun()
 .text.__vector_19
                0x000015ba       0x76 C:\dev\eclipse_avr\ArduCore\328P_16MHZ\libArduCore.a(HardwareSerial.o)
                0x000015ba                __vector_19
 .text._ZN14HardwareSerial5beginEm
                0x00001630      0x10c C:\dev\eclipse_avr\ArduCore\328P_16MHZ\libArduCore.a(HardwareSerial.o)
                0x00001630                HardwareSerial::begin(unsigned long)
 .text._ZN14HardwareSerial9availableEv
                0x0000173c       0x22 C:\dev\eclipse_avr\ArduCore\328P_16MHZ\libArduCore.a(HardwareSerial.o)
                0x0000173c                HardwareSerial::available()
 .text._ZN14HardwareSerial4peekEv
                0x0000175e       0x40 C:\dev\eclipse_avr\ArduCore\328P_16MHZ\libArduCore.a(HardwareSerial.o)
                0x0000175e                HardwareSerial::peek()
 .text._ZN14HardwareSerial4readEv
                0x0000179e       0x52 C:\dev\eclipse_avr\ArduCore\328P_16MHZ\libArduCore.a(HardwareSerial.o)
                0x0000179e                HardwareSerial::read()
 .text._ZN14HardwareSerial5flushEv
                0x000017f0       0x20 C:\dev\eclipse_avr\ArduCore\328P_16MHZ\libArduCore.a(HardwareSerial.o)
                0x000017f0                HardwareSerial::flush()
 .text._ZN14HardwareSerial5writeEh
                0x00001810       0x80 C:\dev\eclipse_avr\ArduCore\328P_16MHZ\libArduCore.a(HardwareSerial.o)
                0x00001810                HardwareSerial::write(unsigned char)
 .text._GLOBAL__I_rx_buffer
                0x00001890       0xac C:\dev\eclipse_avr\ArduCore\328P_16MHZ\libArduCore.a(HardwareSerial.o)
 .text._ZN5Print5writeEPKhj
                0x0000193c       0x54 C:\dev\eclipse_avr\ArduCore\328P_16MHZ\libArduCore.a(Print.o)
                0x0000193c                Print::write(unsigned char const*, unsigned int)
 .text._ZN5Print7printlnEv
                0x00001990       0x40 C:\dev\eclipse_avr\ArduCore\328P_16MHZ\libArduCore.a(Print.o)
                0x00001990                Print::println()
 .text._ZN5Print5writeEPKc
                0x000019d0       0x38 C:\dev\eclipse_avr\ArduCore\328P_16MHZ\libArduCore.a(Print.o)
                0x000019d0                Print::write(char const*)
 .text._ZN5Print11printNumberEmh
                0x00001a08       0xc2 C:\dev\eclipse_avr\ArduCore\328P_16MHZ\libArduCore.a(Print.o)
                0x00001a08                Print::printNumber(unsigned long, unsigned char)
 .text._ZN5Print5printEmi
                0x00001aca       0x1a C:\dev\eclipse_avr\ArduCore\328P_16MHZ\libArduCore.a(Print.o)
                0x00001aca                Print::print(unsigned long, int)
 .text._ZN5Print5printEli
                0x00001ae4       0x7c C:\dev\eclipse_avr\ArduCore\328P_16MHZ\libArduCore.a(Print.o)
                0x00001ae4                Print::print(long, int)
 .text._ZN5Print5printEPKc
                0x00001b60        0x4 C:\dev\eclipse_avr\ArduCore\328P_16MHZ\libArduCore.a(Print.o)
                0x00001b60                Print::print(char const*)
 .text._ZN5Print10printFloatEdh
                0x00001b64      0x1c0 C:\dev\eclipse_avr\ArduCore\328P_16MHZ\libArduCore.a(Print.o)
                0x00001b64                Print::printFloat(double, unsigned char)
 .text._ZN5Print5printEdi
                0x00001d24        0x4 C:\dev\eclipse_avr\ArduCore\328P_16MHZ\libArduCore.a(Print.o)
                0x00001d24                Print::print(double, int)
 .text._ZN5Print7printlnEPKc
                0x00001d28       0x22 C:\dev\eclipse_avr\ArduCore\328P_16MHZ\libArduCore.a(Print.o)
                0x00001d28                Print::println(char const*)
 .text.main     0x00001d4a       0x16 C:\dev\eclipse_avr\ArduCore\328P_16MHZ\libArduCore.a(main.o)
                0x00001d4a                main
 .text.__vector_16
                0x00001d60       0x90 C:\dev\eclipse_avr\ArduCore\328P_16MHZ\libArduCore.a(wiring.o)
                0x00001d60                __vector_16
 .text.millis   0x00001df0       0x1c C:\dev\eclipse_avr\ArduCore\328P_16MHZ\libArduCore.a(wiring.o)
                0x00001df0                millis
 .text.delay    0x00001e0c       0xb2 C:\dev\eclipse_avr\ArduCore\328P_16MHZ\libArduCore.a(wiring.o)
                0x00001e0c                delay
 .text.init     0x00001ebe       0x76 C:\dev\eclipse_avr\ArduCore\328P_16MHZ\libArduCore.a(wiring.o)
                0x00001ebe                init
 .text.analogRead
                0x00001f34       0x44 C:\dev\eclipse_avr\ArduCore\328P_16MHZ\libArduCore.a(wiring_analog.o)
                0x00001f34                analogRead
 .text.pinMode  0x00001f78       0x7e C:\dev\eclipse_avr\ArduCore\328P_16MHZ\libArduCore.a(wiring_digital.o)
                0x00001f78                pinMode
 .text.digitalWrite
                0x00001ff6       0xa8 C:\dev\eclipse_avr\ArduCore\328P_16MHZ\libArduCore.a(wiring_digital.o)
                0x00001ff6                digitalWrite
 .text.digitalRead
                0x0000209e       0xa6 C:\dev\eclipse_avr\ArduCore\328P_16MHZ\libArduCore.a(wiring_digital.o)
                0x0000209e                digitalRead
 .text.libgcc   0x00002144       0x3e c:/users/danny/dev/arduino-1.0.5-r2/hardware/tools/avr/bin/../lib/gcc/avr/4.3.2/avr5\libgcc.a(_mulsi3.o)
                0x00002144                __mulsi3
 .text.libgcc   0x00002182       0x44 c:/users/danny/dev/arduino-1.0.5-r2/hardware/tools/avr/bin/../lib/gcc/avr/4.3.2/avr5\libgcc.a(_udivmodsi4.o)
                0x00002182                __udivmodsi4
 .text.libgcc   0x000021c6       0x38 c:/users/danny/dev/arduino-1.0.5-r2/hardware/tools/avr/bin/../lib/gcc/avr/4.3.2/avr5\libgcc.a(_prologue.o)
                0x000021c6                __prologue_saves__
 .text.libgcc   0x000021fe       0x36 c:/users/danny/dev/arduino-1.0.5-r2/hardware/tools/avr/bin/../lib/gcc/avr/4.3.2/avr5\libgcc.a(_epilogue.o)
                0x000021fe                __epilogue_restores__
 .text.libgcc   0x00002234        0xc c:/users/danny/dev/arduino-1.0.5-r2/hardware/tools/avr/bin/../lib/gcc/avr/4.3.2/avr5\libgcc.a(_tablejump.o)
                0x00002238                __tablejump__
                0x00002234                __tablejump2__
                0x00002240                . = ALIGN (0x2)
 *(.fini9)
 .fini9         0x00002240        0x0 c:/users/danny/dev/arduino-1.0.5-r2/hardware/tools/avr/bin/../lib/gcc/avr/4.3.2/avr5\libgcc.a(_exit.o)
                0x00002240                exit
                0x00002240                _exit
 *(.fini9)
 *(.fini8)
 *(.fini8)
 *(.fini7)
 *(.fini7)
 *(.fini6)
 *(.fini6)
 *(.fini5)
 *(.fini5)
 *(.fini4)
 *(.fini4)
 *(.fini3)
 *(.fini3)
 *(.fini2)
 *(.fini2)
 *(.fini1)
 *(.fini1)
 *(.fini0)
 .fini0         0x00002240        0x4 c:/users/danny/dev/arduino-1.0.5-r2/hardware/tools/avr/bin/../lib/gcc/avr/4.3.2/avr5\libgcc.a(_exit.o)
 *(.fini0)
                0x00002244                _etext = .

.data           0x00800100      0x12c load address 0x00002244
                0x00800100                PROVIDE (__data_start, .)
 *(.data)
 .data          0x00800100        0x5 ./src/arduinoMain.o
 .data          0x00800105        0xe C:\dev\eclipse_avr\ArduCore\328P_16MHZ\libArduCore.a(Print.o)
 .data          0x00800113        0x8 c:/users/danny/dev/arduino-1.0.5-r2/hardware/tools/avr/bin/../lib/gcc/avr/4.3.2/avr5\libgcc.a(_thenan_sf.o)
                0x00800113                __thenan_sf
 .data          0x0080011b      0x100 c:/users/danny/dev/arduino-1.0.5-r2/hardware/tools/avr/bin/../lib/gcc/avr/4.3.2/avr5\libgcc.a(_clz.o)
                0x0080011b                __clz_tab
 *(.data*)
 .data.analog_reference
                0x0080021b        0x1 C:\dev\eclipse_avr\ArduCore\328P_16MHZ\libArduCore.a(wiring_analog.o)
                0x0080021b                analog_reference
 *(.rodata)
 *(.rodata*)
 .rodata._ZTV14HardwareSerial
                0x0080021c       0x10 C:\dev\eclipse_avr\ArduCore\328P_16MHZ\libArduCore.a(HardwareSerial.o)
                0x0080021c                vtable for HardwareSerial
 *(.gnu.linkonce.d*)
                0x0080022c                . = ALIGN (0x2)
                0x0080022c                _edata = .
                0x0080022c                PROVIDE (__data_end, .)

.bss            0x0080022c      0x153
                0x0080022c                PROVIDE (__bss_start, .)
 *(.bss)
 *(.bss*)
 .bss.led       0x0080022c       0x78 ./src/arduinoMain.o
                0x0080022c                led
 .bss.stopwatch
                0x008002a4        0xc ./src/arduinoMain.o
                0x008002a4                stopwatch
 .bss.avg       0x008002b0       0x14 ./src/arduinoMain.o
                0x008002b0                avg
 .bss.sum       0x008002c4        0x4 ./src/arduinoMain.o
                0x008002c4                sum
 .bss.count     0x008002c8        0x2 ./src/arduinoMain.o
                0x008002c8                count
 .bss._ZN9LEDSensor5firstE
                0x008002ca        0x2 C:\dev\eclipse_avr\ArduLibs\328P_16MHZ\libArduLibs.a(LEDSensor.o)
                0x008002ca                LEDSensor::first
 .bss.rx_buffer
                0x008002cc       0x44 C:\dev\eclipse_avr\ArduCore\328P_16MHZ\libArduCore.a(HardwareSerial.o)
                0x008002cc                rx_buffer
 .bss.tx_buffer
                0x00800310       0x44 C:\dev\eclipse_avr\ArduCore\328P_16MHZ\libArduCore.a(HardwareSerial.o)
                0x00800310                tx_buffer
 .bss.Serial    0x00800354       0x22 C:\dev\eclipse_avr\ArduCore\328P_16MHZ\libArduCore.a(HardwareSerial.o)
                0x00800354                Serial
 .bss.timer0_overflow_count
                0x00800376        0x4 C:\dev\eclipse_avr\ArduCore\328P_16MHZ\libArduCore.a(wiring.o)
                0x00800376                timer0_overflow_count
 .bss.timer0_millis
                0x0080037a        0x4 C:\dev\eclipse_avr\ArduCore\328P_16MHZ\libArduCore.a(wiring.o)
                0x0080037a                timer0_millis
 .bss.timer0_fract
                0x0080037e        0x1 C:\dev\eclipse_avr\ArduCore\328P_16MHZ\libArduCore.a(wiring.o)
 *(COMMON)
                0x0080037f                PROVIDE (__bss_end, .)
                0x00002244                __data_load_start = LOADADDR (.data)
                0x00002370                __data_load_end = (__data_load_start + SIZEOF (.data))

.noinit         0x0080037f        0x0
                0x0080037f                PROVIDE (__noinit_start, .)
 *(.noinit*)
                0x0080037f                PROVIDE (__noinit_end, .)
                0x0080037f                _end = .
                0x0080037f                PROVIDE (__heap_start, .)

.eeprom         0x00810000        0x0
 *(.eeprom*)
                0x00810000                __eeprom_end = .

.fuse
 *(.fuse)
 *(.lfuse)
 *(.hfuse)
 *(.efuse)

.lock
 *(.lock*)

.signature
 *(.signature*)

.stab
 *(.stab)

.stabstr
 *(.stabstr)

.stab.excl
 *(.stab.excl)

.stab.exclstr
 *(.stab.exclstr)

.stab.index
 *(.stab.index)

.stab.indexstr
 *(.stab.indexstr)

.comment
 *(.comment)

.debug
 *(.debug)

.line
 *(.line)

.debug_srcinfo
 *(.debug_srcinfo)

.debug_sfnames
 *(.debug_sfnames)

.debug_aranges
 *(.debug_aranges)

.debug_pubnames
 *(.debug_pubnames)

.debug_info
 *(.debug_info)
 *(.gnu.linkonce.wi.*)

.debug_abbrev
 *(.debug_abbrev)

.debug_line
 *(.debug_line)

.debug_frame
 *(.debug_frame)

.debug_str
 *(.debug_str)

.debug_loc
 *(.debug_loc)

.debug_macinfo
 *(.debug_macinfo)
OUTPUT(LineFollower.elf elf32-avr)
LOAD linker stubs

Cross Reference Table

Symbol                                            File
HardwareSerial::HardwareSerial(ring_buffer*, ring_buffer*, unsigned char volatile*, unsigned char volatile*, unsigned char volatile*, unsigned char volatile*, unsigned char volatile*, unsigned char volatile*, unsigned char, unsigned char, unsigned char, unsigned char, unsigned char) C:\dev\eclipse_avr\ArduCore\328P_16MHZ\libArduCore.a(HardwareSerial.o)
HardwareSerial::HardwareSerial(ring_buffer*, ring_buffer*, unsigned char volatile*, unsigned char volatile*, unsigned char volatile*, unsigned char volatile*, unsigned char volatile*, unsigned char volatile*, unsigned char, unsigned char, unsigned char, unsigned char, unsigned char) C:\dev\eclipse_avr\ArduCore\328P_16MHZ\libArduCore.a(HardwareSerial.o)
HardwareSerial::available()                       C:\dev\eclipse_avr\ArduCore\328P_16MHZ\libArduCore.a(HardwareSerial.o)
HardwareSerial::begin(unsigned long)              C:\dev\eclipse_avr\ArduCore\328P_16MHZ\libArduCore.a(HardwareSerial.o)
                                                  ./src/arduinoMain.o
HardwareSerial::begin(unsigned long, unsigned char) C:\dev\eclipse_avr\ArduCore\328P_16MHZ\libArduCore.a(HardwareSerial.o)
HardwareSerial::end()                             C:\dev\eclipse_avr\ArduCore\328P_16MHZ\libArduCore.a(HardwareSerial.o)
HardwareSerial::flush()                           C:\dev\eclipse_avr\ArduCore\328P_16MHZ\libArduCore.a(HardwareSerial.o)
HardwareSerial::operator bool()                   C:\dev\eclipse_avr\ArduCore\328P_16MHZ\libArduCore.a(HardwareSerial.o)
HardwareSerial::peek()                            C:\dev\eclipse_avr\ArduCore\328P_16MHZ\libArduCore.a(HardwareSerial.o)
HardwareSerial::read()                            C:\dev\eclipse_avr\ArduCore\328P_16MHZ\libArduCore.a(HardwareSerial.o)
HardwareSerial::write(unsigned char)              C:\dev\eclipse_avr\ArduCore\328P_16MHZ\libArduCore.a(HardwareSerial.o)
LEDSensor::attach(int)                            C:\dev\eclipse_avr\ArduLibs\328P_16MHZ\libArduLibs.a(LEDSensor.o)
                                                  ./src/arduinoMain.o
LEDSensor::charge()                               C:\dev\eclipse_avr\ArduLibs\328P_16MHZ\libArduLibs.a(LEDSensor.o)
LEDSensor::discharge()                            C:\dev\eclipse_avr\ArduLibs\328P_16MHZ\libArduLibs.a(LEDSensor.o)
LEDSensor::first                                  C:\dev\eclipse_avr\ArduLibs\328P_16MHZ\libArduLibs.a(LEDSensor.o)
LEDSensor::isDischarged()                         C:\dev\eclipse_avr\ArduLibs\328P_16MHZ\libArduLibs.a(LEDSensor.o)
LEDSensor::isTimedOut()                           C:\dev\eclipse_avr\ArduLibs\328P_16MHZ\libArduLibs.a(LEDSensor.o)
LEDSensor::measure()                              C:\dev\eclipse_avr\ArduLibs\328P_16MHZ\libArduLibs.a(LEDSensor.o)
                                                  ./src/arduinoMain.o
LEDSensor::refresh()                              C:\dev\eclipse_avr\ArduLibs\328P_16MHZ\libArduLibs.a(LEDSensor.o)
LEDSensor::setAnalogMeasurement(int)              C:\dev\eclipse_avr\ArduLibs\328P_16MHZ\libArduLibs.a(LEDSensor.o)
                                                  ./src/arduinoMain.o
LEDSensor::setDigitalMeasurement()                C:\dev\eclipse_avr\ArduLibs\328P_16MHZ\libArduLibs.a(LEDSensor.o)
Print::print(Printable const&)                    C:\dev\eclipse_avr\ArduCore\328P_16MHZ\libArduCore.a(Print.o)
Print::print(String const&)                       C:\dev\eclipse_avr\ArduCore\328P_16MHZ\libArduCore.a(Print.o)
Print::print(__FlashStringHelper const*)          C:\dev\eclipse_avr\ArduCore\328P_16MHZ\libArduCore.a(Print.o)
Print::print(char const*)                         C:\dev\eclipse_avr\ArduCore\328P_16MHZ\libArduCore.a(Print.o)
                                                  ./src/arduinoMain.o
Print::print(char)                                C:\dev\eclipse_avr\ArduCore\328P_16MHZ\libArduCore.a(Print.o)
Print::print(double, int)                         C:\dev\eclipse_avr\ArduCore\328P_16MHZ\libArduCore.a(Print.o)
                                                  ./src/arduinoMain.o
Print::print(int, int)                            C:\dev\eclipse_avr\ArduCore\328P_16MHZ\libArduCore.a(Print.o)
Print::print(long, int)                           C:\dev\eclipse_avr\ArduCore\328P_16MHZ\libArduCore.a(Print.o)
Print::print(unsigned char, int)                  C:\dev\eclipse_avr\ArduCore\328P_16MHZ\libArduCore.a(Print.o)
Print::print(unsigned int, int)                   C:\dev\eclipse_avr\ArduCore\328P_16MHZ\libArduCore.a(Print.o)
Print::print(unsigned long, int)                  C:\dev\eclipse_avr\ArduCore\328P_16MHZ\libArduCore.a(Print.o)
Print::printFloat(double, unsigned char)          C:\dev\eclipse_avr\ArduCore\328P_16MHZ\libArduCore.a(Print.o)
Print::printNumber(unsigned long, unsigned char)  C:\dev\eclipse_avr\ArduCore\328P_16MHZ\libArduCore.a(Print.o)
Print::println()                                  C:\dev\eclipse_avr\ArduCore\328P_16MHZ\libArduCore.a(Print.o)
                                                  ./src/arduinoMain.o
Print::println(Printable const&)                  C:\dev\eclipse_avr\ArduCore\328P_16MHZ\libArduCore.a(Print.o)
Print::println(String const&)                     C:\dev\eclipse_avr\ArduCore\328P_16MHZ\libArduCore.a(Print.o)
Print::println(__FlashStringHelper const*)        C:\dev\eclipse_avr\ArduCore\328P_16MHZ\libArduCore.a(Print.o)
Print::println(char const*)                       C:\dev\eclipse_avr\ArduCore\328P_16MHZ\libArduCore.a(Print.o)
                                                  ./src/arduinoMain.o
Print::println(char)                              C:\dev\eclipse_avr\ArduCore\328P_16MHZ\libArduCore.a(Print.o)
Print::println(double, int)                       C:\dev\eclipse_avr\ArduCore\328P_16MHZ\libArduCore.a(Print.o)
Print::println(int, int)                          C:\dev\eclipse_avr\ArduCore\328P_16MHZ\libArduCore.a(Print.o)
Print::println(long, int)                         C:\dev\eclipse_avr\ArduCore\328P_16MHZ\libArduCore.a(Print.o)
Print::println(unsigned char, int)                C:\dev\eclipse_avr\ArduCore\328P_16MHZ\libArduCore.a(Print.o)
Print::println(unsigned int, int)                 C:\dev\eclipse_avr\ArduCore\328P_16MHZ\libArduCore.a(Print.o)
Print::println(unsigned long, int)                C:\dev\eclipse_avr\ArduCore\328P_16MHZ\libArduCore.a(Print.o)
Print::write(char const*)                         C:\dev\eclipse_avr\ArduCore\328P_16MHZ\libArduCore.a(Print.o)
Print::write(unsigned char const*, unsigned int)  C:\dev\eclipse_avr\ArduCore\328P_16MHZ\libArduCore.a(Print.o)
                                                  C:\dev\eclipse_avr\ArduCore\328P_16MHZ\libArduCore.a(HardwareSerial.o)
Serial                                            C:\dev\eclipse_avr\ArduCore\328P_16MHZ\libArduCore.a(HardwareSerial.o)
                                                  ./src/arduinoMain.o
String::String(String const&)                     C:\dev\eclipse_avr\ArduCore\328P_16MHZ\libArduCore.a(WString.o)
String::String(String const&)                     C:\dev\eclipse_avr\ArduCore\328P_16MHZ\libArduCore.a(WString.o)
String::String(char const*)                       C:\dev\eclipse_avr\ArduCore\328P_16MHZ\libArduCore.a(WString.o)
String::String(char const*)                       C:\dev\eclipse_avr\ArduCore\328P_16MHZ\libArduCore.a(WString.o)
String::String(char)                              C:\dev\eclipse_avr\ArduCore\328P_16MHZ\libArduCore.a(WString.o)
String::String(char)                              C:\dev\eclipse_avr\ArduCore\328P_16MHZ\libArduCore.a(WString.o)
String::String(int, unsigned char)                C:\dev\eclipse_avr\ArduCore\328P_16MHZ\libArduCore.a(WString.o)
String::String(int, unsigned char)                C:\dev\eclipse_avr\ArduCore\328P_16MHZ\libArduCore.a(WString.o)
String::String(long, unsigned char)               C:\dev\eclipse_avr\ArduCore\328P_16MHZ\libArduCore.a(WString.o)
String::String(long, unsigned char)               C:\dev\eclipse_avr\ArduCore\328P_16MHZ\libArduCore.a(WString.o)
String::String(unsigned char, unsigned char)      C:\dev\eclipse_avr\ArduCore\328P_16MHZ\libArduCore.a(WString.o)
String::String(unsigned char, unsigned char)      C:\dev\eclipse_avr\ArduCore\328P_16MHZ\libArduCore.a(WString.o)
String::String(unsigned int, unsigned char)       C:\dev\eclipse_avr\ArduCore\328P_16MHZ\libArduCore.a(WString.o)
String::String(unsigned int, unsigned char)       C:\dev\eclipse_avr\ArduCore\328P_16MHZ\libArduCore.a(WString.o)
String::String(unsigned long, unsigned char)      C:\dev\eclipse_avr\ArduCore\328P_16MHZ\libArduCore.a(WString.o)
String::String(unsigned long, unsigned char)      C:\dev\eclipse_avr\ArduCore\328P_16MHZ\libArduCore.a(WString.o)
String::changeBuffer(unsigned int)                C:\dev\eclipse_avr\ArduCore\328P_16MHZ\libArduCore.a(WString.o)
String::charAt(unsigned int) const                C:\dev\eclipse_avr\ArduCore\328P_16MHZ\libArduCore.a(WString.o)
String::compareTo(String const&) const            C:\dev\eclipse_avr\ArduCore\328P_16MHZ\libArduCore.a(WString.o)
String::concat(String const&)                     C:\dev\eclipse_avr\ArduCore\328P_16MHZ\libArduCore.a(WString.o)
String::concat(char const*)                       C:\dev\eclipse_avr\ArduCore\328P_16MHZ\libArduCore.a(WString.o)
String::concat(char const*, unsigned int)         C:\dev\eclipse_avr\ArduCore\328P_16MHZ\libArduCore.a(WString.o)
String::concat(char)                              C:\dev\eclipse_avr\ArduCore\328P_16MHZ\libArduCore.a(WString.o)
String::concat(int)                               C:\dev\eclipse_avr\ArduCore\328P_16MHZ\libArduCore.a(WString.o)
String::concat(long)                              C:\dev\eclipse_avr\ArduCore\328P_16MHZ\libArduCore.a(WString.o)
String::concat(unsigned char)                     C:\dev\eclipse_avr\ArduCore\328P_16MHZ\libArduCore.a(WString.o)
String::concat(unsigned int)                      C:\dev\eclipse_avr\ArduCore\328P_16MHZ\libArduCore.a(WString.o)
String::concat(unsigned long)                     C:\dev\eclipse_avr\ArduCore\328P_16MHZ\libArduCore.a(WString.o)
String::copy(char const*, unsigned int)           C:\dev\eclipse_avr\ArduCore\328P_16MHZ\libArduCore.a(WString.o)
String::endsWith(String const&) const             C:\dev\eclipse_avr\ArduCore\328P_16MHZ\libArduCore.a(WString.o)
String::equals(String const&) const               C:\dev\eclipse_avr\ArduCore\328P_16MHZ\libArduCore.a(WString.o)
String::equals(char const*) const                 C:\dev\eclipse_avr\ArduCore\328P_16MHZ\libArduCore.a(WString.o)
String::equalsIgnoreCase(String const&) const     C:\dev\eclipse_avr\ArduCore\328P_16MHZ\libArduCore.a(WString.o)
String::getBytes(unsigned char*, unsigned int, unsigned int) const C:\dev\eclipse_avr\ArduCore\328P_16MHZ\libArduCore.a(WString.o)
String::indexOf(String const&) const              C:\dev\eclipse_avr\ArduCore\328P_16MHZ\libArduCore.a(WString.o)
String::indexOf(String const&, unsigned int) const C:\dev\eclipse_avr\ArduCore\328P_16MHZ\libArduCore.a(WString.o)
String::indexOf(char) const                       C:\dev\eclipse_avr\ArduCore\328P_16MHZ\libArduCore.a(WString.o)
String::indexOf(char, unsigned int) const         C:\dev\eclipse_avr\ArduCore\328P_16MHZ\libArduCore.a(WString.o)
String::invalidate()                              C:\dev\eclipse_avr\ArduCore\328P_16MHZ\libArduCore.a(WString.o)
String::lastIndexOf(String const&) const          C:\dev\eclipse_avr\ArduCore\328P_16MHZ\libArduCore.a(WString.o)
String::lastIndexOf(String const&, unsigned int) const C:\dev\eclipse_avr\ArduCore\328P_16MHZ\libArduCore.a(WString.o)
String::lastIndexOf(char) const                   C:\dev\eclipse_avr\ArduCore\328P_16MHZ\libArduCore.a(WString.o)
String::lastIndexOf(char, unsigned int) const     C:\dev\eclipse_avr\ArduCore\328P_16MHZ\libArduCore.a(WString.o)
String::operator<(String const&) const            C:\dev\eclipse_avr\ArduCore\328P_16MHZ\libArduCore.a(WString.o)
String::operator<=(String const&) const           C:\dev\eclipse_avr\ArduCore\328P_16MHZ\libArduCore.a(WString.o)
String::operator=(String const&)                  C:\dev\eclipse_avr\ArduCore\328P_16MHZ\libArduCore.a(WString.o)
String::operator=(char const*)                    C:\dev\eclipse_avr\ArduCore\328P_16MHZ\libArduCore.a(WString.o)
String::operator>(String const&) const            C:\dev\eclipse_avr\ArduCore\328P_16MHZ\libArduCore.a(WString.o)
String::operator>=(String const&) const           C:\dev\eclipse_avr\ArduCore\328P_16MHZ\libArduCore.a(WString.o)
String::operator[](unsigned int)                  C:\dev\eclipse_avr\ArduCore\328P_16MHZ\libArduCore.a(WString.o)
String::operator[](unsigned int) const            C:\dev\eclipse_avr\ArduCore\328P_16MHZ\libArduCore.a(WString.o)
                                                  C:\dev\eclipse_avr\ArduCore\328P_16MHZ\libArduCore.a(Print.o)
String::replace(String const&, String const&)     C:\dev\eclipse_avr\ArduCore\328P_16MHZ\libArduCore.a(WString.o)
String::replace(char, char)                       C:\dev\eclipse_avr\ArduCore\328P_16MHZ\libArduCore.a(WString.o)
String::reserve(unsigned int)                     C:\dev\eclipse_avr\ArduCore\328P_16MHZ\libArduCore.a(WString.o)
String::setCharAt(unsigned int, char)             C:\dev\eclipse_avr\ArduCore\328P_16MHZ\libArduCore.a(WString.o)
String::startsWith(String const&) const           C:\dev\eclipse_avr\ArduCore\328P_16MHZ\libArduCore.a(WString.o)
String::startsWith(String const&, unsigned int) const C:\dev\eclipse_avr\ArduCore\328P_16MHZ\libArduCore.a(WString.o)
String::substring(unsigned int) const             C:\dev\eclipse_avr\ArduCore\328P_16MHZ\libArduCore.a(WString.o)
String::substring(unsigned int, unsigned int) const C:\dev\eclipse_avr\ArduCore\328P_16MHZ\libArduCore.a(WString.o)
String::toInt() const                             C:\dev\eclipse_avr\ArduCore\328P_16MHZ\libArduCore.a(WString.o)
String::toLowerCase()                             C:\dev\eclipse_avr\ArduCore\328P_16MHZ\libArduCore.a(WString.o)
String::toUpperCase()                             C:\dev\eclipse_avr\ArduCore\328P_16MHZ\libArduCore.a(WString.o)
String::trim()                                    C:\dev\eclipse_avr\ArduCore\328P_16MHZ\libArduCore.a(WString.o)
String::~String()                                 C:\dev\eclipse_avr\ArduCore\328P_16MHZ\libArduCore.a(WString.o)
String::~String()                                 C:\dev\eclipse_avr\ArduCore\328P_16MHZ\libArduCore.a(WString.o)
__addsf3                                          c:/users/danny/dev/arduino-1.0.5-r2/hardware/tools/avr/bin/../lib/gcc/avr/4.3.2/avr5\libgcc.a(_addsub_sf.o)
                                                  C:\dev\eclipse_avr\ArduCore\328P_16MHZ\libArduCore.a(Print.o)
                                                  ./src/arduinoMain.o
__bad_interrupt                                   c:/users/danny/dev/arduino-1.0.5-r2/hardware/tools/avr/bin/../lib/gcc/avr/4.3.2/../../../../avr/lib/avr5/crtm328p.o
__brkval                                          C:\dev\eclipse_avr\ArduCore\328P_16MHZ\libArduCore.a(realloc.o)
                                                  C:\dev\eclipse_avr\ArduCore\328P_16MHZ\libArduCore.a(malloc.o)
__bss_end                                         c:/users/danny/dev/arduino-1.0.5-r2/hardware/tools/avr/bin/../lib/gcc/avr/4.3.2/avr5\libgcc.a(_clear_bss.o)
__bss_start                                       c:/users/danny/dev/arduino-1.0.5-r2/hardware/tools/avr/bin/../lib/gcc/avr/4.3.2/avr5\libgcc.a(_clear_bss.o)
__clz_tab                                         c:/users/danny/dev/arduino-1.0.5-r2/hardware/tools/avr/bin/../lib/gcc/avr/4.3.2/avr5\libgcc.a(_clz.o)
                                                  c:/users/danny/dev/arduino-1.0.5-r2/hardware/tools/avr/bin/../lib/gcc/avr/4.3.2/avr5\libgcc.a(_clzsi2.o)
__clzsi2                                          c:/users/danny/dev/arduino-1.0.5-r2/hardware/tools/avr/bin/../lib/gcc/avr/4.3.2/avr5\libgcc.a(_clzsi2.o)
                                                  c:/users/danny/dev/arduino-1.0.5-r2/hardware/tools/avr/bin/../lib/gcc/avr/4.3.2/avr5\libgcc.a(_usi_to_sf.o)
                                                  c:/users/danny/dev/arduino-1.0.5-r2/hardware/tools/avr/bin/../lib/gcc/avr/4.3.2/avr5\libgcc.a(_si_to_sf.o)
__ctors_end                                       c:/users/danny/dev/arduino-1.0.5-r2/hardware/tools/avr/bin/../lib/gcc/avr/4.3.2/avr5\libgcc.a(_ctors.o)
__ctors_start                                     c:/users/danny/dev/arduino-1.0.5-r2/hardware/tools/avr/bin/../lib/gcc/avr/4.3.2/avr5\libgcc.a(_ctors.o)
__ctype_isfalse                                   c:/users/danny/dev/arduino-1.0.5-r2/hardware/tools/avr/bin/../lib/gcc/avr/4.3.2/../../../../avr/lib/avr5\libc.a(cty_isfalse.o)
                                                  c:/users/danny/dev/arduino-1.0.5-r2/hardware/tools/avr/bin/../lib/gcc/avr/4.3.2/../../../../avr/lib/avr5\libc.a(isspace.o)
__ctype_istrue                                    c:/users/danny/dev/arduino-1.0.5-r2/hardware/tools/avr/bin/../lib/gcc/avr/4.3.2/../../../../avr/lib/avr5\libc.a(cty_isfalse.o)
__cxa_guard_abort                                 ./src/main.o
__cxa_guard_acquire                               ./src/main.o
__cxa_guard_release                               ./src/main.o
__cxa_pure_virtual                                ./src/main.o
                                                  C:\dev\eclipse_avr\ArduCore\328P_16MHZ\libArduCore.a(Print.o)
                                                  C:\dev\eclipse_avr\ArduCore\328P_16MHZ\libArduCore.a(HardwareSerial.o)
__data_end                                        c:/users/danny/dev/arduino-1.0.5-r2/hardware/tools/avr/bin/../lib/gcc/avr/4.3.2/avr5\libgcc.a(_copy_data.o)
__data_load_start                                 c:/users/danny/dev/arduino-1.0.5-r2/hardware/tools/avr/bin/../lib/gcc/avr/4.3.2/avr5\libgcc.a(_copy_data.o)
__data_start                                      c:/users/danny/dev/arduino-1.0.5-r2/hardware/tools/avr/bin/../lib/gcc/avr/4.3.2/avr5\libgcc.a(_copy_data.o)
__divsf3                                          c:/users/danny/dev/arduino-1.0.5-r2/hardware/tools/avr/bin/../lib/gcc/avr/4.3.2/avr5\libgcc.a(_div_sf.o)
                                                  C:\dev\eclipse_avr\ArduCore\328P_16MHZ\libArduCore.a(Print.o)
                                                  ./src/arduinoMain.o
__do_clear_bss                                    c:/users/danny/dev/arduino-1.0.5-r2/hardware/tools/avr/bin/../lib/gcc/avr/4.3.2/avr5\libgcc.a(_clear_bss.o)
                                                  c:/users/danny/dev/arduino-1.0.5-r2/hardware/tools/avr/bin/../lib/gcc/avr/4.3.2/avr5\libgcc.a(_clz.o)
                                                  c:/users/danny/dev/arduino-1.0.5-r2/hardware/tools/avr/bin/../lib/gcc/avr/4.3.2/avr5\libgcc.a(_fpcmp_parts_sf.o)
                                                  c:/users/danny/dev/arduino-1.0.5-r2/hardware/tools/avr/bin/../lib/gcc/avr/4.3.2/avr5\libgcc.a(_unpack_sf.o)
                                                  c:/users/danny/dev/arduino-1.0.5-r2/hardware/tools/avr/bin/../lib/gcc/avr/4.3.2/avr5\libgcc.a(_pack_sf.o)
                                                  c:/users/danny/dev/arduino-1.0.5-r2/hardware/tools/avr/bin/../lib/gcc/avr/4.3.2/avr5\libgcc.a(_clzsi2.o)
                                                  c:/users/danny/dev/arduino-1.0.5-r2/hardware/tools/avr/bin/../lib/gcc/avr/4.3.2/avr5\libgcc.a(_usi_to_sf.o)
                                                  c:/users/danny/dev/arduino-1.0.5-r2/hardware/tools/avr/bin/../lib/gcc/avr/4.3.2/avr5\libgcc.a(_thenan_sf.o)
                                                  c:/users/danny/dev/arduino-1.0.5-r2/hardware/tools/avr/bin/../lib/gcc/avr/4.3.2/avr5\libgcc.a(_sf_to_si.o)
                                                  c:/users/danny/dev/arduino-1.0.5-r2/hardware/tools/avr/bin/../lib/gcc/avr/4.3.2/avr5\libgcc.a(_si_to_sf.o)
                                                  c:/users/danny/dev/arduino-1.0.5-r2/hardware/tools/avr/bin/../lib/gcc/avr/4.3.2/avr5\libgcc.a(_unord_sf.o)
                                                  c:/users/danny/dev/arduino-1.0.5-r2/hardware/tools/avr/bin/../lib/gcc/avr/4.3.2/avr5\libgcc.a(_le_sf.o)
                                                  c:/users/danny/dev/arduino-1.0.5-r2/hardware/tools/avr/bin/../lib/gcc/avr/4.3.2/avr5\libgcc.a(_lt_sf.o)
                                                  c:/users/danny/dev/arduino-1.0.5-r2/hardware/tools/avr/bin/../lib/gcc/avr/4.3.2/avr5\libgcc.a(_ge_sf.o)
                                                  c:/users/danny/dev/arduino-1.0.5-r2/hardware/tools/avr/bin/../lib/gcc/avr/4.3.2/avr5\libgcc.a(_gt_sf.o)
                                                  c:/users/danny/dev/arduino-1.0.5-r2/hardware/tools/avr/bin/../lib/gcc/avr/4.3.2/avr5\libgcc.a(_div_sf.o)
                                                  c:/users/danny/dev/arduino-1.0.5-r2/hardware/tools/avr/bin/../lib/gcc/avr/4.3.2/avr5\libgcc.a(_mul_sf.o)
                                                  c:/users/danny/dev/arduino-1.0.5-r2/hardware/tools/avr/bin/../lib/gcc/avr/4.3.2/avr5\libgcc.a(_addsub_sf.o)
                                                  c:/users/danny/dev/arduino-1.0.5-r2/hardware/tools/avr/bin/../lib/gcc/avr/4.3.2/avr5\libgcc.a(_fixunssfsi.o)
                                                  C:\dev\eclipse_avr\ArduCore\328P_16MHZ\libArduCore.a(realloc.o)
                                                  C:\dev\eclipse_avr\ArduCore\328P_16MHZ\libArduCore.a(malloc.o)
                                                  C:\dev\eclipse_avr\ArduCore\328P_16MHZ\libArduCore.a(wiring_digital.o)
                                                  C:\dev\eclipse_avr\ArduCore\328P_16MHZ\libArduCore.a(wiring_analog.o)
                                                  C:\dev\eclipse_avr\ArduCore\328P_16MHZ\libArduCore.a(wiring.o)
                                                  C:\dev\eclipse_avr\ArduCore\328P_16MHZ\libArduCore.a(main.o)
                                                  C:\dev\eclipse_avr\ArduCore\328P_16MHZ\libArduCore.a(WString.o)
                                                  C:\dev\eclipse_avr\ArduCore\328P_16MHZ\libArduCore.a(Print.o)
                                                  C:\dev\eclipse_avr\ArduCore\328P_16MHZ\libArduCore.a(HardwareSerial.o)
                                                  C:\dev\eclipse_avr\ArduLibs\328P_16MHZ\libArduLibs.a(LEDSensor.o)
                                                  ./src/main.o
                                                  ./src/arduinoMain.o
__do_copy_data                                    c:/users/danny/dev/arduino-1.0.5-r2/hardware/tools/avr/bin/../lib/gcc/avr/4.3.2/avr5\libgcc.a(_copy_data.o)
                                                  c:/users/danny/dev/arduino-1.0.5-r2/hardware/tools/avr/bin/../lib/gcc/avr/4.3.2/avr5\libgcc.a(_clz.o)
                                                  c:/users/danny/dev/arduino-1.0.5-r2/hardware/tools/avr/bin/../lib/gcc/avr/4.3.2/avr5\libgcc.a(_fpcmp_parts_sf.o)
                                                  c:/users/danny/dev/arduino-1.0.5-r2/hardware/tools/avr/bin/../lib/gcc/avr/4.3.2/avr5\libgcc.a(_unpack_sf.o)
                                                  c:/users/danny/dev/arduino-1.0.5-r2/hardware/tools/avr/bin/../lib/gcc/avr/4.3.2/avr5\libgcc.a(_pack_sf.o)
                                                  c:/users/danny/dev/arduino-1.0.5-r2/hardware/tools/avr/bin/../lib/gcc/avr/4.3.2/avr5\libgcc.a(_clzsi2.o)
                                                  c:/users/danny/dev/arduino-1.0.5-r2/hardware/tools/avr/bin/../lib/gcc/avr/4.3.2/avr5\libgcc.a(_usi_to_sf.o)
                                                  c:/users/danny/dev/arduino-1.0.5-r2/hardware/tools/avr/bin/../lib/gcc/avr/4.3.2/avr5\libgcc.a(_thenan_sf.o)
                                                  c:/users/danny/dev/arduino-1.0.5-r2/hardware/tools/avr/bin/../lib/gcc/avr/4.3.2/avr5\libgcc.a(_sf_to_si.o)
                                                  c:/users/danny/dev/arduino-1.0.5-r2/hardware/tools/avr/bin/../lib/gcc/avr/4.3.2/avr5\libgcc.a(_si_to_sf.o)
                                                  c:/users/danny/dev/arduino-1.0.5-r2/hardware/tools/avr/bin/../lib/gcc/avr/4.3.2/avr5\libgcc.a(_unord_sf.o)
                                                  c:/users/danny/dev/arduino-1.0.5-r2/hardware/tools/avr/bin/../lib/gcc/avr/4.3.2/avr5\libgcc.a(_le_sf.o)
                                                  c:/users/danny/dev/arduino-1.0.5-r2/hardware/tools/avr/bin/../lib/gcc/avr/4.3.2/avr5\libgcc.a(_lt_sf.o)
                                                  c:/users/danny/dev/arduino-1.0.5-r2/hardware/tools/avr/bin/../lib/gcc/avr/4.3.2/avr5\libgcc.a(_ge_sf.o)
                                                  c:/users/danny/dev/arduino-1.0.5-r2/hardware/tools/avr/bin/../lib/gcc/avr/4.3.2/avr5\libgcc.a(_gt_sf.o)
                                                  c:/users/danny/dev/arduino-1.0.5-r2/hardware/tools/avr/bin/../lib/gcc/avr/4.3.2/avr5\libgcc.a(_div_sf.o)
                                                  c:/users/danny/dev/arduino-1.0.5-r2/hardware/tools/avr/bin/../lib/gcc/avr/4.3.2/avr5\libgcc.a(_mul_sf.o)
                                                  c:/users/danny/dev/arduino-1.0.5-r2/hardware/tools/avr/bin/../lib/gcc/avr/4.3.2/avr5\libgcc.a(_addsub_sf.o)
                                                  c:/users/danny/dev/arduino-1.0.5-r2/hardware/tools/avr/bin/../lib/gcc/avr/4.3.2/avr5\libgcc.a(_fixunssfsi.o)
                                                  C:\dev\eclipse_avr\ArduCore\328P_16MHZ\libArduCore.a(realloc.o)
                                                  C:\dev\eclipse_avr\ArduCore\328P_16MHZ\libArduCore.a(malloc.o)
                                                  C:\dev\eclipse_avr\ArduCore\328P_16MHZ\libArduCore.a(wiring_digital.o)
                                                  C:\dev\eclipse_avr\ArduCore\328P_16MHZ\libArduCore.a(wiring_analog.o)
                                                  C:\dev\eclipse_avr\ArduCore\328P_16MHZ\libArduCore.a(wiring.o)
                                                  C:\dev\eclipse_avr\ArduCore\328P_16MHZ\libArduCore.a(main.o)
                                                  C:\dev\eclipse_avr\ArduCore\328P_16MHZ\libArduCore.a(WString.o)
                                                  C:\dev\eclipse_avr\ArduCore\328P_16MHZ\libArduCore.a(Print.o)
                                                  C:\dev\eclipse_avr\ArduCore\328P_16MHZ\libArduCore.a(HardwareSerial.o)
                                                  C:\dev\eclipse_avr\ArduLibs\328P_16MHZ\libArduLibs.a(LEDSensor.o)
                                                  ./src/main.o
                                                  ./src/arduinoMain.o
__do_global_ctors                                 c:/users/danny/dev/arduino-1.0.5-r2/hardware/tools/avr/bin/../lib/gcc/avr/4.3.2/avr5\libgcc.a(_ctors.o)
                                                  C:\dev\eclipse_avr\ArduCore\328P_16MHZ\libArduCore.a(HardwareSerial.o)
                                                  ./src/arduinoMain.o
__epilogue_restores__                             c:/users/danny/dev/arduino-1.0.5-r2/hardware/tools/avr/bin/../lib/gcc/avr/4.3.2/avr5\libgcc.a(_epilogue.o)
                                                  c:/users/danny/dev/arduino-1.0.5-r2/hardware/tools/avr/bin/../lib/gcc/avr/4.3.2/avr5\libgcc.a(_usi_to_sf.o)
                                                  c:/users/danny/dev/arduino-1.0.5-r2/hardware/tools/avr/bin/../lib/gcc/avr/4.3.2/avr5\libgcc.a(_sf_to_si.o)
                                                  c:/users/danny/dev/arduino-1.0.5-r2/hardware/tools/avr/bin/../lib/gcc/avr/4.3.2/avr5\libgcc.a(_si_to_sf.o)
                                                  c:/users/danny/dev/arduino-1.0.5-r2/hardware/tools/avr/bin/../lib/gcc/avr/4.3.2/avr5\libgcc.a(_unord_sf.o)
                                                  c:/users/danny/dev/arduino-1.0.5-r2/hardware/tools/avr/bin/../lib/gcc/avr/4.3.2/avr5\libgcc.a(_le_sf.o)
                                                  c:/users/danny/dev/arduino-1.0.5-r2/hardware/tools/avr/bin/../lib/gcc/avr/4.3.2/avr5\libgcc.a(_lt_sf.o)
                                                  c:/users/danny/dev/arduino-1.0.5-r2/hardware/tools/avr/bin/../lib/gcc/avr/4.3.2/avr5\libgcc.a(_ge_sf.o)
                                                  c:/users/danny/dev/arduino-1.0.5-r2/hardware/tools/avr/bin/../lib/gcc/avr/4.3.2/avr5\libgcc.a(_gt_sf.o)
                                                  c:/users/danny/dev/arduino-1.0.5-r2/hardware/tools/avr/bin/../lib/gcc/avr/4.3.2/avr5\libgcc.a(_div_sf.o)
                                                  c:/users/danny/dev/arduino-1.0.5-r2/hardware/tools/avr/bin/../lib/gcc/avr/4.3.2/avr5\libgcc.a(_mul_sf.o)
                                                  c:/users/danny/dev/arduino-1.0.5-r2/hardware/tools/avr/bin/../lib/gcc/avr/4.3.2/avr5\libgcc.a(_addsub_sf.o)
__fixsfsi                                         c:/users/danny/dev/arduino-1.0.5-r2/hardware/tools/avr/bin/../lib/gcc/avr/4.3.2/avr5\libgcc.a(_sf_to_si.o)
                                                  c:/users/danny/dev/arduino-1.0.5-r2/hardware/tools/avr/bin/../lib/gcc/avr/4.3.2/avr5\libgcc.a(_fixunssfsi.o)
                                                  C:\dev\eclipse_avr\ArduCore\328P_16MHZ\libArduCore.a(Print.o)
__fixunssfsi                                      c:/users/danny/dev/arduino-1.0.5-r2/hardware/tools/avr/bin/../lib/gcc/avr/4.3.2/avr5\libgcc.a(_fixunssfsi.o)
                                                  C:\dev\eclipse_avr\ArduCore\328P_16MHZ\libArduCore.a(Print.o)
__floatsisf                                       c:/users/danny/dev/arduino-1.0.5-r2/hardware/tools/avr/bin/../lib/gcc/avr/4.3.2/avr5\libgcc.a(_si_to_sf.o)
                                                  C:\dev\eclipse_avr\ArduCore\328P_16MHZ\libArduCore.a(Print.o)
                                                  ./src/arduinoMain.o
__floatunsisf                                     c:/users/danny/dev/arduino-1.0.5-r2/hardware/tools/avr/bin/../lib/gcc/avr/4.3.2/avr5\libgcc.a(_usi_to_sf.o)
                                                  C:\dev\eclipse_avr\ArduCore\328P_16MHZ\libArduCore.a(Print.o)
                                                  ./src/arduinoMain.o
__flp                                             C:\dev\eclipse_avr\ArduCore\328P_16MHZ\libArduCore.a(realloc.o)
                                                  C:\dev\eclipse_avr\ArduCore\328P_16MHZ\libArduCore.a(malloc.o)
__fpcmp_parts_f                                   c:/users/danny/dev/arduino-1.0.5-r2/hardware/tools/avr/bin/../lib/gcc/avr/4.3.2/avr5\libgcc.a(_fpcmp_parts_sf.o)
                                                  c:/users/danny/dev/arduino-1.0.5-r2/hardware/tools/avr/bin/../lib/gcc/avr/4.3.2/avr5\libgcc.a(_le_sf.o)
                                                  c:/users/danny/dev/arduino-1.0.5-r2/hardware/tools/avr/bin/../lib/gcc/avr/4.3.2/avr5\libgcc.a(_lt_sf.o)
                                                  c:/users/danny/dev/arduino-1.0.5-r2/hardware/tools/avr/bin/../lib/gcc/avr/4.3.2/avr5\libgcc.a(_ge_sf.o)
                                                  c:/users/danny/dev/arduino-1.0.5-r2/hardware/tools/avr/bin/../lib/gcc/avr/4.3.2/avr5\libgcc.a(_gt_sf.o)
__gesf2                                           c:/users/danny/dev/arduino-1.0.5-r2/hardware/tools/avr/bin/../lib/gcc/avr/4.3.2/avr5\libgcc.a(_ge_sf.o)
                                                  c:/users/danny/dev/arduino-1.0.5-r2/hardware/tools/avr/bin/../lib/gcc/avr/4.3.2/avr5\libgcc.a(_fixunssfsi.o)
__gtsf2                                           c:/users/danny/dev/arduino-1.0.5-r2/hardware/tools/avr/bin/../lib/gcc/avr/4.3.2/avr5\libgcc.a(_gt_sf.o)
                                                  C:\dev\eclipse_avr\ArduCore\328P_16MHZ\libArduCore.a(Print.o)
__heap_end                                        c:/users/danny/dev/arduino-1.0.5-r2/hardware/tools/avr/bin/../lib/gcc/avr/4.3.2/../../../../avr/lib/avr5/crtm328p.o
                                                  C:\dev\eclipse_avr\ArduCore\328P_16MHZ\libArduCore.a(malloc.o)
__heap_start                                      C:\dev\eclipse_avr\ArduCore\328P_16MHZ\libArduCore.a(malloc.o)
__init                                            c:/users/danny/dev/arduino-1.0.5-r2/hardware/tools/avr/bin/../lib/gcc/avr/4.3.2/../../../../avr/lib/avr5/crtm328p.o
__lesf2                                           c:/users/danny/dev/arduino-1.0.5-r2/hardware/tools/avr/bin/../lib/gcc/avr/4.3.2/avr5\libgcc.a(_le_sf.o)
                                                  C:\dev\eclipse_avr\ArduCore\328P_16MHZ\libArduCore.a(Print.o)
__ltsf2                                           c:/users/danny/dev/arduino-1.0.5-r2/hardware/tools/avr/bin/../lib/gcc/avr/4.3.2/avr5\libgcc.a(_lt_sf.o)
                                                  C:\dev\eclipse_avr\ArduCore\328P_16MHZ\libArduCore.a(Print.o)
__malloc_heap_end                                 C:\dev\eclipse_avr\ArduCore\328P_16MHZ\libArduCore.a(malloc.o)
                                                  C:\dev\eclipse_avr\ArduCore\328P_16MHZ\libArduCore.a(realloc.o)
__malloc_heap_start                               C:\dev\eclipse_avr\ArduCore\328P_16MHZ\libArduCore.a(malloc.o)
__malloc_margin                                   C:\dev\eclipse_avr\ArduCore\328P_16MHZ\libArduCore.a(malloc.o)
                                                  C:\dev\eclipse_avr\ArduCore\328P_16MHZ\libArduCore.a(realloc.o)
__mulsf3                                          c:/users/danny/dev/arduino-1.0.5-r2/hardware/tools/avr/bin/../lib/gcc/avr/4.3.2/avr5\libgcc.a(_mul_sf.o)
                                                  C:\dev\eclipse_avr\ArduCore\328P_16MHZ\libArduCore.a(Print.o)
__mulsi3                                          c:/users/danny/dev/arduino-1.0.5-r2/hardware/tools/avr/bin/../lib/gcc/avr/4.3.2/avr5\libgcc.a(_mulsi3.o)
                                                  C:\dev\eclipse_avr\ArduCore\328P_16MHZ\libArduCore.a(Print.o)
__mulsi_const_10                                  c:/users/danny/dev/arduino-1.0.5-r2/hardware/tools/avr/bin/../lib/gcc/avr/4.3.2/../../../../avr/lib/avr5\libc.a(mulsi10.o)
                                                  c:/users/danny/dev/arduino-1.0.5-r2/hardware/tools/avr/bin/../lib/gcc/avr/4.3.2/../../../../avr/lib/avr5\libc.a(atol.o)
__pack_f                                          c:/users/danny/dev/arduino-1.0.5-r2/hardware/tools/avr/bin/../lib/gcc/avr/4.3.2/avr5\libgcc.a(_pack_sf.o)
                                                  c:/users/danny/dev/arduino-1.0.5-r2/hardware/tools/avr/bin/../lib/gcc/avr/4.3.2/avr5\libgcc.a(_usi_to_sf.o)
                                                  c:/users/danny/dev/arduino-1.0.5-r2/hardware/tools/avr/bin/../lib/gcc/avr/4.3.2/avr5\libgcc.a(_si_to_sf.o)
                                                  c:/users/danny/dev/arduino-1.0.5-r2/hardware/tools/avr/bin/../lib/gcc/avr/4.3.2/avr5\libgcc.a(_div_sf.o)
                                                  c:/users/danny/dev/arduino-1.0.5-r2/hardware/tools/avr/bin/../lib/gcc/avr/4.3.2/avr5\libgcc.a(_mul_sf.o)
                                                  c:/users/danny/dev/arduino-1.0.5-r2/hardware/tools/avr/bin/../lib/gcc/avr/4.3.2/avr5\libgcc.a(_addsub_sf.o)
__prologue_saves__                                c:/users/danny/dev/arduino-1.0.5-r2/hardware/tools/avr/bin/../lib/gcc/avr/4.3.2/avr5\libgcc.a(_prologue.o)
                                                  c:/users/danny/dev/arduino-1.0.5-r2/hardware/tools/avr/bin/../lib/gcc/avr/4.3.2/avr5\libgcc.a(_usi_to_sf.o)
                                                  c:/users/danny/dev/arduino-1.0.5-r2/hardware/tools/avr/bin/../lib/gcc/avr/4.3.2/avr5\libgcc.a(_sf_to_si.o)
                                                  c:/users/danny/dev/arduino-1.0.5-r2/hardware/tools/avr/bin/../lib/gcc/avr/4.3.2/avr5\libgcc.a(_si_to_sf.o)
                                                  c:/users/danny/dev/arduino-1.0.5-r2/hardware/tools/avr/bin/../lib/gcc/avr/4.3.2/avr5\libgcc.a(_unord_sf.o)
                                                  c:/users/danny/dev/arduino-1.0.5-r2/hardware/tools/avr/bin/../lib/gcc/avr/4.3.2/avr5\libgcc.a(_le_sf.o)
                                                  c:/users/danny/dev/arduino-1.0.5-r2/hardware/tools/avr/bin/../lib/gcc/avr/4.3.2/avr5\libgcc.a(_lt_sf.o)
                                                  c:/users/danny/dev/arduino-1.0.5-r2/hardware/tools/avr/bin/../lib/gcc/avr/4.3.2/avr5\libgcc.a(_ge_sf.o)
                                                  c:/users/danny/dev/arduino-1.0.5-r2/hardware/tools/avr/bin/../lib/gcc/avr/4.3.2/avr5\libgcc.a(_gt_sf.o)
                                                  c:/users/danny/dev/arduino-1.0.5-r2/hardware/tools/avr/bin/../lib/gcc/avr/4.3.2/avr5\libgcc.a(_div_sf.o)
                                                  c:/users/danny/dev/arduino-1.0.5-r2/hardware/tools/avr/bin/../lib/gcc/avr/4.3.2/avr5\libgcc.a(_mul_sf.o)
                                                  c:/users/danny/dev/arduino-1.0.5-r2/hardware/tools/avr/bin/../lib/gcc/avr/4.3.2/avr5\libgcc.a(_addsub_sf.o)
__stack                                           c:/users/danny/dev/arduino-1.0.5-r2/hardware/tools/avr/bin/../lib/gcc/avr/4.3.2/../../../../avr/lib/avr5/crtm328p.o
__subsf3                                          c:/users/danny/dev/arduino-1.0.5-r2/hardware/tools/avr/bin/../lib/gcc/avr/4.3.2/avr5\libgcc.a(_addsub_sf.o)
                                                  c:/users/danny/dev/arduino-1.0.5-r2/hardware/tools/avr/bin/../lib/gcc/avr/4.3.2/avr5\libgcc.a(_fixunssfsi.o)
                                                  C:\dev\eclipse_avr\ArduCore\328P_16MHZ\libArduCore.a(Print.o)
__tablejump2__                                    c:/users/danny/dev/arduino-1.0.5-r2/hardware/tools/avr/bin/../lib/gcc/avr/4.3.2/avr5\libgcc.a(_tablejump.o)
__tablejump__                                     c:/users/danny/dev/arduino-1.0.5-r2/hardware/tools/avr/bin/../lib/gcc/avr/4.3.2/avr5\libgcc.a(_tablejump.o)
                                                  c:/users/danny/dev/arduino-1.0.5-r2/hardware/tools/avr/bin/../lib/gcc/avr/4.3.2/avr5\libgcc.a(_ctors.o)
__thenan_sf                                       c:/users/danny/dev/arduino-1.0.5-r2/hardware/tools/avr/bin/../lib/gcc/avr/4.3.2/avr5\libgcc.a(_thenan_sf.o)
                                                  c:/users/danny/dev/arduino-1.0.5-r2/hardware/tools/avr/bin/../lib/gcc/avr/4.3.2/avr5\libgcc.a(_div_sf.o)
                                                  c:/users/danny/dev/arduino-1.0.5-r2/hardware/tools/avr/bin/../lib/gcc/avr/4.3.2/avr5\libgcc.a(_mul_sf.o)
                                                  c:/users/danny/dev/arduino-1.0.5-r2/hardware/tools/avr/bin/../lib/gcc/avr/4.3.2/avr5\libgcc.a(_addsub_sf.o)
__udivmodhi4                                      c:/users/danny/dev/arduino-1.0.5-r2/hardware/tools/avr/bin/../lib/gcc/avr/4.3.2/avr5\libgcc.a(_udivmodhi4.o)
                                                  c:/users/danny/dev/arduino-1.0.5-r2/hardware/tools/avr/bin/../lib/gcc/avr/4.3.2/../../../../avr/lib/avr5\libc.a(utoa.o)
                                                  c:/users/danny/dev/arduino-1.0.5-r2/hardware/tools/avr/bin/../lib/gcc/avr/4.3.2/../../../../avr/lib/avr5\libc.a(itoa.o)
__udivmodsi4                                      c:/users/danny/dev/arduino-1.0.5-r2/hardware/tools/avr/bin/../lib/gcc/avr/4.3.2/avr5\libgcc.a(_udivmodsi4.o)
                                                  c:/users/danny/dev/arduino-1.0.5-r2/hardware/tools/avr/bin/../lib/gcc/avr/4.3.2/../../../../avr/lib/avr5\libc.a(ultoa.o)
                                                  c:/users/danny/dev/arduino-1.0.5-r2/hardware/tools/avr/bin/../lib/gcc/avr/4.3.2/../../../../avr/lib/avr5\libc.a(ltoa.o)
                                                  C:\dev\eclipse_avr\ArduCore\328P_16MHZ\libArduCore.a(Print.o)
                                                  C:\dev\eclipse_avr\ArduCore\328P_16MHZ\libArduCore.a(HardwareSerial.o)
__unordsf2                                        c:/users/danny/dev/arduino-1.0.5-r2/hardware/tools/avr/bin/../lib/gcc/avr/4.3.2/avr5\libgcc.a(_unord_sf.o)
                                                  C:\dev\eclipse_avr\ArduCore\328P_16MHZ\libArduCore.a(Print.o)
__unpack_f                                        c:/users/danny/dev/arduino-1.0.5-r2/hardware/tools/avr/bin/../lib/gcc/avr/4.3.2/avr5\libgcc.a(_unpack_sf.o)
                                                  c:/users/danny/dev/arduino-1.0.5-r2/hardware/tools/avr/bin/../lib/gcc/avr/4.3.2/avr5\libgcc.a(_sf_to_si.o)
                                                  c:/users/danny/dev/arduino-1.0.5-r2/hardware/tools/avr/bin/../lib/gcc/avr/4.3.2/avr5\libgcc.a(_unord_sf.o)
                                                  c:/users/danny/dev/arduino-1.0.5-r2/hardware/tools/avr/bin/../lib/gcc/avr/4.3.2/avr5\libgcc.a(_le_sf.o)
                                                  c:/users/danny/dev/arduino-1.0.5-r2/hardware/tools/avr/bin/../lib/gcc/avr/4.3.2/avr5\libgcc.a(_lt_sf.o)
                                                  c:/users/danny/dev/arduino-1.0.5-r2/hardware/tools/avr/bin/../lib/gcc/avr/4.3.2/avr5\libgcc.a(_ge_sf.o)
                                                  c:/users/danny/dev/arduino-1.0.5-r2/hardware/tools/avr/bin/../lib/gcc/avr/4.3.2/avr5\libgcc.a(_gt_sf.o)
                                                  c:/users/danny/dev/arduino-1.0.5-r2/hardware/tools/avr/bin/../lib/gcc/avr/4.3.2/avr5\libgcc.a(_div_sf.o)
                                                  c:/users/danny/dev/arduino-1.0.5-r2/hardware/tools/avr/bin/../lib/gcc/avr/4.3.2/avr5\libgcc.a(_mul_sf.o)
                                                  c:/users/danny/dev/arduino-1.0.5-r2/hardware/tools/avr/bin/../lib/gcc/avr/4.3.2/avr5\libgcc.a(_addsub_sf.o)
__vector_1                                        c:/users/danny/dev/arduino-1.0.5-r2/hardware/tools/avr/bin/../lib/gcc/avr/4.3.2/../../../../avr/lib/avr5/crtm328p.o
__vector_10                                       c:/users/danny/dev/arduino-1.0.5-r2/hardware/tools/avr/bin/../lib/gcc/avr/4.3.2/../../../../avr/lib/avr5/crtm328p.o
__vector_11                                       c:/users/danny/dev/arduino-1.0.5-r2/hardware/tools/avr/bin/../lib/gcc/avr/4.3.2/../../../../avr/lib/avr5/crtm328p.o
__vector_12                                       c:/users/danny/dev/arduino-1.0.5-r2/hardware/tools/avr/bin/../lib/gcc/avr/4.3.2/../../../../avr/lib/avr5/crtm328p.o
__vector_13                                       c:/users/danny/dev/arduino-1.0.5-r2/hardware/tools/avr/bin/../lib/gcc/avr/4.3.2/../../../../avr/lib/avr5/crtm328p.o
__vector_14                                       c:/users/danny/dev/arduino-1.0.5-r2/hardware/tools/avr/bin/../lib/gcc/avr/4.3.2/../../../../avr/lib/avr5/crtm328p.o
__vector_15                                       c:/users/danny/dev/arduino-1.0.5-r2/hardware/tools/avr/bin/../lib/gcc/avr/4.3.2/../../../../avr/lib/avr5/crtm328p.o
__vector_16                                       C:\dev\eclipse_avr\ArduCore\328P_16MHZ\libArduCore.a(wiring.o)
                                                  c:/users/danny/dev/arduino-1.0.5-r2/hardware/tools/avr/bin/../lib/gcc/avr/4.3.2/../../../../avr/lib/avr5/crtm328p.o
__vector_17                                       c:/users/danny/dev/arduino-1.0.5-r2/hardware/tools/avr/bin/../lib/gcc/avr/4.3.2/../../../../avr/lib/avr5/crtm328p.o
__vector_18                                       C:\dev\eclipse_avr\ArduCore\328P_16MHZ\libArduCore.a(HardwareSerial.o)
                                                  c:/users/danny/dev/arduino-1.0.5-r2/hardware/tools/avr/bin/../lib/gcc/avr/4.3.2/../../../../avr/lib/avr5/crtm328p.o
__vector_19                                       C:\dev\eclipse_avr\ArduCore\328P_16MHZ\libArduCore.a(HardwareSerial.o)
                                                  c:/users/danny/dev/arduino-1.0.5-r2/hardware/tools/avr/bin/../lib/gcc/avr/4.3.2/../../../../avr/lib/avr5/crtm328p.o
__vector_2                                        c:/users/danny/dev/arduino-1.0.5-r2/hardware/tools/avr/bin/../lib/gcc/avr/4.3.2/../../../../avr/lib/avr5/crtm328p.o
__vector_20                                       c:/users/danny/dev/arduino-1.0.5-r2/hardware/tools/avr/bin/../lib/gcc/avr/4.3.2/../../../../avr/lib/avr5/crtm328p.o
__vector_21                                       c:/users/danny/dev/arduino-1.0.5-r2/hardware/tools/avr/bin/../lib/gcc/avr/4.3.2/../../../../avr/lib/avr5/crtm328p.o
__vector_22                                       c:/users/danny/dev/arduino-1.0.5-r2/hardware/tools/avr/bin/../lib/gcc/avr/4.3.2/../../../../avr/lib/avr5/crtm328p.o
__vector_23                                       c:/users/danny/dev/arduino-1.0.5-r2/hardware/tools/avr/bin/../lib/gcc/avr/4.3.2/../../../../avr/lib/avr5/crtm328p.o
__vector_24                                       c:/users/danny/dev/arduino-1.0.5-r2/hardware/tools/avr/bin/../lib/gcc/avr/4.3.2/../../../../avr/lib/avr5/crtm328p.o
__vector_25                                       c:/users/danny/dev/arduino-1.0.5-r2/hardware/tools/avr/bin/../lib/gcc/avr/4.3.2/../../../../avr/lib/avr5/crtm328p.o
__vector_3                                        c:/users/danny/dev/arduino-1.0.5-r2/hardware/tools/avr/bin/../lib/gcc/avr/4.3.2/../../../../avr/lib/avr5/crtm328p.o
__vector_4                                        c:/users/danny/dev/arduino-1.0.5-r2/hardware/tools/avr/bin/../lib/gcc/avr/4.3.2/../../../../avr/lib/avr5/crtm328p.o
__vector_5                                        c:/users/danny/dev/arduino-1.0.5-r2/hardware/tools/avr/bin/../lib/gcc/avr/4.3.2/../../../../avr/lib/avr5/crtm328p.o
__vector_6                                        c:/users/danny/dev/arduino-1.0.5-r2/hardware/tools/avr/bin/../lib/gcc/avr/4.3.2/../../../../avr/lib/avr5/crtm328p.o
__vector_7                                        c:/users/danny/dev/arduino-1.0.5-r2/hardware/tools/avr/bin/../lib/gcc/avr/4.3.2/../../../../avr/lib/avr5/crtm328p.o
__vector_8                                        c:/users/danny/dev/arduino-1.0.5-r2/hardware/tools/avr/bin/../lib/gcc/avr/4.3.2/../../../../avr/lib/avr5/crtm328p.o
__vector_9                                        c:/users/danny/dev/arduino-1.0.5-r2/hardware/tools/avr/bin/../lib/gcc/avr/4.3.2/../../../../avr/lib/avr5/crtm328p.o
__vector_default                                  c:/users/danny/dev/arduino-1.0.5-r2/hardware/tools/avr/bin/../lib/gcc/avr/4.3.2/../../../../avr/lib/avr5/crtm328p.o
__vectors                                         c:/users/danny/dev/arduino-1.0.5-r2/hardware/tools/avr/bin/../lib/gcc/avr/4.3.2/../../../../avr/lib/avr5/crtm328p.o
_exit                                             c:/users/danny/dev/arduino-1.0.5-r2/hardware/tools/avr/bin/../lib/gcc/avr/4.3.2/avr5\libgcc.a(_exit.o)
analogRead                                        C:\dev\eclipse_avr\ArduCore\328P_16MHZ\libArduCore.a(wiring_analog.o)
                                                  C:\dev\eclipse_avr\ArduLibs\328P_16MHZ\libArduLibs.a(LEDSensor.o)
                                                  ./src/arduinoMain.o
analogReference                                   C:\dev\eclipse_avr\ArduCore\328P_16MHZ\libArduCore.a(wiring_analog.o)
analogWrite                                       C:\dev\eclipse_avr\ArduCore\328P_16MHZ\libArduCore.a(wiring_analog.o)
analog_reference                                  C:\dev\eclipse_avr\ArduCore\328P_16MHZ\libArduCore.a(wiring_analog.o)
atol                                              c:/users/danny/dev/arduino-1.0.5-r2/hardware/tools/avr/bin/../lib/gcc/avr/4.3.2/../../../../avr/lib/avr5\libc.a(atol.o)
                                                  C:\dev\eclipse_avr\ArduCore\328P_16MHZ\libArduCore.a(WString.o)
avg                                               ./src/arduinoMain.o
count                                             ./src/arduinoMain.o
delay                                             C:\dev\eclipse_avr\ArduCore\328P_16MHZ\libArduCore.a(wiring.o)
                                                  C:\dev\eclipse_avr\ArduLibs\328P_16MHZ\libArduLibs.a(LEDSensor.o)
delayMicroseconds                                 C:\dev\eclipse_avr\ArduCore\328P_16MHZ\libArduCore.a(wiring.o)
digitalRead                                       C:\dev\eclipse_avr\ArduCore\328P_16MHZ\libArduCore.a(wiring_digital.o)
                                                  C:\dev\eclipse_avr\ArduLibs\328P_16MHZ\libArduLibs.a(LEDSensor.o)
digitalWrite                                      C:\dev\eclipse_avr\ArduCore\328P_16MHZ\libArduCore.a(wiring_digital.o)
                                                  C:\dev\eclipse_avr\ArduCore\328P_16MHZ\libArduCore.a(wiring_analog.o)
                                                  C:\dev\eclipse_avr\ArduLibs\328P_16MHZ\libArduLibs.a(LEDSensor.o)
digital_pin_to_bit_mask_PGM                       C:\dev\eclipse_avr\ArduCore\328P_16MHZ\libArduCore.a(wiring_digital.o)
digital_pin_to_port_PGM                           C:\dev\eclipse_avr\ArduCore\328P_16MHZ\libArduCore.a(wiring_digital.o)
digital_pin_to_timer_PGM                          C:\dev\eclipse_avr\ArduCore\328P_16MHZ\libArduCore.a(wiring_digital.o)
                                                  C:\dev\eclipse_avr\ArduCore\328P_16MHZ\libArduCore.a(wiring_analog.o)
exit                                              c:/users/danny/dev/arduino-1.0.5-r2/hardware/tools/avr/bin/../lib/gcc/avr/4.3.2/avr5\libgcc.a(_exit.o)
                                                  c:/users/danny/dev/arduino-1.0.5-r2/hardware/tools/avr/bin/../lib/gcc/avr/4.3.2/../../../../avr/lib/avr5/crtm328p.o
free                                              C:\dev\eclipse_avr\ArduCore\328P_16MHZ\libArduCore.a(malloc.o)
                                                  C:\dev\eclipse_avr\ArduCore\328P_16MHZ\libArduCore.a(realloc.o)
                                                  C:\dev\eclipse_avr\ArduCore\328P_16MHZ\libArduCore.a(WString.o)
                                                  ./src/main.o
init                                              C:\dev\eclipse_avr\ArduCore\328P_16MHZ\libArduCore.a(wiring.o)
                                                  C:\dev\eclipse_avr\ArduCore\328P_16MHZ\libArduCore.a(main.o)
isspace                                           c:/users/danny/dev/arduino-1.0.5-r2/hardware/tools/avr/bin/../lib/gcc/avr/4.3.2/../../../../avr/lib/avr5\libc.a(isspace.o)
                                                  C:\dev\eclipse_avr\ArduCore\328P_16MHZ\libArduCore.a(WString.o)
itoa                                              c:/users/danny/dev/arduino-1.0.5-r2/hardware/tools/avr/bin/../lib/gcc/avr/4.3.2/../../../../avr/lib/avr5\libc.a(itoa.o)
                                                  C:\dev\eclipse_avr\ArduCore\328P_16MHZ\libArduCore.a(WString.o)
led                                               ./src/arduinoMain.o
loop                                              ./src/arduinoMain.o
                                                  C:\dev\eclipse_avr\ArduCore\328P_16MHZ\libArduCore.a(main.o)
ltoa                                              c:/users/danny/dev/arduino-1.0.5-r2/hardware/tools/avr/bin/../lib/gcc/avr/4.3.2/../../../../avr/lib/avr5\libc.a(ltoa.o)
                                                  C:\dev\eclipse_avr\ArduCore\328P_16MHZ\libArduCore.a(WString.o)
main                                              C:\dev\eclipse_avr\ArduCore\328P_16MHZ\libArduCore.a(main.o)
                                                  c:/users/danny/dev/arduino-1.0.5-r2/hardware/tools/avr/bin/../lib/gcc/avr/4.3.2/../../../../avr/lib/avr5/crtm328p.o
malloc                                            C:\dev\eclipse_avr\ArduCore\328P_16MHZ\libArduCore.a(malloc.o)
                                                  C:\dev\eclipse_avr\ArduCore\328P_16MHZ\libArduCore.a(realloc.o)
                                                  ./src/main.o
memcpy                                            c:/users/danny/dev/arduino-1.0.5-r2/hardware/tools/avr/bin/../lib/gcc/avr/4.3.2/../../../../avr/lib/avr5\libc.a(memcpy.o)
                                                  c:/users/danny/dev/arduino-1.0.5-r2/hardware/tools/avr/bin/../lib/gcc/avr/4.3.2/../../../../avr/lib/avr5\libc.a(memmove.o)
                                                  C:\dev\eclipse_avr\ArduCore\328P_16MHZ\libArduCore.a(realloc.o)
                                                  C:\dev\eclipse_avr\ArduCore\328P_16MHZ\libArduCore.a(WString.o)
memmove                                           c:/users/danny/dev/arduino-1.0.5-r2/hardware/tools/avr/bin/../lib/gcc/avr/4.3.2/../../../../avr/lib/avr5\libc.a(memmove.o)
                                                  C:\dev\eclipse_avr\ArduCore\328P_16MHZ\libArduCore.a(WString.o)
micros                                            C:\dev\eclipse_avr\ArduCore\328P_16MHZ\libArduCore.a(wiring.o)
millis                                            C:\dev\eclipse_avr\ArduCore\328P_16MHZ\libArduCore.a(wiring.o)
                                                  C:\dev\eclipse_avr\ArduLibs\328P_16MHZ\libArduLibs.a(LEDSensor.o)
                                                  ./src/arduinoMain.o
operator delete(void*)                            ./src/main.o
operator delete[](void*)                          ./src/main.o
operator new(unsigned int)                        ./src/main.o
operator new[](unsigned int)                      ./src/main.o
operator+(StringSumHelper const&, String const&)  C:\dev\eclipse_avr\ArduCore\328P_16MHZ\libArduCore.a(WString.o)
operator+(StringSumHelper const&, char const*)    C:\dev\eclipse_avr\ArduCore\328P_16MHZ\libArduCore.a(WString.o)
operator+(StringSumHelper const&, char)           C:\dev\eclipse_avr\ArduCore\328P_16MHZ\libArduCore.a(WString.o)
operator+(StringSumHelper const&, int)            C:\dev\eclipse_avr\ArduCore\328P_16MHZ\libArduCore.a(WString.o)
operator+(StringSumHelper const&, long)           C:\dev\eclipse_avr\ArduCore\328P_16MHZ\libArduCore.a(WString.o)
operator+(StringSumHelper const&, unsigned char)  C:\dev\eclipse_avr\ArduCore\328P_16MHZ\libArduCore.a(WString.o)
operator+(StringSumHelper const&, unsigned int)   C:\dev\eclipse_avr\ArduCore\328P_16MHZ\libArduCore.a(WString.o)
operator+(StringSumHelper const&, unsigned long)  C:\dev\eclipse_avr\ArduCore\328P_16MHZ\libArduCore.a(WString.o)
pinMode                                           C:\dev\eclipse_avr\ArduCore\328P_16MHZ\libArduCore.a(wiring_digital.o)
                                                  C:\dev\eclipse_avr\ArduCore\328P_16MHZ\libArduCore.a(wiring_analog.o)
                                                  C:\dev\eclipse_avr\ArduLibs\328P_16MHZ\libArduLibs.a(LEDSensor.o)
port_to_input_PGM                                 C:\dev\eclipse_avr\ArduCore\328P_16MHZ\libArduCore.a(wiring_digital.o)
port_to_mode_PGM                                  C:\dev\eclipse_avr\ArduCore\328P_16MHZ\libArduCore.a(wiring_digital.o)
port_to_output_PGM                                C:\dev\eclipse_avr\ArduCore\328P_16MHZ\libArduCore.a(wiring_digital.o)
realloc                                           C:\dev\eclipse_avr\ArduCore\328P_16MHZ\libArduCore.a(realloc.o)
                                                  C:\dev\eclipse_avr\ArduCore\328P_16MHZ\libArduCore.a(WString.o)
rx_buffer                                         C:\dev\eclipse_avr\ArduCore\328P_16MHZ\libArduCore.a(HardwareSerial.o)
serialEvent()                                     C:\dev\eclipse_avr\ArduCore\328P_16MHZ\libArduCore.a(HardwareSerial.o)
serialEventRun()                                  C:\dev\eclipse_avr\ArduCore\328P_16MHZ\libArduCore.a(HardwareSerial.o)
                                                  C:\dev\eclipse_avr\ArduCore\328P_16MHZ\libArduCore.a(main.o)
setup                                             ./src/arduinoMain.o
                                                  C:\dev\eclipse_avr\ArduCore\328P_16MHZ\libArduCore.a(main.o)
stopwatch                                         ./src/arduinoMain.o
strchr                                            c:/users/danny/dev/arduino-1.0.5-r2/hardware/tools/avr/bin/../lib/gcc/avr/4.3.2/../../../../avr/lib/avr5\libc.a(strchr.o)
                                                  C:\dev\eclipse_avr\ArduCore\328P_16MHZ\libArduCore.a(WString.o)
strcmp                                            c:/users/danny/dev/arduino-1.0.5-r2/hardware/tools/avr/bin/../lib/gcc/avr/4.3.2/../../../../avr/lib/avr5\libc.a(strcmp.o)
                                                  C:\dev\eclipse_avr\ArduCore\328P_16MHZ\libArduCore.a(WString.o)
strcpy                                            c:/users/danny/dev/arduino-1.0.5-r2/hardware/tools/avr/bin/../lib/gcc/avr/4.3.2/../../../../avr/lib/avr5\libc.a(strcpy.o)
                                                  C:\dev\eclipse_avr\ArduCore\328P_16MHZ\libArduCore.a(WString.o)
strncmp                                           c:/users/danny/dev/arduino-1.0.5-r2/hardware/tools/avr/bin/../lib/gcc/avr/4.3.2/../../../../avr/lib/avr5\libc.a(strncmp.o)
                                                  C:\dev\eclipse_avr\ArduCore\328P_16MHZ\libArduCore.a(WString.o)
strncpy                                           c:/users/danny/dev/arduino-1.0.5-r2/hardware/tools/avr/bin/../lib/gcc/avr/4.3.2/../../../../avr/lib/avr5\libc.a(strncpy.o)
                                                  C:\dev\eclipse_avr\ArduCore\328P_16MHZ\libArduCore.a(WString.o)
strrchr                                           c:/users/danny/dev/arduino-1.0.5-r2/hardware/tools/avr/bin/../lib/gcc/avr/4.3.2/../../../../avr/lib/avr5\libc.a(strrchr.o)
                                                  C:\dev\eclipse_avr\ArduCore\328P_16MHZ\libArduCore.a(WString.o)
strrev                                            c:/users/danny/dev/arduino-1.0.5-r2/hardware/tools/avr/bin/../lib/gcc/avr/4.3.2/../../../../avr/lib/avr5\libc.a(strrev.o)
                                                  c:/users/danny/dev/arduino-1.0.5-r2/hardware/tools/avr/bin/../lib/gcc/avr/4.3.2/../../../../avr/lib/avr5\libc.a(utoa.o)
                                                  c:/users/danny/dev/arduino-1.0.5-r2/hardware/tools/avr/bin/../lib/gcc/avr/4.3.2/../../../../avr/lib/avr5\libc.a(ultoa.o)
                                                  c:/users/danny/dev/arduino-1.0.5-r2/hardware/tools/avr/bin/../lib/gcc/avr/4.3.2/../../../../avr/lib/avr5\libc.a(ltoa.o)
                                                  c:/users/danny/dev/arduino-1.0.5-r2/hardware/tools/avr/bin/../lib/gcc/avr/4.3.2/../../../../avr/lib/avr5\libc.a(itoa.o)
strstr                                            c:/users/danny/dev/arduino-1.0.5-r2/hardware/tools/avr/bin/../lib/gcc/avr/4.3.2/../../../../avr/lib/avr5\libc.a(strstr.o)
                                                  C:\dev\eclipse_avr\ArduCore\328P_16MHZ\libArduCore.a(WString.o)
sum                                               ./src/arduinoMain.o
timer0_millis                                     C:\dev\eclipse_avr\ArduCore\328P_16MHZ\libArduCore.a(wiring.o)
timer0_overflow_count                             C:\dev\eclipse_avr\ArduCore\328P_16MHZ\libArduCore.a(wiring.o)
tolower                                           c:/users/danny/dev/arduino-1.0.5-r2/hardware/tools/avr/bin/../lib/gcc/avr/4.3.2/../../../../avr/lib/avr5\libc.a(tolower.o)
                                                  C:\dev\eclipse_avr\ArduCore\328P_16MHZ\libArduCore.a(WString.o)
toupper                                           c:/users/danny/dev/arduino-1.0.5-r2/hardware/tools/avr/bin/../lib/gcc/avr/4.3.2/../../../../avr/lib/avr5\libc.a(toupper.o)
                                                  C:\dev\eclipse_avr\ArduCore\328P_16MHZ\libArduCore.a(WString.o)
transform(unsigned long)                          ./src/arduinoMain.o
tx_buffer                                         C:\dev\eclipse_avr\ArduCore\328P_16MHZ\libArduCore.a(HardwareSerial.o)
ultoa                                             c:/users/danny/dev/arduino-1.0.5-r2/hardware/tools/avr/bin/../lib/gcc/avr/4.3.2/../../../../avr/lib/avr5\libc.a(ultoa.o)
                                                  C:\dev\eclipse_avr\ArduCore\328P_16MHZ\libArduCore.a(WString.o)
utoa                                              c:/users/danny/dev/arduino-1.0.5-r2/hardware/tools/avr/bin/../lib/gcc/avr/4.3.2/../../../../avr/lib/avr5\libc.a(utoa.o)
                                                  C:\dev\eclipse_avr\ArduCore\328P_16MHZ\libArduCore.a(WString.o)
vtable for HardwareSerial                         C:\dev\eclipse_avr\ArduCore\328P_16MHZ\libArduCore.a(HardwareSerial.o)
vtable for Print                                  C:\dev\eclipse_avr\ArduCore\328P_16MHZ\libArduCore.a(Print.o)
vtable for Stream                                 C:\dev\eclipse_avr\ArduCore\328P_16MHZ\libArduCore.a(HardwareSerial.o)
