Archive member included because of file (symbol)

C:\dev\eclipse_avr\ArduLibs\328P_16MHZ\libArduLibs.a(Wire.o)
                              ./src/arduinoMain.o (TwoWire::read())
C:\dev\eclipse_avr\ArduLibs\328P_16MHZ\libArduLibs.a(twi.o)
                              C:\dev\eclipse_avr\ArduLibs\328P_16MHZ\libArduLibs.a(Wire.o) (twi_setAddress(unsigned char))
C:\dev\eclipse_avr\ArduLibs\328P_16MHZ\libArduLibs.a(cmdprocessor.o)
                              ./src/arduinoMain.o (SerialCommand::setDefaultHandler(void (*)(char const*)))
C:\dev\eclipse_avr\ArduLibs\328P_16MHZ\libArduLibs.a(AFMotor.o)
                              ./src/arduinoMain.o (AF_DCMotor::setSpeed(unsigned char))
C:\dev\eclipse_avr\ArduCore\328P_16MHZ\libArduCore.a(HardwareSerial.o)
                              ./src/arduinoMain.o (Serial)
C:\dev\eclipse_avr\ArduCore\328P_16MHZ\libArduCore.a(Print.o)
                              C:\dev\eclipse_avr\ArduLibs\328P_16MHZ\libArduLibs.a(Wire.o) (Print::write(unsigned char const*, unsigned int))
C:\dev\eclipse_avr\ArduCore\328P_16MHZ\libArduCore.a(WMath.o)
                              ./src/arduinoMain.o (map(long, long, long, long, long))
C:\dev\eclipse_avr\ArduCore\328P_16MHZ\libArduCore.a(WString.o)
                              C:\dev\eclipse_avr\ArduCore\328P_16MHZ\libArduCore.a(Print.o) (String::operator[](unsigned int) const)
C:\dev\eclipse_avr\ArduCore\328P_16MHZ\libArduCore.a(main.o)
                              c:/users/danny/dev/arduino-1.0.5-r2/hardware/tools/avr/bin/../lib/gcc/avr/4.3.2/../../../../avr/lib/avr5/crtm328p.o (main)
C:\dev\eclipse_avr\ArduCore\328P_16MHZ\libArduCore.a(wiring.o)
                              ./src/arduinoMain.o (millis)
C:\dev\eclipse_avr\ArduCore\328P_16MHZ\libArduCore.a(wiring_digital.o)
                              ./src/arduinoMain.o (pinMode)
C:\dev\eclipse_avr\ArduCore\328P_16MHZ\libArduCore.a(malloc.o)
                              ./src/main.o (malloc)
C:\dev\eclipse_avr\ArduCore\328P_16MHZ\libArduCore.a(realloc.o)
                              C:\dev\eclipse_avr\ArduCore\328P_16MHZ\libArduCore.a(WString.o) (realloc)
c:/users/danny/dev/arduino-1.0.5-r2/hardware/tools/avr/bin/../lib/gcc/avr/4.3.2/../../../../avr/lib/avr5\libm.a(addsf3.o)
                              C:\dev\eclipse_avr\ArduCore\328P_16MHZ\libArduCore.a(Print.o) (__subsf3)
c:/users/danny/dev/arduino-1.0.5-r2/hardware/tools/avr/bin/../lib/gcc/avr/4.3.2/../../../../avr/lib/avr5\libm.a(addsf3x.o)
                              c:/users/danny/dev/arduino-1.0.5-r2/hardware/tools/avr/bin/../lib/gcc/avr/4.3.2/../../../../avr/lib/avr5\libm.a(addsf3.o) (__addsf3x)
c:/users/danny/dev/arduino-1.0.5-r2/hardware/tools/avr/bin/../lib/gcc/avr/4.3.2/../../../../avr/lib/avr5\libm.a(cmpsf2.o)
                              ./src/arduinoMain.o (__ltsf2)
c:/users/danny/dev/arduino-1.0.5-r2/hardware/tools/avr/bin/../lib/gcc/avr/4.3.2/../../../../avr/lib/avr5\libm.a(cos.o)
                              ./src/arduinoMain.o (cos)
c:/users/danny/dev/arduino-1.0.5-r2/hardware/tools/avr/bin/../lib/gcc/avr/4.3.2/../../../../avr/lib/avr5\libm.a(divsf3.o)
                              ./src/arduinoMain.o (__divsf3)
c:/users/danny/dev/arduino-1.0.5-r2/hardware/tools/avr/bin/../lib/gcc/avr/4.3.2/../../../../avr/lib/avr5\libm.a(divsf3x.o)
                              c:/users/danny/dev/arduino-1.0.5-r2/hardware/tools/avr/bin/../lib/gcc/avr/4.3.2/../../../../avr/lib/avr5\libm.a(divsf3.o) (__divsf3x)
c:/users/danny/dev/arduino-1.0.5-r2/hardware/tools/avr/bin/../lib/gcc/avr/4.3.2/../../../../avr/lib/avr5\libm.a(fixsfsi.o)
                              ./src/arduinoMain.o (__fixsfsi)
c:/users/danny/dev/arduino-1.0.5-r2/hardware/tools/avr/bin/../lib/gcc/avr/4.3.2/../../../../avr/lib/avr5\libm.a(fixunssfsi.o)
                              C:\dev\eclipse_avr\ArduCore\328P_16MHZ\libArduCore.a(Print.o) (__fixunssfsi)
c:/users/danny/dev/arduino-1.0.5-r2/hardware/tools/avr/bin/../lib/gcc/avr/4.3.2/../../../../avr/lib/avr5\libm.a(floatsisf.o)
                              ./src/arduinoMain.o (__floatunsisf)
c:/users/danny/dev/arduino-1.0.5-r2/hardware/tools/avr/bin/../lib/gcc/avr/4.3.2/../../../../avr/lib/avr5\libm.a(fp_cmp.o)
                              c:/users/danny/dev/arduino-1.0.5-r2/hardware/tools/avr/bin/../lib/gcc/avr/4.3.2/../../../../avr/lib/avr5\libm.a(cmpsf2.o) (__fp_cmp)
c:/users/danny/dev/arduino-1.0.5-r2/hardware/tools/avr/bin/../lib/gcc/avr/4.3.2/../../../../avr/lib/avr5\libm.a(fp_inf.o)
                              c:/users/danny/dev/arduino-1.0.5-r2/hardware/tools/avr/bin/../lib/gcc/avr/4.3.2/../../../../avr/lib/avr5\libm.a(addsf3x.o) (__fp_inf)
c:/users/danny/dev/arduino-1.0.5-r2/hardware/tools/avr/bin/../lib/gcc/avr/4.3.2/../../../../avr/lib/avr5\libm.a(fp_nan.o)
                              c:/users/danny/dev/arduino-1.0.5-r2/hardware/tools/avr/bin/../lib/gcc/avr/4.3.2/../../../../avr/lib/avr5\libm.a(addsf3x.o) (__fp_nan)
[...]
Memory Configuration

Name             Origin             Length             Attributes
text             0x00000000         0x00020000         xr
data             0x00800060         0x0000ffa0         rw !x
eeprom           0x00810000         0x00010000         rw !x
fuse             0x00820000         0x00000400         rw !x
lock             0x00830000         0x00000400         rw !x
signature        0x00840000         0x00000400         rw !x
*default*        0x00000000         0xffffffff

Linker script and memory map

Address of section .data set to 0x800100
LOAD c:/users/danny/dev/arduino-1.0.5-r2/hardware/tools/avr/bin/../lib/gcc/avr/4.3.2/../../../../avr/lib/avr5/crtm328p.o
LOAD ./src/arduinoMain.o
LOAD ./src/main.o
LOAD C:\dev\eclipse_avr\ArduLibs\328P_16MHZ\libArduLibs.a
LOAD C:\dev\eclipse_avr\ArduCore\328P_16MHZ\libArduCore.a
LOAD c:/users/danny/dev/arduino-1.0.5-r2/hardware/tools/avr/bin/../lib/gcc/avr/4.3.2/../../../../avr/lib/avr5\libm.a
LOAD c:/users/danny/dev/arduino-1.0.5-r2/hardware/tools/avr/bin/../lib/gcc/avr/4.3.2/../../../../avr/lib/avr5\libc.a
LOAD c:/users/danny/dev/arduino-1.0.5-r2/hardware/tools/avr/bin/../lib/gcc/avr/4.3.2/avr5\libgcc.a
LOAD c:/users/danny/dev/arduino-1.0.5-r2/hardware/tools/avr/bin/../lib/gcc/avr/4.3.2/../../../../avr/lib/avr5\libm.a
LOAD c:/users/danny/dev/arduino-1.0.5-r2/hardware/tools/avr/bin/../lib/gcc/avr/4.3.2/../../../../avr/lib/avr5\libc.a
LOAD c:/users/danny/dev/arduino-1.0.5-r2/hardware/tools/avr/bin/../lib/gcc/avr/4.3.2/avr5\libgcc.a
LOAD c:/users/danny/dev/arduino-1.0.5-r2/hardware/tools/avr/bin/../lib/gcc/avr/4.3.2/../../../../avr/lib/avr5\libc.a
LOAD c:/users/danny/dev/arduino-1.0.5-r2/hardware/tools/avr/bin/../lib/gcc/avr/4.3.2/avr5\libgcc.a

.hash
 *(.hash)

.dynsym
 *(.dynsym)

.dynstr
 *(.dynstr)

.gnu.version
 *(.gnu.version)

.gnu.version_d
 *(.gnu.version_d)

.gnu.version_r
 *(.gnu.version_r)

.rel.init
 *(.rel.init)

.rela.init
 *(.rela.init)

.rel.text
 *(.rel.text)
 *(.rel.text.*)
 *(.rel.gnu.linkonce.t*)

.rela.text
 *(.rela.text)
 *(.rela.text.*)
 *(.rela.gnu.linkonce.t*)

.rel.fini
 *(.rel.fini)

.rela.fini
 *(.rela.fini)

.rel.rodata
 *(.rel.rodata)
 *(.rel.rodata.*)
 *(.rel.gnu.linkonce.r*)

.rela.rodata
 *(.rela.rodata)
 *(.rela.rodata.*)
 *(.rela.gnu.linkonce.r*)

.rel.data
 *(.rel.data)
 *(.rel.data.*)
 *(.rel.gnu.linkonce.d*)

.rela.data
 *(.rela.data)
 *(.rela.data.*)
 *(.rela.gnu.linkonce.d*)

.rel.ctors
 *(.rel.ctors)

.rela.ctors
 *(.rela.ctors)

.rel.dtors
 *(.rel.dtors)

.rela.dtors
 *(.rela.dtors)

.rel.got
 *(.rel.got)

.rela.got
 *(.rela.got)

.rel.bss
 *(.rel.bss)

.rela.bss
 *(.rela.bss)

.rel.plt
 *(.rel.plt)

.rela.plt
 *(.rela.plt)

.text           0x00000000     0x2ab6
 *(.vectors)
 .vectors       0x00000000       0x68 c:/users/danny/dev/arduino-1.0.5-r2/hardware/tools/avr/bin/../lib/gcc/avr/4.3.2/../../../../avr/lib/avr5/crtm328p.o
                0x00000000                __vectors
                0x00000000                __vector_default
 *(.vectors)
 *(.progmem.gcc*)
 .progmem.gcc_fplib
                0x00000068       0x1e c:/users/danny/dev/arduino-1.0.5-r2/hardware/tools/avr/bin/../lib/gcc/avr/4.3.2/../../../../avr/lib/avr5\libm.a(fp_sinus.o)
 *(.progmem*)
 .progmem.data  0x00000086       0x5a C:\dev\eclipse_avr\ArduCore\328P_16MHZ\libArduCore.a(wiring_digital.o)
                0x00000086                port_to_mode_PGM
                0x000000a4                digital_pin_to_port_PGM
                0x000000b8                digital_pin_to_bit_mask_PGM
                0x00000090                port_to_output_PGM
                0x0000009a                port_to_input_PGM
                0x000000cc                digital_pin_to_timer_PGM
                0x000000e0                . = ALIGN (0x2)
                0x000000e0                __trampolines_start = .
 *(.trampolines)
 .trampolines   0x000000e0        0x0 linker stubs
 *(.trampolines*)
                0x000000e0                __trampolines_end = .
 *(.jumptables)
 *(.jumptables*)
 *(.lowtext)
 *(.lowtext*)
                0x000000e0                __ctors_start = .
 *(.ctors)
 .ctors         0x000000e0        0x2 ./src/arduinoMain.o
 .ctors         0x000000e2        0x2 C:\dev\eclipse_avr\ArduLibs\328P_16MHZ\libArduLibs.a(Wire.o)
 .ctors         0x000000e4        0x2 C:\dev\eclipse_avr\ArduLibs\328P_16MHZ\libArduLibs.a(AFMotor.o)
 .ctors         0x000000e6        0x2 C:\dev\eclipse_avr\ArduCore\328P_16MHZ\libArduCore.a(HardwareSerial.o)
                0x000000e8                __ctors_end = .
                0x000000e8                __dtors_start = .
 *(.dtors)
 .dtors         0x000000e8        0x2 C:\dev\eclipse_avr\ArduLibs\328P_16MHZ\libArduLibs.a(Wire.o)
                0x000000ea                __dtors_end = .
 SORT(*)(.ctors)
 SORT(*)(.dtors)
 *(.init0)
 .init0         0x000000ea        0x0 c:/users/danny/dev/arduino-1.0.5-r2/hardware/tools/avr/bin/../lib/gcc/avr/4.3.2/../../../../avr/lib/avr5/crtm328p.o
                0x000000ea                __init
 *(.init0)
 *(.init1)
 *(.init1)
 *(.init2)
 .init2         0x000000ea        0xc c:/users/danny/dev/arduino-1.0.5-r2/hardware/tools/avr/bin/../lib/gcc/avr/4.3.2/../../../../avr/lib/avr5/crtm328p.o
 *(.init2)
 *(.init3)
 *(.init3)
 *(.init4)
 .init4         0x000000f6       0x16 c:/users/danny/dev/arduino-1.0.5-r2/hardware/tools/avr/bin/../lib/gcc/avr/4.3.2/avr5\libgcc.a(_copy_data.o)
                0x000000f6                __do_copy_data
 .init4         0x0000010c       0x10 c:/users/danny/dev/arduino-1.0.5-r2/hardware/tools/avr/bin/../lib/gcc/avr/4.3.2/avr5\libgcc.a(_clear_bss.o)
                0x0000010c                __do_clear_bss
 *(.init4)
 *(.init5)
 *(.init5)
 *(.init6)
 .init6         0x0000011c       0x16 c:/users/danny/dev/arduino-1.0.5-r2/hardware/tools/avr/bin/../lib/gcc/avr/4.3.2/avr5\libgcc.a(_ctors.o)
                0x0000011c                __do_global_ctors
 *(.init6)
 *(.init7)
 *(.init7)
 *(.init8)
 *(.init8)
 *(.init9)
 .init9         0x00000132        0x6 c:/users/danny/dev/arduino-1.0.5-r2/hardware/tools/avr/bin/../lib/gcc/avr/4.3.2/../../../../avr/lib/avr5/crtm328p.o
 *(.init9)
 *(.text)
 .text          0x00000138        0x2 c:/users/danny/dev/arduino-1.0.5-r2/hardware/tools/avr/bin/../lib/gcc/avr/4.3.2/../../../../avr/lib/avr5/crtm328p.o
                0x00000138                __vector_22
                0x00000138                __vector_1
                0x00000138                __vector_12
                0x00000138                __bad_interrupt
                0x00000138                __vector_6
                0x00000138                __vector_3
                0x00000138                __vector_23
                0x00000138                __vector_25
                0x00000138                __vector_11
                0x00000138                __vector_13
                0x00000138                __vector_17
                0x00000138                __vector_7
                0x00000138                __vector_5
                0x00000138                __vector_4
                0x00000138                __vector_9
                0x00000138                __vector_2
                0x00000138                __vector_21
                0x00000138                __vector_15
                0x00000138                __vector_8
                0x00000138                __vector_14
                0x00000138                __vector_10
                0x00000138                __vector_20
 .text          0x0000013a        0x6 c:/users/danny/dev/arduino-1.0.5-r2/hardware/tools/avr/bin/../lib/gcc/avr/4.3.2/../../../../avr/lib/avr5\libc.a(exit.o)
                0x0000013a                exit
 .text          0x00000140        0xe c:/users/danny/dev/arduino-1.0.5-r2/hardware/tools/avr/bin/../lib/gcc/avr/4.3.2/../../../../avr/lib/avr5\libc.a(strcpy.o)
                0x00000140                strcpy
 .text          0x0000014e       0x1c c:/users/danny/dev/arduino-1.0.5-r2/hardware/tools/avr/bin/../lib/gcc/avr/4.3.2/../../../../avr/lib/avr5\libc.a(strncmp.o)
                0x0000014e                strncmp
                0x0000016a                . = ALIGN (0x2)
 *(.text.*)
 .text._Z13onWireRequestv
                0x0000016a        0x2 ./src/arduinoMain.o
                0x0000016a                onWireRequest()
 .text._GLOBAL__I_motors
                0x0000016c       0xb6 ./src/arduinoMain.o
 .text._ZN12SoccerMotors8rawDriveEii
                0x00000222       0x92 ./src/arduinoMain.o
                0x00000222                SoccerMotors::rawDrive(int, int)
 .text._ZN12SoccerMotors14holonomicDriveEiiii
                0x000002b4      0x2f4 ./src/arduinoMain.o
                0x000002b4                SoccerMotors::holonomicDrive(int, int, int, int)
 .text.loop     0x000005a8      0x1ea ./src/arduinoMain.o
                0x000005a8                loop
 .text._Z23commandDriveDirectionalv
                0x00000792       0x56 ./src/arduinoMain.o
                0x00000792                commandDriveDirectional()
 .text._Z21commandDriveHolonomicv
                0x000007e8       0x56 ./src/arduinoMain.o
                0x000007e8                commandDriveHolonomic()
 .text._Z15commandDriveRawv
                0x0000083e       0x2c ./src/arduinoMain.o
                0x0000083e                commandDriveRaw()
 .text._Z14commandDefaultPKc
                0x0000086a       0x34 ./src/arduinoMain.o
                0x0000086a                commandDefault(char const*)
 .text._Z10commandOffv
                0x0000089e       0x14 ./src/arduinoMain.o
                0x0000089e                commandOff()
 .text._Z9commandOnv
                0x000008b2       0x14 ./src/arduinoMain.o
                0x000008b2                commandOn()
 .text.setup    0x000008c6       0x8e ./src/arduinoMain.o
                0x000008c6                setup
 .text._Z11commandTestv
                0x00000954       0x5e ./src/arduinoMain.o
                0x00000954                commandTest()
 .text._Z13onWireReceivei
                0x000009b2       0x66 ./src/arduinoMain.o
                0x000009b2                onWireReceive(int)
 .text._Z12commandPowerv
                0x00000a18       0x9a ./src/arduinoMain.o
                0x00000a18                commandPower()
 .text._ZdlPv   0x00000ab2        0x6 ./src/main.o
                0x00000ab2                operator delete(void*)
 .text._ZN7TwoWireD1Ev
                0x00000ab8        0xc C:\dev\eclipse_avr\ArduLibs\328P_16MHZ\libArduLibs.a(Wire.o)
                0x00000ab8                TwoWire::~TwoWire()
 .text._ZN7TwoWire9availableEv
                0x00000ac4       0x12 C:\dev\eclipse_avr\ArduLibs\328P_16MHZ\libArduLibs.a(Wire.o)
                0x00000ac4                TwoWire::available()
 .text._ZN7TwoWire4readEv
                0x00000ad6       0x2a C:\dev\eclipse_avr\ArduLibs\328P_16MHZ\libArduLibs.a(Wire.o)
                0x00000ad6                TwoWire::read()
 .text._ZN7TwoWire4peekEv
                0x00000b00       0x22 C:\dev\eclipse_avr\ArduLibs\328P_16MHZ\libArduLibs.a(Wire.o)
                0x00000b00                TwoWire::peek()
 .text._ZN7TwoWire5flushEv
                0x00000b22        0x2 C:\dev\eclipse_avr\ArduLibs\328P_16MHZ\libArduLibs.a(Wire.o)
                0x00000b22                TwoWire::flush()
 .text._ZN7TwoWire16onReceiveServiceEPhi
                0x00000b24       0x4a C:\dev\eclipse_avr\ArduLibs\328P_16MHZ\libArduLibs.a(Wire.o)
                0x00000b24                TwoWire::onReceiveService(unsigned char*, int)
 .text._ZN7TwoWire16onRequestServiceEv
                0x00000b6e       0x18 C:\dev\eclipse_avr\ArduLibs\328P_16MHZ\libArduLibs.a(Wire.o)
                0x00000b6e                TwoWire::onRequestService()
 .text._ZN7TwoWire9onReceiveEPFviE
                0x00000b86        0xa C:\dev\eclipse_avr\ArduLibs\328P_16MHZ\libArduLibs.a(Wire.o)
                0x00000b86                TwoWire::onReceive(void (*)(int))
 .text._ZN7TwoWire9onRequestEPFvvE
                0x00000b90        0xa C:\dev\eclipse_avr\ArduLibs\328P_16MHZ\libArduLibs.a(Wire.o)
                0x00000b90                TwoWire::onRequest(void (*)())
 .text._GLOBAL__I__ZN7TwoWire8rxBufferE
                0x00000b9a       0x2e C:\dev\eclipse_avr\ArduLibs\328P_16MHZ\libArduLibs.a(Wire.o)
 .text._GLOBAL__D__ZN7TwoWire8rxBufferE
                0x00000bc8        0xe C:\dev\eclipse_avr\ArduLibs\328P_16MHZ\libArduLibs.a(Wire.o)
 .text._ZN7TwoWireD0Ev
                0x00000bd6        0xe C:\dev\eclipse_avr\ArduLibs\328P_16MHZ\libArduLibs.a(Wire.o)
                0x00000bd6                TwoWire::~TwoWire()
 .text._ZN7TwoWire5writeEPKhj
                0x00000be4       0x60 C:\dev\eclipse_avr\ArduLibs\328P_16MHZ\libArduLibs.a(Wire.o)
                0x00000be4                TwoWire::write(unsigned char const*, unsigned int)
 .text._ZN7TwoWire5writeEh
                0x00000c44       0x5e C:\dev\eclipse_avr\ArduLibs\328P_16MHZ\libArduLibs.a(Wire.o)
                0x00000c44                TwoWire::write(unsigned char)
 .text._ZN7TwoWire5beginEv
                0x00000ca2       0x12 C:\dev\eclipse_avr\ArduLibs\328P_16MHZ\libArduLibs.a(Wire.o)
                0x00000ca2                TwoWire::begin()
 .text._ZN7TwoWire5beginEh
                0x00000cb4       0x20 C:\dev\eclipse_avr\ArduLibs\328P_16MHZ\libArduLibs.a(Wire.o)
                0x00000cb4                TwoWire::begin(unsigned char)
 .text._ZN7TwoWire5beginEi
                0x00000cd4        0x4 C:\dev\eclipse_avr\ArduLibs\328P_16MHZ\libArduLibs.a(Wire.o)
                0x00000cd4                TwoWire::begin(int)
 .text._Z14twi_setAddressh
                0x00000cd8        0x8 C:\dev\eclipse_avr\ArduLibs\328P_16MHZ\libArduLibs.a(twi.o)
                0x00000cd8                twi_setAddress(unsigned char)
 .text._Z12twi_transmitPKhh
                0x00000ce0       0x36 C:\dev\eclipse_avr\ArduLibs\328P_16MHZ\libArduLibs.a(twi.o)
                0x00000ce0                twi_transmit(unsigned char const*, unsigned char)
 .text._Z22twi_attachSlaveRxEventPFvPhiE
                0x00000d16        0xa C:\dev\eclipse_avr\ArduLibs\328P_16MHZ\libArduLibs.a(twi.o)
                0x00000d16                twi_attachSlaveRxEvent(void (*)(unsigned char*, int))
 .text._Z22twi_attachSlaveTxEventPFvvE
                0x00000d20        0xa C:\dev\eclipse_avr\ArduLibs\328P_16MHZ\libArduLibs.a(twi.o)
                0x00000d20                twi_attachSlaveTxEvent(void (*)())
 .text.__vector_24
                0x00000d2a      0x322 C:\dev\eclipse_avr\ArduLibs\328P_16MHZ\libArduLibs.a(twi.o)
                0x00000d2a                __vector_24
 .text._Z8twi_initv
                0x0000104c       0x3c C:\dev\eclipse_avr\ArduLibs\328P_16MHZ\libArduLibs.a(twi.o)
                0x0000104c                twi_init()
 .text._ZN13SerialCommand16processNumberendEPcS0_
                0x00001088       0x8e C:\dev\eclipse_avr\ArduLibs\328P_16MHZ\libArduLibs.a(cmdprocessor.o)
                0x00001088                SerialCommand::processNumberend(char*, char*)
 .text._ZN13SerialCommand17onCmdlineCompleteEPcS0_
                0x00001116       0x38 C:\dev\eclipse_avr\ArduLibs\328P_16MHZ\libArduLibs.a(cmdprocessor.o)
                0x00001116                SerialCommand::onCmdlineComplete(char*, char*)
 .text._ZN13SerialCommand17setDefaultHandlerEPFvPKcE
                0x0000114e        0x8 C:\dev\eclipse_avr\ArduLibs\328P_16MHZ\libArduLibs.a(cmdprocessor.o)
                0x0000114e                SerialCommand::setDefaultHandler(void (*)(char const*))
 .text._ZN13SerialCommand8onCmdEndEPcS0_
                0x00001156       0x6a C:\dev\eclipse_avr\ArduLibs\328P_16MHZ\libArduLibs.a(cmdprocessor.o)
                0x00001156                SerialCommand::onCmdEnd(char*, char*)
 .text._ZN13SerialCommand11parseBufferEv
                0x000011c0      0x2f2 C:\dev\eclipse_avr\ArduLibs\328P_16MHZ\libArduLibs.a(cmdprocessor.o)
                0x000011c0                SerialCommand::parseBuffer()
 .text._ZN13SerialCommand6updateEc
                0x000014b2       0x6c C:\dev\eclipse_avr\ArduLibs\328P_16MHZ\libArduLibs.a(cmdprocessor.o)
                0x000014b2                SerialCommand::update(char)
 .text._ZN13SerialCommandC1EP21SerialCommandCallbackc
                0x0000151e       0x54 C:\dev\eclipse_avr\ArduLibs\328P_16MHZ\libArduLibs.a(cmdprocessor.o)
                0x0000151e                SerialCommand::SerialCommand(SerialCommandCallback*, char)
 .text._ZN10AF_DCMotor8setSpeedEh
                0x00001572       0x30 C:\dev\eclipse_avr\ArduLibs\328P_16MHZ\libArduLibs.a(AFMotor.o)
                0x00001572                AF_DCMotor::setSpeed(unsigned char)
 .text._GLOBAL__I_microstepcurve
                0x000015a2        0x2 C:\dev\eclipse_avr\ArduLibs\328P_16MHZ\libArduLibs.a(AFMotor.o)
 .text._Z8initPWM1h
                0x000015a4       0x1a C:\dev\eclipse_avr\ArduLibs\328P_16MHZ\libArduLibs.a(AFMotor.o)
                0x000015a4                initPWM1(unsigned char)
 .text._Z8initPWM2h
                0x000015be       0x1a C:\dev\eclipse_avr\ArduLibs\328P_16MHZ\libArduLibs.a(AFMotor.o)
                0x000015be                initPWM2(unsigned char)
 .text._ZN17AFMotorController8latch_txEv
                0x000015d8       0x58 C:\dev\eclipse_avr\ArduLibs\328P_16MHZ\libArduLibs.a(AFMotor.o)
                0x000015d8                AFMotorController::latch_tx()
 .text._ZN10AF_DCMotor3runEh
                0x00001630       0xc8 C:\dev\eclipse_avr\ArduLibs\328P_16MHZ\libArduLibs.a(AFMotor.o)
                0x00001630                AF_DCMotor::run(unsigned char)
 .text._ZN17AFMotorController6enableEv
                0x000016f8       0x32 C:\dev\eclipse_avr\ArduLibs\328P_16MHZ\libArduLibs.a(AFMotor.o)
                0x000016f8                AFMotorController::enable()
 .text._ZN10AF_DCMotorC1Ehh
                0x0000172a       0x9a C:\dev\eclipse_avr\ArduLibs\328P_16MHZ\libArduLibs.a(AFMotor.o)
                0x0000172a                AF_DCMotor::AF_DCMotor(unsigned char, unsigned char)
 .text._Z11serialEventv
                0x000017c4        0x2 C:\dev\eclipse_avr\ArduCore\328P_16MHZ\libArduCore.a(HardwareSerial.o)
                0x000017c4                serialEvent()
 .text.__vector_18
                0x000017c6       0x76 C:\dev\eclipse_avr\ArduCore\328P_16MHZ\libArduCore.a(HardwareSerial.o)
                0x000017c6                __vector_18
 .text._Z14serialEventRunv
                0x0000183c       0x24 C:\dev\eclipse_avr\ArduCore\328P_16MHZ\libArduCore.a(HardwareSerial.o)
                0x0000183c                serialEventRun()
 .text.__vector_19
                0x00001860       0x76 C:\dev\eclipse_avr\ArduCore\328P_16MHZ\libArduCore.a(HardwareSerial.o)
                0x00001860                __vector_19
 .text._ZN14HardwareSerial5beginEm
                0x000018d6      0x10e C:\dev\eclipse_avr\ArduCore\328P_16MHZ\libArduCore.a(HardwareSerial.o)
                0x000018d6                HardwareSerial::begin(unsigned long)
 .text._ZN14HardwareSerial9availableEv
                0x000019e4       0x22 C:\dev\eclipse_avr\ArduCore\328P_16MHZ\libArduCore.a(HardwareSerial.o)
                0x000019e4                HardwareSerial::available()
 .text._ZN14HardwareSerial4peekEv
                0x00001a06       0x40 C:\dev\eclipse_avr\ArduCore\328P_16MHZ\libArduCore.a(HardwareSerial.o)
                0x00001a06                HardwareSerial::peek()
 .text._ZN14HardwareSerial4readEv
                0x00001a46       0x52 C:\dev\eclipse_avr\ArduCore\328P_16MHZ\libArduCore.a(HardwareSerial.o)
                0x00001a46                HardwareSerial::read()
 .text._ZN14HardwareSerial5flushEv
                0x00001a98       0x20 C:\dev\eclipse_avr\ArduCore\328P_16MHZ\libArduCore.a(HardwareSerial.o)
                0x00001a98                HardwareSerial::flush()
 .text._ZN14HardwareSerial5writeEh
                0x00001ab8       0x80 C:\dev\eclipse_avr\ArduCore\328P_16MHZ\libArduCore.a(HardwareSerial.o)
                0x00001ab8                HardwareSerial::write(unsigned char)
 .text._GLOBAL__I_rx_buffer
                0x00001b38       0xac C:\dev\eclipse_avr\ArduCore\328P_16MHZ\libArduCore.a(HardwareSerial.o)
 .text._ZN5Print5writeEPKhj
                0x00001be4       0x54 C:\dev\eclipse_avr\ArduCore\328P_16MHZ\libArduCore.a(Print.o)
                0x00001be4                Print::write(unsigned char const*, unsigned int)
 .text._ZN5Print7printlnEv
                0x00001c38       0x40 C:\dev\eclipse_avr\ArduCore\328P_16MHZ\libArduCore.a(Print.o)
                0x00001c38                Print::println()
 .text._ZN5Print5writeEPKc
                0x00001c78       0x38 C:\dev\eclipse_avr\ArduCore\328P_16MHZ\libArduCore.a(Print.o)
                0x00001c78                Print::write(char const*)
 .text._ZN5Print11printNumberEmh
                0x00001cb0       0xc2 C:\dev\eclipse_avr\ArduCore\328P_16MHZ\libArduCore.a(Print.o)
                0x00001cb0                Print::printNumber(unsigned long, unsigned char)
 .text._ZN5Print5printEli
                0x00001d72       0x7c C:\dev\eclipse_avr\ArduCore\328P_16MHZ\libArduCore.a(Print.o)
                0x00001d72                Print::print(long, int)
 .text._ZN5Print5printEii
                0x00001dee       0x24 C:\dev\eclipse_avr\ArduCore\328P_16MHZ\libArduCore.a(Print.o)
                0x00001dee                Print::print(int, int)
 .text._ZN5Print7printlnEii
                0x00001e12       0x3a C:\dev\eclipse_avr\ArduCore\328P_16MHZ\libArduCore.a(Print.o)
                0x00001e12                Print::println(int, int)
 .text._ZN5Print5printEPKc
                0x00001e4c        0x4 C:\dev\eclipse_avr\ArduCore\328P_16MHZ\libArduCore.a(Print.o)
                0x00001e4c                Print::print(char const*)
 .text._ZN5Print7printlnEPKc
                0x00001e50       0x22 C:\dev\eclipse_avr\ArduCore\328P_16MHZ\libArduCore.a(Print.o)
                0x00001e50                Print::println(char const*)
 .text._Z3maplllll
                0x00001e72       0x8e C:\dev\eclipse_avr\ArduCore\328P_16MHZ\libArduCore.a(WMath.o)
                0x00001e72                map(long, long, long, long, long)
 .text.main     0x00001f00       0x1a C:\dev\eclipse_avr\ArduCore\328P_16MHZ\libArduCore.a(main.o)
                0x00001f00                main
 .text.__vector_16
                0x00001f1a       0x90 C:\dev\eclipse_avr\ArduCore\328P_16MHZ\libArduCore.a(wiring.o)
                0x00001f1a                __vector_16
 .text.delay    0x00001faa       0xb2 C:\dev\eclipse_avr\ArduCore\328P_16MHZ\libArduCore.a(wiring.o)
                0x00001faa                delay
 .text.delayMicroseconds
                0x0000205c       0x14 C:\dev\eclipse_avr\ArduCore\328P_16MHZ\libArduCore.a(wiring.o)
                0x0000205c                delayMicroseconds
 .text.init     0x00002070       0x76 C:\dev\eclipse_avr\ArduCore\328P_16MHZ\libArduCore.a(wiring.o)
                0x00002070                init
 .text.pinMode  0x000020e6       0x7e C:\dev\eclipse_avr\ArduCore\328P_16MHZ\libArduCore.a(wiring_digital.o)
                0x000020e6                pinMode
 .text.digitalWrite
                0x00002164       0xa8 C:\dev\eclipse_avr\ArduCore\328P_16MHZ\libArduCore.a(wiring_digital.o)
                0x00002164                digitalWrite
 .text.avr-libc
                0x0000220c      0x26a C:\dev\eclipse_avr\ArduCore\328P_16MHZ\libArduCore.a(malloc.o)
                0x0000220c                malloc
                0x00002346                free
 .text.fplib    0x00002476       0xc0 c:/users/danny/dev/arduino-1.0.5-r2/hardware/tools/avr/bin/../lib/gcc/avr/4.3.2/../../../../avr/lib/avr5\libm.a(addsf3x.o)
                0x00002490                __addsf3x
 .text.fplib    0x00002536        0x8 c:/users/danny/dev/arduino-1.0.5-r2/hardware/tools/avr/bin/../lib/gcc/avr/4.3.2/../../../../avr/lib/avr5\libm.a(cmpsf2.o)
                0x00002536                __lesf2
                0x00002536                __nesf2
                0x00002536                __eqsf2
                0x00002536                __cmpsf2
                0x00002536                __ltsf2
 .text.fplib    0x0000253e        0x6 c:/users/danny/dev/arduino-1.0.5-r2/hardware/tools/avr/bin/../lib/gcc/avr/4.3.2/../../../../avr/lib/avr5\libm.a(cos.o)
                0x0000253e                cos
 .text.fplib    0x00002544        0x4 c:/users/danny/dev/arduino-1.0.5-r2/hardware/tools/avr/bin/../lib/gcc/avr/4.3.2/../../../../avr/lib/avr5\libm.a(divsf3.o)
                0x00002544                __divsf3
 .text.fplib    0x00002548       0xcc c:/users/danny/dev/arduino-1.0.5-r2/hardware/tools/avr/bin/../lib/gcc/avr/4.3.2/../../../../avr/lib/avr5\libm.a(divsf3x.o)
                0x0000255e                __divsf3x
                0x00002562                __divsf3_pse
 .text.fplib    0x00002614        0xa c:/users/danny/dev/arduino-1.0.5-r2/hardware/tools/avr/bin/../lib/gcc/avr/4.3.2/../../../../avr/lib/avr5\libm.a(fixsfsi.o)
                0x00002614                __fixsfsi
 .text.fplib    0x0000261e       0x58 c:/users/danny/dev/arduino-1.0.5-r2/hardware/tools/avr/bin/../lib/gcc/avr/4.3.2/../../../../avr/lib/avr5\libm.a(fixunssfsi.o)
                0x0000261e                __fixunssfsi
 .text.fplib    0x00002676       0x7a c:/users/danny/dev/arduino-1.0.5-r2/hardware/tools/avr/bin/../lib/gcc/avr/4.3.2/../../../../avr/lib/avr5\libm.a(floatsisf.o)
                0x0000267a                __floatsisf
                0x00002676                __floatunsisf
 .text.fplib    0x000026f0       0x48 c:/users/danny/dev/arduino-1.0.5-r2/hardware/tools/avr/bin/../lib/gcc/avr/4.3.2/../../../../avr/lib/avr5\libm.a(fp_cmp.o)
                0x000026f0                __fp_cmp
 .text.fplib    0x00002738        0xc c:/users/danny/dev/arduino-1.0.5-r2/hardware/tools/avr/bin/../lib/gcc/avr/4.3.2/../../../../avr/lib/avr5\libm.a(fp_inf.o)
                0x00002738                __fp_inf
 .text.fplib    0x00002744        0x6 c:/users/danny/dev/arduino-1.0.5-r2/hardware/tools/avr/bin/../lib/gcc/avr/4.3.2/../../../../avr/lib/avr5\libm.a(fp_nan.o)
                0x00002744                __fp_nan
 .text.fplib    0x0000274a        0xe c:/users/danny/dev/arduino-1.0.5-r2/hardware/tools/avr/bin/../lib/gcc/avr/4.3.2/../../../../avr/lib/avr5\libm.a(fp_pscA.o)
                0x0000274a                __fp_pscA
 .text.fplib    0x00002758        0xe c:/users/danny/dev/arduino-1.0.5-r2/hardware/tools/avr/bin/../lib/gcc/avr/4.3.2/../../../../avr/lib/avr5\libm.a(fp_pscB.o)
                0x00002758                __fp_pscB
 .text.fplib    0x00002766       0x62 c:/users/danny/dev/arduino-1.0.5-r2/hardware/tools/avr/bin/../lib/gcc/avr/4.3.2/../../../../avr/lib/avr5\libm.a(fp_rempio2.o)
                0x00002768                __fp_rempio2
 .text.fplib    0x000027c8       0x22 c:/users/danny/dev/arduino-1.0.5-r2/hardware/tools/avr/bin/../lib/gcc/avr/4.3.2/../../../../avr/lib/avr5\libm.a(fp_round.o)
                0x000027c8                __fp_round
 .text.fplib    0x000027ea       0x22 c:/users/danny/dev/arduino-1.0.5-r2/hardware/tools/avr/bin/../lib/gcc/avr/4.3.2/../../../../avr/lib/avr5\libm.a(fp_sinus.o)
                0x000027ea                __fp_sinus
 .text.fplib    0x0000280c       0x44 c:/users/danny/dev/arduino-1.0.5-r2/hardware/tools/avr/bin/../lib/gcc/avr/4.3.2/../../../../avr/lib/avr5\libm.a(fp_split3.o)
                0x0000280c                __fp_split3
                0x0000281c                __fp_splitA
 .text.fplib    0x00002850        0xe c:/users/danny/dev/arduino-1.0.5-r2/hardware/tools/avr/bin/../lib/gcc/avr/4.3.2/../../../../avr/lib/avr5\libm.a(fp_zero.o)
                0x00002850                __fp_zero
                0x00002852                __fp_szero
 .text.fplib    0x0000285e        0x8 c:/users/danny/dev/arduino-1.0.5-r2/hardware/tools/avr/bin/../lib/gcc/avr/4.3.2/../../../../avr/lib/avr5\libm.a(gesf2.o)
                0x0000285e                __gtsf2
                0x0000285e                __gesf2
 .text.fplib    0x00002866        0x4 c:/users/danny/dev/arduino-1.0.5-r2/hardware/tools/avr/bin/../lib/gcc/avr/4.3.2/../../../../avr/lib/avr5\libm.a(mulsf3.o)
                0x00002866                __mulsf3
 .text.fplib    0x0000286a       0xc2 c:/users/danny/dev/arduino-1.0.5-r2/hardware/tools/avr/bin/../lib/gcc/avr/4.3.2/../../../../avr/lib/avr5\libm.a(mulsf3x.o)
                0x00002882                __mulsf3_pse
                0x0000287e                __mulsf3x
 .text.fplib    0x0000292c        0xc c:/users/danny/dev/arduino-1.0.5-r2/hardware/tools/avr/bin/../lib/gcc/avr/4.3.2/../../../../avr/lib/avr5\libm.a(sin.o)
                0x0000292c                sin
 .text.fplib    0x00002938       0x20 c:/users/danny/dev/arduino-1.0.5-r2/hardware/tools/avr/bin/../lib/gcc/avr/4.3.2/../../../../avr/lib/avr5\libm.a(fp_mpack.o)
                0x00002938                __fp_mpack
 .text.fplib    0x00002958       0x22 c:/users/danny/dev/arduino-1.0.5-r2/hardware/tools/avr/bin/../lib/gcc/avr/4.3.2/../../../../avr/lib/avr5\libm.a(fp_powsodd.o)
                0x00002958                __fp_powsodd
 .text.fplib    0x0000297a       0x4a c:/users/danny/dev/arduino-1.0.5-r2/hardware/tools/avr/bin/../lib/gcc/avr/4.3.2/../../../../avr/lib/avr5\libm.a(fp_powser.o)
                0x0000297a                __fp_powser
 .text.ctype    0x000029c4       0x10 c:/users/danny/dev/arduino-1.0.5-r2/hardware/tools/avr/bin/../lib/gcc/avr/4.3.2/../../../../avr/lib/avr5\libc.a(isprint.o)
                0x000029c4                isgraph
                0x000029c8                isprint
 .text.ctype    0x000029d4        0x6 c:/users/danny/dev/arduino-1.0.5-r2/hardware/tools/avr/bin/../lib/gcc/avr/4.3.2/../../../../avr/lib/avr5\libc.a(cty_isfalse.o)
                0x000029d8                __ctype_istrue
                0x000029d4                __ctype_isfalse
 .text.libgcc   0x000029da       0x3e c:/users/danny/dev/arduino-1.0.5-r2/hardware/tools/avr/bin/../lib/gcc/avr/4.3.2/avr5\libgcc.a(_mulsi3.o)
                0x000029da                __mulsi3
 .text.libgcc   0x00002a18       0x44 c:/users/danny/dev/arduino-1.0.5-r2/hardware/tools/avr/bin/../lib/gcc/avr/4.3.2/avr5\libgcc.a(_udivmodsi4.o)
                0x00002a18                __udivmodsi4
 .text.libgcc   0x00002a5c       0x36 c:/users/danny/dev/arduino-1.0.5-r2/hardware/tools/avr/bin/../lib/gcc/avr/4.3.2/avr5\libgcc.a(_divmodsi4.o)
                0x00002a5c                __divmodsi4
 .text.libgcc   0x00002a92        0xc c:/users/danny/dev/arduino-1.0.5-r2/hardware/tools/avr/bin/../lib/gcc/avr/4.3.2/avr5\libgcc.a(_tablejump.o)
                0x00002a96                __tablejump__
                0x00002a92                __tablejump2__
                0x00002a9e                . = ALIGN (0x2)
 *(.fini9)
 .fini9         0x00002a9e        0x0 c:/users/danny/dev/arduino-1.0.5-r2/hardware/tools/avr/bin/../lib/gcc/avr/4.3.2/avr5\libgcc.a(_exit.o)
                0x00002a9e                _exit
 *(.fini9)
 *(.fini8)
 *(.fini8)
 *(.fini7)
 *(.fini7)
 *(.fini6)
 .fini6         0x00002a9e       0x14 c:/users/danny/dev/arduino-1.0.5-r2/hardware/tools/avr/bin/../lib/gcc/avr/4.3.2/avr5\libgcc.a(_dtors.o)
                0x00002a9e                __do_global_dtors
 *(.fini6)
 *(.fini5)
 *(.fini5)
 *(.fini4)
 *(.fini4)
 *(.fini3)
 *(.fini3)
 *(.fini2)
 *(.fini2)
 *(.fini1)
 *(.fini1)
 *(.fini0)
 .fini0         0x00002ab2        0x4 c:/users/danny/dev/arduino-1.0.5-r2/hardware/tools/avr/bin/../lib/gcc/avr/4.3.2/avr5\libgcc.a(_exit.o)
 *(.fini0)
                0x00002ab6                _etext = .

.data           0x00800100      0x14c load address 0x00002ab6
                0x00800100                PROVIDE (__data_start, .)
 *(.data)
 .data          0x00800100      0x100 ./src/arduinoMain.o
 .data          0x00800200        0x2 C:\dev\eclipse_avr\ArduLibs\328P_16MHZ\libArduLibs.a(cmdprocessor.o)
 *(.data*)
 .data.commandList
                0x00800202       0x20 ./src/arduinoMain.o
                0x00800202                commandList
 .data.__malloc_margin
                0x00800222        0x2 C:\dev\eclipse_avr\ArduCore\328P_16MHZ\libArduCore.a(malloc.o)
                0x00800222                __malloc_margin
 .data.__malloc_heap_start
                0x00800224        0x2 C:\dev\eclipse_avr\ArduCore\328P_16MHZ\libArduCore.a(malloc.o)
                0x00800224                __malloc_heap_start
 .data.__malloc_heap_end
                0x00800226        0x2 C:\dev\eclipse_avr\ArduCore\328P_16MHZ\libArduCore.a(malloc.o)
                0x00800226                __malloc_heap_end
 *(.rodata)
 *(.rodata*)
 .rodata._ZTV7TwoWire
                0x00800228       0x14 C:\dev\eclipse_avr\ArduLibs\328P_16MHZ\libArduLibs.a(Wire.o)
                0x00800228                vtable for TwoWire
 .rodata._ZTV14HardwareSerial
                0x0080023c       0x10 C:\dev\eclipse_avr\ArduCore\328P_16MHZ\libArduCore.a(HardwareSerial.o)
                0x0080023c                vtable for HardwareSerial
 *(.gnu.linkonce.d*)
                0x0080024c                . = ALIGN (0x2)
                0x0080024c                _edata = .
                0x0080024c                PROVIDE (__data_end, .)

.bss            0x0080024c      0x200
                0x0080024c                PROVIDE (__bss_start, .)
 *(.bss)
 *(.bss*)
 .bss.motors    0x0080024c       0x1c ./src/arduinoMain.o
                0x0080024c                motors
 .bss.commandProcessor
                0x00800268       0x64 ./src/arduinoMain.o
                0x00800268                commandProcessor
 .bss.newDataRecieved
                0x008002cc        0x1 ./src/arduinoMain.o
                0x008002cc                newDataRecieved
 .bss.heading   0x008002cd        0x1 ./src/arduinoMain.o
                0x008002cd                heading
 .bss.rot       0x008002ce        0x1 ./src/arduinoMain.o
                0x008002ce                rot
 .bss.power     0x008002cf        0x1 ./src/arduinoMain.o
                0x008002cf                power
 .bss._ZN7TwoWire8rxBufferE
                0x008002d0       0x20 C:\dev\eclipse_avr\ArduLibs\328P_16MHZ\libArduLibs.a(Wire.o)
                0x008002d0                TwoWire::rxBuffer
 .bss._ZN7TwoWire13rxBufferIndexE
                0x008002f0        0x1 C:\dev\eclipse_avr\ArduLibs\328P_16MHZ\libArduLibs.a(Wire.o)
                0x008002f0                TwoWire::rxBufferIndex
 .bss._ZN7TwoWire14rxBufferLengthE
                0x008002f1        0x1 C:\dev\eclipse_avr\ArduLibs\328P_16MHZ\libArduLibs.a(Wire.o)
                0x008002f1                TwoWire::rxBufferLength
 .bss._ZN7TwoWire8txBufferE
                0x008002f2       0x20 C:\dev\eclipse_avr\ArduLibs\328P_16MHZ\libArduLibs.a(Wire.o)
                0x008002f2                TwoWire::txBuffer
 .bss._ZN7TwoWire13txBufferIndexE
                0x00800312        0x1 C:\dev\eclipse_avr\ArduLibs\328P_16MHZ\libArduLibs.a(Wire.o)
                0x00800312                TwoWire::txBufferIndex
 .bss._ZN7TwoWire14txBufferLengthE
                0x00800313        0x1 C:\dev\eclipse_avr\ArduLibs\328P_16MHZ\libArduLibs.a(Wire.o)
                0x00800313                TwoWire::txBufferLength
 .bss._ZN7TwoWire12transmittingE
                0x00800314        0x1 C:\dev\eclipse_avr\ArduLibs\328P_16MHZ\libArduLibs.a(Wire.o)
                0x00800314                TwoWire::transmitting
 .bss._ZN7TwoWire14user_onRequestE
                0x00800315        0x2 C:\dev\eclipse_avr\ArduLibs\328P_16MHZ\libArduLibs.a(Wire.o)
                0x00800315                TwoWire::user_onRequest
 .bss._ZN7TwoWire14user_onReceiveE
                0x00800317        0x2 C:\dev\eclipse_avr\ArduLibs\328P_16MHZ\libArduLibs.a(Wire.o)
                0x00800317                TwoWire::user_onReceive
 .bss.Wire      0x00800319        0xc C:\dev\eclipse_avr\ArduLibs\328P_16MHZ\libArduLibs.a(Wire.o)
                0x00800319                Wire
 .bss._ZL9twi_slarw
                0x00800325        0x1 C:\dev\eclipse_avr\ArduLibs\328P_16MHZ\libArduLibs.a(twi.o)
 .bss._ZL21twi_masterBufferIndex
                0x00800326        0x1 C:\dev\eclipse_avr\ArduLibs\328P_16MHZ\libArduLibs.a(twi.o)
 .bss._ZL22twi_masterBufferLength
                0x00800327        0x1 C:\dev\eclipse_avr\ArduLibs\328P_16MHZ\libArduLibs.a(twi.o)
 .bss._ZL16twi_masterBuffer
                0x00800328       0x20 C:\dev\eclipse_avr\ArduLibs\328P_16MHZ\libArduLibs.a(twi.o)
 .bss._ZL12twi_sendStop
                0x00800348        0x1 C:\dev\eclipse_avr\ArduLibs\328P_16MHZ\libArduLibs.a(twi.o)
 .bss._ZL14twi_inRepStart
                0x00800349        0x1 C:\dev\eclipse_avr\ArduLibs\328P_16MHZ\libArduLibs.a(twi.o)
 .bss._ZL9twi_state
                0x0080034a        0x1 C:\dev\eclipse_avr\ArduLibs\328P_16MHZ\libArduLibs.a(twi.o)
 .bss._ZL9twi_error
                0x0080034b        0x1 C:\dev\eclipse_avr\ArduLibs\328P_16MHZ\libArduLibs.a(twi.o)
 .bss._ZL17twi_rxBufferIndex
                0x0080034c        0x1 C:\dev\eclipse_avr\ArduLibs\328P_16MHZ\libArduLibs.a(twi.o)
 .bss._ZL12twi_rxBuffer
                0x0080034d       0x20 C:\dev\eclipse_avr\ArduLibs\328P_16MHZ\libArduLibs.a(twi.o)
 .bss._ZL18twi_onSlaveReceive
                0x0080036d        0x2 C:\dev\eclipse_avr\ArduLibs\328P_16MHZ\libArduLibs.a(twi.o)
 .bss._ZL17twi_txBufferIndex
                0x0080036f        0x1 C:\dev\eclipse_avr\ArduLibs\328P_16MHZ\libArduLibs.a(twi.o)
 .bss._ZL18twi_txBufferLength
                0x00800370        0x1 C:\dev\eclipse_avr\ArduLibs\328P_16MHZ\libArduLibs.a(twi.o)
 .bss._ZL19twi_onSlaveTransmit
                0x00800371        0x2 C:\dev\eclipse_avr\ArduLibs\328P_16MHZ\libArduLibs.a(twi.o)
 .bss._ZL12twi_txBuffer
                0x00800373       0x20 C:\dev\eclipse_avr\ArduLibs\328P_16MHZ\libArduLibs.a(twi.o)
 .bss._ZL2MC    0x00800393        0x1 C:\dev\eclipse_avr\ArduLibs\328P_16MHZ\libArduLibs.a(AFMotor.o)
 .bss._ZL11latch_state
                0x00800394        0x1 C:\dev\eclipse_avr\ArduLibs\328P_16MHZ\libArduLibs.a(AFMotor.o)
 .bss.rx_buffer
                0x00800395       0x44 C:\dev\eclipse_avr\ArduCore\328P_16MHZ\libArduCore.a(HardwareSerial.o)
                0x00800395                rx_buffer
 .bss.tx_buffer
                0x008003d9       0x44 C:\dev\eclipse_avr\ArduCore\328P_16MHZ\libArduCore.a(HardwareSerial.o)
                0x008003d9                tx_buffer
 .bss.Serial    0x0080041d       0x22 C:\dev\eclipse_avr\ArduCore\328P_16MHZ\libArduCore.a(HardwareSerial.o)
                0x0080041d                Serial
 .bss.timer0_overflow_count
                0x0080043f        0x4 C:\dev\eclipse_avr\ArduCore\328P_16MHZ\libArduCore.a(wiring.o)
                0x0080043f                timer0_overflow_count
 .bss.timer0_millis
                0x00800443        0x4 C:\dev\eclipse_avr\ArduCore\328P_16MHZ\libArduCore.a(wiring.o)
                0x00800443                timer0_millis
 .bss.timer0_fract
                0x00800447        0x1 C:\dev\eclipse_avr\ArduCore\328P_16MHZ\libArduCore.a(wiring.o)
 *(COMMON)
 COMMON         0x00800448        0x4 C:\dev\eclipse_avr\ArduCore\328P_16MHZ\libArduCore.a(malloc.o)
                0x00800448                __brkval
                0x0080044a                __flp
                0x0080044c                PROVIDE (__bss_end, .)
                0x00002ab6                __data_load_start = LOADADDR (.data)
                0x00002c02                __data_load_end = (__data_load_start + SIZEOF (.data))

.noinit         0x0080044c        0x0
                0x0080044c                PROVIDE (__noinit_start, .)
 *(.noinit*)
                0x0080044c                PROVIDE (__noinit_end, .)
                0x0080044c                _end = .
                0x0080044c                PROVIDE (__heap_start, .)

.eeprom         0x00810000        0x0
 *(.eeprom*)
                0x00810000                __eeprom_end = .

.fuse
 *(.fuse)
 *(.lfuse)
 *(.hfuse)
 *(.efuse)

.lock
 *(.lock*)

.signature
 *(.signature*)

.stab
 *(.stab)

.stabstr
 *(.stabstr)

.stab.excl
 *(.stab.excl)

.stab.exclstr
 *(.stab.exclstr)

.stab.index
 *(.stab.index)

.stab.indexstr
 *(.stab.indexstr)

.comment
 *(.comment)

.debug
 *(.debug)

.line
 *(.line)

.debug_srcinfo
 *(.debug_srcinfo)

.debug_sfnames
 *(.debug_sfnames)

.debug_aranges
 *(.debug_aranges)

.debug_pubnames
 *(.debug_pubnames)

.debug_info
 *(.debug_info)
 *(.gnu.linkonce.wi.*)

.debug_abbrev
 *(.debug_abbrev)

.debug_line
 *(.debug_line)

.debug_frame
 *(.debug_frame)

.debug_str
 *(.debug_str)

.debug_loc
 *(.debug_loc)

.debug_macinfo
 *(.debug_macinfo)
OUTPUT(Motor_driver.elf elf32-avr)
LOAD linker stubs

Cross Reference Table

Symbol                                            File
AFMotorController::AFMotorController()            C:\dev\eclipse_avr\ArduLibs\328P_16MHZ\libArduLibs.a(AFMotor.o)
AFMotorController::AFMotorController()            C:\dev\eclipse_avr\ArduLibs\328P_16MHZ\libArduLibs.a(AFMotor.o)
AFMotorController::enable()                       C:\dev\eclipse_avr\ArduLibs\328P_16MHZ\libArduLibs.a(AFMotor.o)
AFMotorController::latch_tx()                     C:\dev\eclipse_avr\ArduLibs\328P_16MHZ\libArduLibs.a(AFMotor.o)
AF_DCMotor::AF_DCMotor(unsigned char, unsigned char) C:\dev\eclipse_avr\ArduLibs\328P_16MHZ\libArduLibs.a(AFMotor.o)
AF_DCMotor::AF_DCMotor(unsigned char, unsigned char) C:\dev\eclipse_avr\ArduLibs\328P_16MHZ\libArduLibs.a(AFMotor.o)
                                                  ./src/arduinoMain.o
AF_DCMotor::run(unsigned char)                    C:\dev\eclipse_avr\ArduLibs\328P_16MHZ\libArduLibs.a(AFMotor.o)
                                                  ./src/arduinoMain.o
AF_DCMotor::setSpeed(unsigned char)               C:\dev\eclipse_avr\ArduLibs\328P_16MHZ\libArduLibs.a(AFMotor.o)
                                                  ./src/arduinoMain.o
AF_Stepper::AF_Stepper(unsigned int, unsigned char) C:\dev\eclipse_avr\ArduLibs\328P_16MHZ\libArduLibs.a(AFMotor.o)
AF_Stepper::AF_Stepper(unsigned int, unsigned char) C:\dev\eclipse_avr\ArduLibs\328P_16MHZ\libArduLibs.a(AFMotor.o)
AF_Stepper::onestep(unsigned char, unsigned char) C:\dev\eclipse_avr\ArduLibs\328P_16MHZ\libArduLibs.a(AFMotor.o)
AF_Stepper::release()                             C:\dev\eclipse_avr\ArduLibs\328P_16MHZ\libArduLibs.a(AFMotor.o)
AF_Stepper::setSpeed(unsigned int)                C:\dev\eclipse_avr\ArduLibs\328P_16MHZ\libArduLibs.a(AFMotor.o)
AF_Stepper::step(unsigned int, unsigned char, unsigned char) C:\dev\eclipse_avr\ArduLibs\328P_16MHZ\libArduLibs.a(AFMotor.o)
HardwareSerial::HardwareSerial(ring_buffer*, ring_buffer*, unsigned char volatile*, unsigned char volatile*, unsigned char volatile*, unsigned char volatile*, unsigned char volatile*, unsigned char volatile*, unsigned char, unsigned char, unsigned char, unsigned char, unsigned char) C:\dev\eclipse_avr\ArduCore\328P_16MHZ\libArduCore.a(HardwareSerial.o)
HardwareSerial::HardwareSerial(ring_buffer*, ring_buffer*, unsigned char volatile*, unsigned char volatile*, unsigned char volatile*, unsigned char volatile*, unsigned char volatile*, unsigned char volatile*, unsigned char, unsigned char, unsigned char, unsigned char, unsigned char) C:\dev\eclipse_avr\ArduCore\328P_16MHZ\libArduCore.a(HardwareSerial.o)
HardwareSerial::available()                       C:\dev\eclipse_avr\ArduCore\328P_16MHZ\libArduCore.a(HardwareSerial.o)
                                                  ./src/arduinoMain.o
HardwareSerial::begin(unsigned long)              C:\dev\eclipse_avr\ArduCore\328P_16MHZ\libArduCore.a(HardwareSerial.o)
                                                  ./src/arduinoMain.o
HardwareSerial::begin(unsigned long, unsigned char) C:\dev\eclipse_avr\ArduCore\328P_16MHZ\libArduCore.a(HardwareSerial.o)
HardwareSerial::end()                             C:\dev\eclipse_avr\ArduCore\328P_16MHZ\libArduCore.a(HardwareSerial.o)
HardwareSerial::flush()                           C:\dev\eclipse_avr\ArduCore\328P_16MHZ\libArduCore.a(HardwareSerial.o)
HardwareSerial::operator bool()                   C:\dev\eclipse_avr\ArduCore\328P_16MHZ\libArduCore.a(HardwareSerial.o)
HardwareSerial::peek()                            C:\dev\eclipse_avr\ArduCore\328P_16MHZ\libArduCore.a(HardwareSerial.o)
HardwareSerial::read()                            C:\dev\eclipse_avr\ArduCore\328P_16MHZ\libArduCore.a(HardwareSerial.o)
                                                  ./src/arduinoMain.o
HardwareSerial::write(unsigned char)              C:\dev\eclipse_avr\ArduCore\328P_16MHZ\libArduCore.a(HardwareSerial.o)
Print::print(Printable const&)                    C:\dev\eclipse_avr\ArduCore\328P_16MHZ\libArduCore.a(Print.o)
Print::print(String const&)                       C:\dev\eclipse_avr\ArduCore\328P_16MHZ\libArduCore.a(Print.o)
Print::print(__FlashStringHelper const*)          C:\dev\eclipse_avr\ArduCore\328P_16MHZ\libArduCore.a(Print.o)
Print::print(char const*)                         C:\dev\eclipse_avr\ArduCore\328P_16MHZ\libArduCore.a(Print.o)
                                                  ./src/arduinoMain.o
Print::print(char)                                C:\dev\eclipse_avr\ArduCore\328P_16MHZ\libArduCore.a(Print.o)
Print::print(double, int)                         C:\dev\eclipse_avr\ArduCore\328P_16MHZ\libArduCore.a(Print.o)
Print::print(int, int)                            C:\dev\eclipse_avr\ArduCore\328P_16MHZ\libArduCore.a(Print.o)
                                                  ./src/arduinoMain.o
Print::print(long, int)                           C:\dev\eclipse_avr\ArduCore\328P_16MHZ\libArduCore.a(Print.o)
Print::print(unsigned char, int)                  C:\dev\eclipse_avr\ArduCore\328P_16MHZ\libArduCore.a(Print.o)
Print::print(unsigned int, int)                   C:\dev\eclipse_avr\ArduCore\328P_16MHZ\libArduCore.a(Print.o)
Print::print(unsigned long, int)                  C:\dev\eclipse_avr\ArduCore\328P_16MHZ\libArduCore.a(Print.o)
Print::printFloat(double, unsigned char)          C:\dev\eclipse_avr\ArduCore\328P_16MHZ\libArduCore.a(Print.o)
Print::printNumber(unsigned long, unsigned char)  C:\dev\eclipse_avr\ArduCore\328P_16MHZ\libArduCore.a(Print.o)
Print::println()                                  C:\dev\eclipse_avr\ArduCore\328P_16MHZ\libArduCore.a(Print.o)
Print::println(Printable const&)                  C:\dev\eclipse_avr\ArduCore\328P_16MHZ\libArduCore.a(Print.o)
Print::println(String const&)                     C:\dev\eclipse_avr\ArduCore\328P_16MHZ\libArduCore.a(Print.o)
Print::println(__FlashStringHelper const*)        C:\dev\eclipse_avr\ArduCore\328P_16MHZ\libArduCore.a(Print.o)
Print::println(char const*)                       C:\dev\eclipse_avr\ArduCore\328P_16MHZ\libArduCore.a(Print.o)
                                                  ./src/arduinoMain.o
Print::println(char)                              C:\dev\eclipse_avr\ArduCore\328P_16MHZ\libArduCore.a(Print.o)
Print::println(double, int)                       C:\dev\eclipse_avr\ArduCore\328P_16MHZ\libArduCore.a(Print.o)
Print::println(int, int)                          C:\dev\eclipse_avr\ArduCore\328P_16MHZ\libArduCore.a(Print.o)
                                                  ./src/arduinoMain.o
Print::println(long, int)                         C:\dev\eclipse_avr\ArduCore\328P_16MHZ\libArduCore.a(Print.o)
Print::println(unsigned char, int)                C:\dev\eclipse_avr\ArduCore\328P_16MHZ\libArduCore.a(Print.o)
Print::println(unsigned int, int)                 C:\dev\eclipse_avr\ArduCore\328P_16MHZ\libArduCore.a(Print.o)
Print::println(unsigned long, int)                C:\dev\eclipse_avr\ArduCore\328P_16MHZ\libArduCore.a(Print.o)
Print::write(char const*)                         C:\dev\eclipse_avr\ArduCore\328P_16MHZ\libArduCore.a(Print.o)
Print::write(unsigned char const*, unsigned int)  C:\dev\eclipse_avr\ArduCore\328P_16MHZ\libArduCore.a(Print.o)
                                                  C:\dev\eclipse_avr\ArduCore\328P_16MHZ\libArduCore.a(HardwareSerial.o)
                                                  C:\dev\eclipse_avr\ArduLibs\328P_16MHZ\libArduLibs.a(Wire.o)
Serial                                            C:\dev\eclipse_avr\ArduCore\328P_16MHZ\libArduCore.a(HardwareSerial.o)
                                                  ./src/arduinoMain.o
SerialCommand::SerialCommand(SerialCommandCallback*, char) C:\dev\eclipse_avr\ArduLibs\328P_16MHZ\libArduLibs.a(cmdprocessor.o)
                                                  ./src/arduinoMain.o
SerialCommand::SerialCommand(SerialCommandCallback*, char) C:\dev\eclipse_avr\ArduLibs\328P_16MHZ\libArduLibs.a(cmdprocessor.o)
SerialCommand::clearBuffer()                      C:\dev\eclipse_avr\ArduLibs\328P_16MHZ\libArduLibs.a(cmdprocessor.o)
SerialCommand::next()                             C:\dev\eclipse_avr\ArduLibs\328P_16MHZ\libArduLibs.a(cmdprocessor.o)
SerialCommand::onCmdEnd(char*, char*)             C:\dev\eclipse_avr\ArduLibs\328P_16MHZ\libArduLibs.a(cmdprocessor.o)
SerialCommand::onCmdlineComplete(char*, char*)    C:\dev\eclipse_avr\ArduLibs\328P_16MHZ\libArduLibs.a(cmdprocessor.o)
SerialCommand::parseBuffer()                      C:\dev\eclipse_avr\ArduLibs\328P_16MHZ\libArduLibs.a(cmdprocessor.o)
SerialCommand::processNumberend(char*, char*)     C:\dev\eclipse_avr\ArduLibs\328P_16MHZ\libArduLibs.a(cmdprocessor.o)
SerialCommand::setDefaultHandler(void (*)(char const*)) C:\dev\eclipse_avr\ArduLibs\328P_16MHZ\libArduLibs.a(cmdprocessor.o)
                                                  ./src/arduinoMain.o
SerialCommand::update(char)                       C:\dev\eclipse_avr\ArduLibs\328P_16MHZ\libArduLibs.a(cmdprocessor.o)
                                                  ./src/arduinoMain.o
SoccerMotors::holonomicDrive(int, int, int, int)  ./src/arduinoMain.o
SoccerMotors::rawDrive(int, int)                  ./src/arduinoMain.o
SoccerMotors::rawDrive(int, int, int, int)        ./src/arduinoMain.o
String::String(String const&)                     C:\dev\eclipse_avr\ArduCore\328P_16MHZ\libArduCore.a(WString.o)
String::String(String const&)                     C:\dev\eclipse_avr\ArduCore\328P_16MHZ\libArduCore.a(WString.o)
String::String(char const*)                       C:\dev\eclipse_avr\ArduCore\328P_16MHZ\libArduCore.a(WString.o)
String::String(char const*)                       C:\dev\eclipse_avr\ArduCore\328P_16MHZ\libArduCore.a(WString.o)
String::String(char)                              C:\dev\eclipse_avr\ArduCore\328P_16MHZ\libArduCore.a(WString.o)
String::String(char)                              C:\dev\eclipse_avr\ArduCore\328P_16MHZ\libArduCore.a(WString.o)
String::String(int, unsigned char)                C:\dev\eclipse_avr\ArduCore\328P_16MHZ\libArduCore.a(WString.o)
String::String(int, unsigned char)                C:\dev\eclipse_avr\ArduCore\328P_16MHZ\libArduCore.a(WString.o)
String::String(long, unsigned char)               C:\dev\eclipse_avr\ArduCore\328P_16MHZ\libArduCore.a(WString.o)
String::String(long, unsigned char)               C:\dev\eclipse_avr\ArduCore\328P_16MHZ\libArduCore.a(WString.o)
String::String(unsigned char, unsigned char)      C:\dev\eclipse_avr\ArduCore\328P_16MHZ\libArduCore.a(WString.o)
String::String(unsigned char, unsigned char)      C:\dev\eclipse_avr\ArduCore\328P_16MHZ\libArduCore.a(WString.o)
String::String(unsigned int, unsigned char)       C:\dev\eclipse_avr\ArduCore\328P_16MHZ\libArduCore.a(WString.o)
String::String(unsigned int, unsigned char)       C:\dev\eclipse_avr\ArduCore\328P_16MHZ\libArduCore.a(WString.o)
String::String(unsigned long, unsigned char)      C:\dev\eclipse_avr\ArduCore\328P_16MHZ\libArduCore.a(WString.o)
String::String(unsigned long, unsigned char)      C:\dev\eclipse_avr\ArduCore\328P_16MHZ\libArduCore.a(WString.o)
String::changeBuffer(unsigned int)                C:\dev\eclipse_avr\ArduCore\328P_16MHZ\libArduCore.a(WString.o)
String::charAt(unsigned int) const                C:\dev\eclipse_avr\ArduCore\328P_16MHZ\libArduCore.a(WString.o)
String::compareTo(String const&) const            C:\dev\eclipse_avr\ArduCore\328P_16MHZ\libArduCore.a(WString.o)
String::concat(String const&)                     C:\dev\eclipse_avr\ArduCore\328P_16MHZ\libArduCore.a(WString.o)
String::concat(char const*)                       C:\dev\eclipse_avr\ArduCore\328P_16MHZ\libArduCore.a(WString.o)
String::concat(char const*, unsigned int)         C:\dev\eclipse_avr\ArduCore\328P_16MHZ\libArduCore.a(WString.o)
String::concat(char)                              C:\dev\eclipse_avr\ArduCore\328P_16MHZ\libArduCore.a(WString.o)
String::concat(int)                               C:\dev\eclipse_avr\ArduCore\328P_16MHZ\libArduCore.a(WString.o)
String::concat(long)                              C:\dev\eclipse_avr\ArduCore\328P_16MHZ\libArduCore.a(WString.o)
String::concat(unsigned char)                     C:\dev\eclipse_avr\ArduCore\328P_16MHZ\libArduCore.a(WString.o)
String::concat(unsigned int)                      C:\dev\eclipse_avr\ArduCore\328P_16MHZ\libArduCore.a(WString.o)
String::concat(unsigned long)                     C:\dev\eclipse_avr\ArduCore\328P_16MHZ\libArduCore.a(WString.o)
String::copy(char const*, unsigned int)           C:\dev\eclipse_avr\ArduCore\328P_16MHZ\libArduCore.a(WString.o)
String::endsWith(String const&) const             C:\dev\eclipse_avr\ArduCore\328P_16MHZ\libArduCore.a(WString.o)
String::equals(String const&) const               C:\dev\eclipse_avr\ArduCore\328P_16MHZ\libArduCore.a(WString.o)
String::equals(char const*) const                 C:\dev\eclipse_avr\ArduCore\328P_16MHZ\libArduCore.a(WString.o)
String::equalsIgnoreCase(String const&) const     C:\dev\eclipse_avr\ArduCore\328P_16MHZ\libArduCore.a(WString.o)
String::getBytes(unsigned char*, unsigned int, unsigned int) const C:\dev\eclipse_avr\ArduCore\328P_16MHZ\libArduCore.a(WString.o)
String::indexOf(String const&) const              C:\dev\eclipse_avr\ArduCore\328P_16MHZ\libArduCore.a(WString.o)
String::indexOf(String const&, unsigned int) const C:\dev\eclipse_avr\ArduCore\328P_16MHZ\libArduCore.a(WString.o)
String::indexOf(char) const                       C:\dev\eclipse_avr\ArduCore\328P_16MHZ\libArduCore.a(WString.o)
String::indexOf(char, unsigned int) const         C:\dev\eclipse_avr\ArduCore\328P_16MHZ\libArduCore.a(WString.o)
String::invalidate()                              C:\dev\eclipse_avr\ArduCore\328P_16MHZ\libArduCore.a(WString.o)
String::lastIndexOf(String const&) const          C:\dev\eclipse_avr\ArduCore\328P_16MHZ\libArduCore.a(WString.o)
String::lastIndexOf(String const&, unsigned int) const C:\dev\eclipse_avr\ArduCore\328P_16MHZ\libArduCore.a(WString.o)
String::lastIndexOf(char) const                   C:\dev\eclipse_avr\ArduCore\328P_16MHZ\libArduCore.a(WString.o)
String::lastIndexOf(char, unsigned int) const     C:\dev\eclipse_avr\ArduCore\328P_16MHZ\libArduCore.a(WString.o)
String::operator<(String const&) const            C:\dev\eclipse_avr\ArduCore\328P_16MHZ\libArduCore.a(WString.o)
String::operator<=(String const&) const           C:\dev\eclipse_avr\ArduCore\328P_16MHZ\libArduCore.a(WString.o)
String::operator=(String const&)                  C:\dev\eclipse_avr\ArduCore\328P_16MHZ\libArduCore.a(WString.o)
String::operator=(char const*)                    C:\dev\eclipse_avr\ArduCore\328P_16MHZ\libArduCore.a(WString.o)
String::operator>(String const&) const            C:\dev\eclipse_avr\ArduCore\328P_16MHZ\libArduCore.a(WString.o)
String::operator>=(String const&) const           C:\dev\eclipse_avr\ArduCore\328P_16MHZ\libArduCore.a(WString.o)
String::operator[](unsigned int)                  C:\dev\eclipse_avr\ArduCore\328P_16MHZ\libArduCore.a(WString.o)
String::operator[](unsigned int) const            C:\dev\eclipse_avr\ArduCore\328P_16MHZ\libArduCore.a(WString.o)
                                                  C:\dev\eclipse_avr\ArduCore\328P_16MHZ\libArduCore.a(Print.o)
String::replace(String const&, String const&)     C:\dev\eclipse_avr\ArduCore\328P_16MHZ\libArduCore.a(WString.o)
String::replace(char, char)                       C:\dev\eclipse_avr\ArduCore\328P_16MHZ\libArduCore.a(WString.o)
String::reserve(unsigned int)                     C:\dev\eclipse_avr\ArduCore\328P_16MHZ\libArduCore.a(WString.o)
String::setCharAt(unsigned int, char)             C:\dev\eclipse_avr\ArduCore\328P_16MHZ\libArduCore.a(WString.o)
String::startsWith(String const&) const           C:\dev\eclipse_avr\ArduCore\328P_16MHZ\libArduCore.a(WString.o)
String::startsWith(String const&, unsigned int) const C:\dev\eclipse_avr\ArduCore\328P_16MHZ\libArduCore.a(WString.o)
String::substring(unsigned int) const             C:\dev\eclipse_avr\ArduCore\328P_16MHZ\libArduCore.a(WString.o)
String::substring(unsigned int, unsigned int) const C:\dev\eclipse_avr\ArduCore\328P_16MHZ\libArduCore.a(WString.o)
String::toInt() const                             C:\dev\eclipse_avr\ArduCore\328P_16MHZ\libArduCore.a(WString.o)
String::toLowerCase()                             C:\dev\eclipse_avr\ArduCore\328P_16MHZ\libArduCore.a(WString.o)
String::toUpperCase()                             C:\dev\eclipse_avr\ArduCore\328P_16MHZ\libArduCore.a(WString.o)
String::trim()                                    C:\dev\eclipse_avr\ArduCore\328P_16MHZ\libArduCore.a(WString.o)
String::~String()                                 C:\dev\eclipse_avr\ArduCore\328P_16MHZ\libArduCore.a(WString.o)
String::~String()                                 C:\dev\eclipse_avr\ArduCore\328P_16MHZ\libArduCore.a(WString.o)
TwoWire::TwoWire()                                C:\dev\eclipse_avr\ArduLibs\328P_16MHZ\libArduLibs.a(Wire.o)
TwoWire::TwoWire()                                C:\dev\eclipse_avr\ArduLibs\328P_16MHZ\libArduLibs.a(Wire.o)
TwoWire::available()                              C:\dev\eclipse_avr\ArduLibs\328P_16MHZ\libArduLibs.a(Wire.o)
TwoWire::begin()                                  C:\dev\eclipse_avr\ArduLibs\328P_16MHZ\libArduLibs.a(Wire.o)
TwoWire::begin(int)                               C:\dev\eclipse_avr\ArduLibs\328P_16MHZ\libArduLibs.a(Wire.o)
                                                  ./src/arduinoMain.o
TwoWire::begin(unsigned char)                     C:\dev\eclipse_avr\ArduLibs\328P_16MHZ\libArduLibs.a(Wire.o)
TwoWire::beginTransmission(int)                   C:\dev\eclipse_avr\ArduLibs\328P_16MHZ\libArduLibs.a(Wire.o)
TwoWire::beginTransmission(unsigned char)         C:\dev\eclipse_avr\ArduLibs\328P_16MHZ\libArduLibs.a(Wire.o)
TwoWire::endTransmission()                        C:\dev\eclipse_avr\ArduLibs\328P_16MHZ\libArduLibs.a(Wire.o)
TwoWire::endTransmission(unsigned char)           C:\dev\eclipse_avr\ArduLibs\328P_16MHZ\libArduLibs.a(Wire.o)
TwoWire::flush()                                  C:\dev\eclipse_avr\ArduLibs\328P_16MHZ\libArduLibs.a(Wire.o)
TwoWire::onReceive(void (*)(int))                 C:\dev\eclipse_avr\ArduLibs\328P_16MHZ\libArduLibs.a(Wire.o)
                                                  ./src/arduinoMain.o
TwoWire::onReceiveService(unsigned char*, int)    C:\dev\eclipse_avr\ArduLibs\328P_16MHZ\libArduLibs.a(Wire.o)
TwoWire::onRequest(void (*)())                    C:\dev\eclipse_avr\ArduLibs\328P_16MHZ\libArduLibs.a(Wire.o)
                                                  ./src/arduinoMain.o
TwoWire::onRequestService()                       C:\dev\eclipse_avr\ArduLibs\328P_16MHZ\libArduLibs.a(Wire.o)
TwoWire::peek()                                   C:\dev\eclipse_avr\ArduLibs\328P_16MHZ\libArduLibs.a(Wire.o)
TwoWire::read()                                   C:\dev\eclipse_avr\ArduLibs\328P_16MHZ\libArduLibs.a(Wire.o)
                                                  ./src/arduinoMain.o
TwoWire::requestFrom(int, int)                    C:\dev\eclipse_avr\ArduLibs\328P_16MHZ\libArduLibs.a(Wire.o)
TwoWire::requestFrom(int, int, int)               C:\dev\eclipse_avr\ArduLibs\328P_16MHZ\libArduLibs.a(Wire.o)
TwoWire::requestFrom(unsigned char, unsigned char) C:\dev\eclipse_avr\ArduLibs\328P_16MHZ\libArduLibs.a(Wire.o)
TwoWire::requestFrom(unsigned char, unsigned char, unsigned char) C:\dev\eclipse_avr\ArduLibs\328P_16MHZ\libArduLibs.a(Wire.o)
TwoWire::rxBuffer                                 C:\dev\eclipse_avr\ArduLibs\328P_16MHZ\libArduLibs.a(Wire.o)
TwoWire::rxBufferIndex                            C:\dev\eclipse_avr\ArduLibs\328P_16MHZ\libArduLibs.a(Wire.o)
TwoWire::rxBufferLength                           C:\dev\eclipse_avr\ArduLibs\328P_16MHZ\libArduLibs.a(Wire.o)
TwoWire::transmitting                             C:\dev\eclipse_avr\ArduLibs\328P_16MHZ\libArduLibs.a(Wire.o)
TwoWire::txAddress                                C:\dev\eclipse_avr\ArduLibs\328P_16MHZ\libArduLibs.a(Wire.o)
TwoWire::txBuffer                                 C:\dev\eclipse_avr\ArduLibs\328P_16MHZ\libArduLibs.a(Wire.o)
TwoWire::txBufferIndex                            C:\dev\eclipse_avr\ArduLibs\328P_16MHZ\libArduLibs.a(Wire.o)
TwoWire::txBufferLength                           C:\dev\eclipse_avr\ArduLibs\328P_16MHZ\libArduLibs.a(Wire.o)
TwoWire::user_onReceive                           C:\dev\eclipse_avr\ArduLibs\328P_16MHZ\libArduLibs.a(Wire.o)
TwoWire::user_onRequest                           C:\dev\eclipse_avr\ArduLibs\328P_16MHZ\libArduLibs.a(Wire.o)
TwoWire::write(unsigned char const*, unsigned int) C:\dev\eclipse_avr\ArduLibs\328P_16MHZ\libArduLibs.a(Wire.o)
TwoWire::write(unsigned char)                     C:\dev\eclipse_avr\ArduLibs\328P_16MHZ\libArduLibs.a(Wire.o)
TwoWire::~TwoWire()                               C:\dev\eclipse_avr\ArduLibs\328P_16MHZ\libArduLibs.a(Wire.o)
TwoWire::~TwoWire()                               C:\dev\eclipse_avr\ArduLibs\328P_16MHZ\libArduLibs.a(Wire.o)
Wire                                              C:\dev\eclipse_avr\ArduLibs\328P_16MHZ\libArduLibs.a(Wire.o)
                                                  ./src/arduinoMain.o
__addsf3                                          c:/users/danny/dev/arduino-1.0.5-r2/hardware/tools/avr/bin/../lib/gcc/avr/4.3.2/../../../../avr/lib/avr5\libm.a(addsf3.o)
                                                  C:\dev\eclipse_avr\ArduCore\328P_16MHZ\libArduCore.a(Print.o)
__addsf3x                                         c:/users/danny/dev/arduino-1.0.5-r2/hardware/tools/avr/bin/../lib/gcc/avr/4.3.2/../../../../avr/lib/avr5\libm.a(addsf3x.o)
                                                  c:/users/danny/dev/arduino-1.0.5-r2/hardware/tools/avr/bin/../lib/gcc/avr/4.3.2/../../../../avr/lib/avr5\libm.a(fp_powser.o)
                                                  c:/users/danny/dev/arduino-1.0.5-r2/hardware/tools/avr/bin/../lib/gcc/avr/4.3.2/../../../../avr/lib/avr5\libm.a(fp_sinus.o)
                                                  c:/users/danny/dev/arduino-1.0.5-r2/hardware/tools/avr/bin/../lib/gcc/avr/4.3.2/../../../../avr/lib/avr5\libm.a(addsf3.o)
__bad_interrupt                                   c:/users/danny/dev/arduino-1.0.5-r2/hardware/tools/avr/bin/../lib/gcc/avr/4.3.2/../../../../avr/lib/avr5/crtm328p.o
__brkval                                          C:\dev\eclipse_avr\ArduCore\328P_16MHZ\libArduCore.a(realloc.o)
                                                  C:\dev\eclipse_avr\ArduCore\328P_16MHZ\libArduCore.a(malloc.o)
__bss_end                                         c:/users/danny/dev/arduino-1.0.5-r2/hardware/tools/avr/bin/../lib/gcc/avr/4.3.2/avr5\libgcc.a(_clear_bss.o)
__bss_start                                       c:/users/danny/dev/arduino-1.0.5-r2/hardware/tools/avr/bin/../lib/gcc/avr/4.3.2/avr5\libgcc.a(_clear_bss.o)
__cmpsf2                                          c:/users/danny/dev/arduino-1.0.5-r2/hardware/tools/avr/bin/../lib/gcc/avr/4.3.2/../../../../avr/lib/avr5\libm.a(cmpsf2.o)
__ctors_end                                       c:/users/danny/dev/arduino-1.0.5-r2/hardware/tools/avr/bin/../lib/gcc/avr/4.3.2/avr5\libgcc.a(_ctors.o)
__ctors_start                                     c:/users/danny/dev/arduino-1.0.5-r2/hardware/tools/avr/bin/../lib/gcc/avr/4.3.2/avr5\libgcc.a(_ctors.o)
__ctype_isfalse                                   c:/users/danny/dev/arduino-1.0.5-r2/hardware/tools/avr/bin/../lib/gcc/avr/4.3.2/../../../../avr/lib/avr5\libc.a(cty_isfalse.o)
                                                  c:/users/danny/dev/arduino-1.0.5-r2/hardware/tools/avr/bin/../lib/gcc/avr/4.3.2/../../../../avr/lib/avr5\libc.a(isspace.o)
                                                  c:/users/danny/dev/arduino-1.0.5-r2/hardware/tools/avr/bin/../lib/gcc/avr/4.3.2/../../../../avr/lib/avr5\libc.a(isprint.o)
__ctype_istrue                                    c:/users/danny/dev/arduino-1.0.5-r2/hardware/tools/avr/bin/../lib/gcc/avr/4.3.2/../../../../avr/lib/avr5\libc.a(cty_isfalse.o)
__cxa_guard_abort                                 ./src/main.o
__cxa_guard_acquire                               ./src/main.o
__cxa_guard_release                               ./src/main.o
__cxa_pure_virtual                                ./src/main.o
                                                  C:\dev\eclipse_avr\ArduCore\328P_16MHZ\libArduCore.a(Print.o)
                                                  C:\dev\eclipse_avr\ArduCore\328P_16MHZ\libArduCore.a(HardwareSerial.o)
                                                  C:\dev\eclipse_avr\ArduLibs\328P_16MHZ\libArduLibs.a(Wire.o)
__data_end                                        c:/users/danny/dev/arduino-1.0.5-r2/hardware/tools/avr/bin/../lib/gcc/avr/4.3.2/avr5\libgcc.a(_copy_data.o)
__data_load_start                                 c:/users/danny/dev/arduino-1.0.5-r2/hardware/tools/avr/bin/../lib/gcc/avr/4.3.2/avr5\libgcc.a(_copy_data.o)
__data_start                                      c:/users/danny/dev/arduino-1.0.5-r2/hardware/tools/avr/bin/../lib/gcc/avr/4.3.2/avr5\libgcc.a(_copy_data.o)
__divmodsi4                                       c:/users/danny/dev/arduino-1.0.5-r2/hardware/tools/avr/bin/../lib/gcc/avr/4.3.2/avr5\libgcc.a(_divmodsi4.o)
                                                  c:/users/danny/dev/arduino-1.0.5-r2/hardware/tools/avr/bin/../lib/gcc/avr/4.3.2/../../../../avr/lib/avr5\libc.a(random.o)
                                                  C:\dev\eclipse_avr\ArduCore\328P_16MHZ\libArduCore.a(WMath.o)
__divsf3                                          c:/users/danny/dev/arduino-1.0.5-r2/hardware/tools/avr/bin/../lib/gcc/avr/4.3.2/../../../../avr/lib/avr5\libm.a(divsf3.o)
                                                  C:\dev\eclipse_avr\ArduCore\328P_16MHZ\libArduCore.a(Print.o)
                                                  ./src/arduinoMain.o
__divsf3_pse                                      c:/users/danny/dev/arduino-1.0.5-r2/hardware/tools/avr/bin/../lib/gcc/avr/4.3.2/../../../../avr/lib/avr5\libm.a(divsf3x.o)
__divsf3x                                         c:/users/danny/dev/arduino-1.0.5-r2/hardware/tools/avr/bin/../lib/gcc/avr/4.3.2/../../../../avr/lib/avr5\libm.a(divsf3x.o)
                                                  c:/users/danny/dev/arduino-1.0.5-r2/hardware/tools/avr/bin/../lib/gcc/avr/4.3.2/../../../../avr/lib/avr5\libm.a(divsf3.o)
__do_clear_bss                                    c:/users/danny/dev/arduino-1.0.5-r2/hardware/tools/avr/bin/../lib/gcc/avr/4.3.2/avr5\libgcc.a(_clear_bss.o)
                                                  c:/users/danny/dev/arduino-1.0.5-r2/hardware/tools/avr/bin/../lib/gcc/avr/4.3.2/../../../../avr/lib/avr5\libc.a(random.o)
                                                  C:\dev\eclipse_avr\ArduCore\328P_16MHZ\libArduCore.a(realloc.o)
                                                  C:\dev\eclipse_avr\ArduCore\328P_16MHZ\libArduCore.a(malloc.o)
                                                  C:\dev\eclipse_avr\ArduCore\328P_16MHZ\libArduCore.a(wiring_digital.o)
                                                  C:\dev\eclipse_avr\ArduCore\328P_16MHZ\libArduCore.a(wiring.o)
                                                  C:\dev\eclipse_avr\ArduCore\328P_16MHZ\libArduCore.a(main.o)
                                                  C:\dev\eclipse_avr\ArduCore\328P_16MHZ\libArduCore.a(WString.o)
                                                  C:\dev\eclipse_avr\ArduCore\328P_16MHZ\libArduCore.a(WMath.o)
                                                  C:\dev\eclipse_avr\ArduCore\328P_16MHZ\libArduCore.a(Print.o)
                                                  C:\dev\eclipse_avr\ArduCore\328P_16MHZ\libArduCore.a(HardwareSerial.o)
                                                  C:\dev\eclipse_avr\ArduLibs\328P_16MHZ\libArduLibs.a(AFMotor.o)
                                                  C:\dev\eclipse_avr\ArduLibs\328P_16MHZ\libArduLibs.a(cmdprocessor.o)
                                                  C:\dev\eclipse_avr\ArduLibs\328P_16MHZ\libArduLibs.a(twi.o)
                                                  C:\dev\eclipse_avr\ArduLibs\328P_16MHZ\libArduLibs.a(Wire.o)
                                                  ./src/main.o
                                                  ./src/arduinoMain.o
__do_copy_data                                    c:/users/danny/dev/arduino-1.0.5-r2/hardware/tools/avr/bin/../lib/gcc/avr/4.3.2/avr5\libgcc.a(_copy_data.o)
                                                  c:/users/danny/dev/arduino-1.0.5-r2/hardware/tools/avr/bin/../lib/gcc/avr/4.3.2/../../../../avr/lib/avr5\libc.a(random.o)
                                                  C:\dev\eclipse_avr\ArduCore\328P_16MHZ\libArduCore.a(realloc.o)
                                                  C:\dev\eclipse_avr\ArduCore\328P_16MHZ\libArduCore.a(malloc.o)
                                                  C:\dev\eclipse_avr\ArduCore\328P_16MHZ\libArduCore.a(wiring_digital.o)
                                                  C:\dev\eclipse_avr\ArduCore\328P_16MHZ\libArduCore.a(wiring.o)
                                                  C:\dev\eclipse_avr\ArduCore\328P_16MHZ\libArduCore.a(main.o)
                                                  C:\dev\eclipse_avr\ArduCore\328P_16MHZ\libArduCore.a(WString.o)
                                                  C:\dev\eclipse_avr\ArduCore\328P_16MHZ\libArduCore.a(WMath.o)
                                                  C:\dev\eclipse_avr\ArduCore\328P_16MHZ\libArduCore.a(Print.o)
                                                  C:\dev\eclipse_avr\ArduCore\328P_16MHZ\libArduCore.a(HardwareSerial.o)
                                                  C:\dev\eclipse_avr\ArduLibs\328P_16MHZ\libArduLibs.a(AFMotor.o)
                                                  C:\dev\eclipse_avr\ArduLibs\328P_16MHZ\libArduLibs.a(cmdprocessor.o)
                                                  C:\dev\eclipse_avr\ArduLibs\328P_16MHZ\libArduLibs.a(twi.o)
                                                  C:\dev\eclipse_avr\ArduLibs\328P_16MHZ\libArduLibs.a(Wire.o)
                                                  ./src/main.o
                                                  ./src/arduinoMain.o
__do_global_ctors                                 c:/users/danny/dev/arduino-1.0.5-r2/hardware/tools/avr/bin/../lib/gcc/avr/4.3.2/avr5\libgcc.a(_ctors.o)
                                                  C:\dev\eclipse_avr\ArduCore\328P_16MHZ\libArduCore.a(HardwareSerial.o)
                                                  C:\dev\eclipse_avr\ArduLibs\328P_16MHZ\libArduLibs.a(AFMotor.o)
                                                  C:\dev\eclipse_avr\ArduLibs\328P_16MHZ\libArduLibs.a(Wire.o)
                                                  ./src/arduinoMain.o
__do_global_dtors                                 c:/users/danny/dev/arduino-1.0.5-r2/hardware/tools/avr/bin/../lib/gcc/avr/4.3.2/avr5\libgcc.a(_dtors.o)
                                                  C:\dev\eclipse_avr\ArduLibs\328P_16MHZ\libArduLibs.a(Wire.o)
__dtors_end                                       c:/users/danny/dev/arduino-1.0.5-r2/hardware/tools/avr/bin/../lib/gcc/avr/4.3.2/avr5\libgcc.a(_dtors.o)
__dtors_start                                     c:/users/danny/dev/arduino-1.0.5-r2/hardware/tools/avr/bin/../lib/gcc/avr/4.3.2/avr5\libgcc.a(_dtors.o)
__epilogue_restores__                             c:/users/danny/dev/arduino-1.0.5-r2/hardware/tools/avr/bin/../lib/gcc/avr/4.3.2/avr5\libgcc.a(_epilogue.o)
                                                  c:/users/danny/dev/arduino-1.0.5-r2/hardware/tools/avr/bin/../lib/gcc/avr/4.3.2/../../../../avr/lib/avr5\libc.a(random.o)
__eqsf2                                           c:/users/danny/dev/arduino-1.0.5-r2/hardware/tools/avr/bin/../lib/gcc/avr/4.3.2/../../../../avr/lib/avr5\libm.a(cmpsf2.o)
__fixsfsi                                         c:/users/danny/dev/arduino-1.0.5-r2/hardware/tools/avr/bin/../lib/gcc/avr/4.3.2/../../../../avr/lib/avr5\libm.a(fixsfsi.o)
                                                  C:\dev\eclipse_avr\ArduCore\328P_16MHZ\libArduCore.a(Print.o)
                                                  ./src/arduinoMain.o
__fixunssfsi                                      c:/users/danny/dev/arduino-1.0.5-r2/hardware/tools/avr/bin/../lib/gcc/avr/4.3.2/../../../../avr/lib/avr5\libm.a(fixunssfsi.o)
                                                  c:/users/danny/dev/arduino-1.0.5-r2/hardware/tools/avr/bin/../lib/gcc/avr/4.3.2/../../../../avr/lib/avr5\libm.a(fixsfsi.o)
                                                  C:\dev\eclipse_avr\ArduCore\328P_16MHZ\libArduCore.a(Print.o)
__floatsisf                                       c:/users/danny/dev/arduino-1.0.5-r2/hardware/tools/avr/bin/../lib/gcc/avr/4.3.2/../../../../avr/lib/avr5\libm.a(floatsisf.o)
                                                  C:\dev\eclipse_avr\ArduCore\328P_16MHZ\libArduCore.a(Print.o)
                                                  ./src/arduinoMain.o
__floatunsisf                                     c:/users/danny/dev/arduino-1.0.5-r2/hardware/tools/avr/bin/../lib/gcc/avr/4.3.2/../../../../avr/lib/avr5\libm.a(floatsisf.o)
                                                  C:\dev\eclipse_avr\ArduCore\328P_16MHZ\libArduCore.a(Print.o)
                                                  ./src/arduinoMain.o
__flp                                             C:\dev\eclipse_avr\ArduCore\328P_16MHZ\libArduCore.a(realloc.o)
                                                  C:\dev\eclipse_avr\ArduCore\328P_16MHZ\libArduCore.a(malloc.o)
__fp_cmp                                          c:/users/danny/dev/arduino-1.0.5-r2/hardware/tools/avr/bin/../lib/gcc/avr/4.3.2/../../../../avr/lib/avr5\libm.a(fp_cmp.o)
                                                  c:/users/danny/dev/arduino-1.0.5-r2/hardware/tools/avr/bin/../lib/gcc/avr/4.3.2/../../../../avr/lib/avr5\libm.a(unordsf2.o)
                                                  c:/users/danny/dev/arduino-1.0.5-r2/hardware/tools/avr/bin/../lib/gcc/avr/4.3.2/../../../../avr/lib/avr5\libm.a(gesf2.o)
                                                  c:/users/danny/dev/arduino-1.0.5-r2/hardware/tools/avr/bin/../lib/gcc/avr/4.3.2/../../../../avr/lib/avr5\libm.a(cmpsf2.o)
__fp_inf                                          c:/users/danny/dev/arduino-1.0.5-r2/hardware/tools/avr/bin/../lib/gcc/avr/4.3.2/../../../../avr/lib/avr5\libm.a(fp_inf.o)
                                                  c:/users/danny/dev/arduino-1.0.5-r2/hardware/tools/avr/bin/../lib/gcc/avr/4.3.2/../../../../avr/lib/avr5\libm.a(mulsf3x.o)
                                                  c:/users/danny/dev/arduino-1.0.5-r2/hardware/tools/avr/bin/../lib/gcc/avr/4.3.2/../../../../avr/lib/avr5\libm.a(divsf3x.o)
                                                  c:/users/danny/dev/arduino-1.0.5-r2/hardware/tools/avr/bin/../lib/gcc/avr/4.3.2/../../../../avr/lib/avr5\libm.a(addsf3x.o)
__fp_mpack                                        c:/users/danny/dev/arduino-1.0.5-r2/hardware/tools/avr/bin/../lib/gcc/avr/4.3.2/../../../../avr/lib/avr5\libm.a(fp_mpack.o)
                                                  c:/users/danny/dev/arduino-1.0.5-r2/hardware/tools/avr/bin/../lib/gcc/avr/4.3.2/../../../../avr/lib/avr5\libm.a(fp_rempio2.o)
__fp_nan                                          c:/users/danny/dev/arduino-1.0.5-r2/hardware/tools/avr/bin/../lib/gcc/avr/4.3.2/../../../../avr/lib/avr5\libm.a(fp_nan.o)
                                                  c:/users/danny/dev/arduino-1.0.5-r2/hardware/tools/avr/bin/../lib/gcc/avr/4.3.2/../../../../avr/lib/avr5\libm.a(mulsf3x.o)
                                                  c:/users/danny/dev/arduino-1.0.5-r2/hardware/tools/avr/bin/../lib/gcc/avr/4.3.2/../../../../avr/lib/avr5\libm.a(fp_rempio2.o)
                                                  c:/users/danny/dev/arduino-1.0.5-r2/hardware/tools/avr/bin/../lib/gcc/avr/4.3.2/../../../../avr/lib/avr5\libm.a(divsf3x.o)
                                                  c:/users/danny/dev/arduino-1.0.5-r2/hardware/tools/avr/bin/../lib/gcc/avr/4.3.2/../../../../avr/lib/avr5\libm.a(addsf3x.o)
__fp_powser                                       c:/users/danny/dev/arduino-1.0.5-r2/hardware/tools/avr/bin/../lib/gcc/avr/4.3.2/../../../../avr/lib/avr5\libm.a(fp_powser.o)
                                                  c:/users/danny/dev/arduino-1.0.5-r2/hardware/tools/avr/bin/../lib/gcc/avr/4.3.2/../../../../avr/lib/avr5\libm.a(fp_powsodd.o)
__fp_powsodd                                      c:/users/danny/dev/arduino-1.0.5-r2/hardware/tools/avr/bin/../lib/gcc/avr/4.3.2/../../../../avr/lib/avr5\libm.a(fp_powsodd.o)
                                                  c:/users/danny/dev/arduino-1.0.5-r2/hardware/tools/avr/bin/../lib/gcc/avr/4.3.2/../../../../avr/lib/avr5\libm.a(fp_sinus.o)
__fp_pscA                                         c:/users/danny/dev/arduino-1.0.5-r2/hardware/tools/avr/bin/../lib/gcc/avr/4.3.2/../../../../avr/lib/avr5\libm.a(fp_pscA.o)
                                                  c:/users/danny/dev/arduino-1.0.5-r2/hardware/tools/avr/bin/../lib/gcc/avr/4.3.2/../../../../avr/lib/avr5\libm.a(mulsf3x.o)
                                                  c:/users/danny/dev/arduino-1.0.5-r2/hardware/tools/avr/bin/../lib/gcc/avr/4.3.2/../../../../avr/lib/avr5\libm.a(divsf3x.o)
                                                  c:/users/danny/dev/arduino-1.0.5-r2/hardware/tools/avr/bin/../lib/gcc/avr/4.3.2/../../../../avr/lib/avr5\libm.a(addsf3x.o)
__fp_pscB                                         c:/users/danny/dev/arduino-1.0.5-r2/hardware/tools/avr/bin/../lib/gcc/avr/4.3.2/../../../../avr/lib/avr5\libm.a(fp_pscB.o)
                                                  c:/users/danny/dev/arduino-1.0.5-r2/hardware/tools/avr/bin/../lib/gcc/avr/4.3.2/../../../../avr/lib/avr5\libm.a(mulsf3x.o)
                                                  c:/users/danny/dev/arduino-1.0.5-r2/hardware/tools/avr/bin/../lib/gcc/avr/4.3.2/../../../../avr/lib/avr5\libm.a(divsf3x.o)
                                                  c:/users/danny/dev/arduino-1.0.5-r2/hardware/tools/avr/bin/../lib/gcc/avr/4.3.2/../../../../avr/lib/avr5\libm.a(addsf3x.o)
__fp_rempio2                                      c:/users/danny/dev/arduino-1.0.5-r2/hardware/tools/avr/bin/../lib/gcc/avr/4.3.2/../../../../avr/lib/avr5\libm.a(fp_rempio2.o)
                                                  c:/users/danny/dev/arduino-1.0.5-r2/hardware/tools/avr/bin/../lib/gcc/avr/4.3.2/../../../../avr/lib/avr5\libm.a(sin.o)
                                                  c:/users/danny/dev/arduino-1.0.5-r2/hardware/tools/avr/bin/../lib/gcc/avr/4.3.2/../../../../avr/lib/avr5\libm.a(cos.o)
__fp_round                                        c:/users/danny/dev/arduino-1.0.5-r2/hardware/tools/avr/bin/../lib/gcc/avr/4.3.2/../../../../avr/lib/avr5\libm.a(fp_round.o)
                                                  c:/users/danny/dev/arduino-1.0.5-r2/hardware/tools/avr/bin/../lib/gcc/avr/4.3.2/../../../../avr/lib/avr5\libm.a(mulsf3.o)
                                                  c:/users/danny/dev/arduino-1.0.5-r2/hardware/tools/avr/bin/../lib/gcc/avr/4.3.2/../../../../avr/lib/avr5\libm.a(fp_sinus.o)
                                                  c:/users/danny/dev/arduino-1.0.5-r2/hardware/tools/avr/bin/../lib/gcc/avr/4.3.2/../../../../avr/lib/avr5\libm.a(divsf3.o)
                                                  c:/users/danny/dev/arduino-1.0.5-r2/hardware/tools/avr/bin/../lib/gcc/avr/4.3.2/../../../../avr/lib/avr5\libm.a(addsf3.o)
__fp_sinus                                        c:/users/danny/dev/arduino-1.0.5-r2/hardware/tools/avr/bin/../lib/gcc/avr/4.3.2/../../../../avr/lib/avr5\libm.a(fp_sinus.o)
                                                  c:/users/danny/dev/arduino-1.0.5-r2/hardware/tools/avr/bin/../lib/gcc/avr/4.3.2/../../../../avr/lib/avr5\libm.a(sin.o)
                                                  c:/users/danny/dev/arduino-1.0.5-r2/hardware/tools/avr/bin/../lib/gcc/avr/4.3.2/../../../../avr/lib/avr5\libm.a(cos.o)
__fp_split3                                       c:/users/danny/dev/arduino-1.0.5-r2/hardware/tools/avr/bin/../lib/gcc/avr/4.3.2/../../../../avr/lib/avr5\libm.a(fp_split3.o)
                                                  c:/users/danny/dev/arduino-1.0.5-r2/hardware/tools/avr/bin/../lib/gcc/avr/4.3.2/../../../../avr/lib/avr5\libm.a(mulsf3x.o)
                                                  c:/users/danny/dev/arduino-1.0.5-r2/hardware/tools/avr/bin/../lib/gcc/avr/4.3.2/../../../../avr/lib/avr5\libm.a(divsf3x.o)
                                                  c:/users/danny/dev/arduino-1.0.5-r2/hardware/tools/avr/bin/../lib/gcc/avr/4.3.2/../../../../avr/lib/avr5\libm.a(addsf3x.o)
__fp_splitA                                       c:/users/danny/dev/arduino-1.0.5-r2/hardware/tools/avr/bin/../lib/gcc/avr/4.3.2/../../../../avr/lib/avr5\libm.a(fp_split3.o)
                                                  c:/users/danny/dev/arduino-1.0.5-r2/hardware/tools/avr/bin/../lib/gcc/avr/4.3.2/../../../../avr/lib/avr5\libm.a(fp_rempio2.o)
                                                  c:/users/danny/dev/arduino-1.0.5-r2/hardware/tools/avr/bin/../lib/gcc/avr/4.3.2/../../../../avr/lib/avr5\libm.a(fixunssfsi.o)
__fp_szero                                        c:/users/danny/dev/arduino-1.0.5-r2/hardware/tools/avr/bin/../lib/gcc/avr/4.3.2/../../../../avr/lib/avr5\libm.a(fp_zero.o)
                                                  c:/users/danny/dev/arduino-1.0.5-r2/hardware/tools/avr/bin/../lib/gcc/avr/4.3.2/../../../../avr/lib/avr5\libm.a(mulsf3x.o)
                                                  c:/users/danny/dev/arduino-1.0.5-r2/hardware/tools/avr/bin/../lib/gcc/avr/4.3.2/../../../../avr/lib/avr5\libm.a(fixsfsi.o)
                                                  c:/users/danny/dev/arduino-1.0.5-r2/hardware/tools/avr/bin/../lib/gcc/avr/4.3.2/../../../../avr/lib/avr5\libm.a(divsf3x.o)
__fp_zero                                         c:/users/danny/dev/arduino-1.0.5-r2/hardware/tools/avr/bin/../lib/gcc/avr/4.3.2/../../../../avr/lib/avr5\libm.a(fp_zero.o)
                                                  c:/users/danny/dev/arduino-1.0.5-r2/hardware/tools/avr/bin/../lib/gcc/avr/4.3.2/../../../../avr/lib/avr5\libm.a(fixunssfsi.o)
                                                  c:/users/danny/dev/arduino-1.0.5-r2/hardware/tools/avr/bin/../lib/gcc/avr/4.3.2/../../../../avr/lib/avr5\libm.a(addsf3x.o)
__gesf2                                           c:/users/danny/dev/arduino-1.0.5-r2/hardware/tools/avr/bin/../lib/gcc/avr/4.3.2/../../../../avr/lib/avr5\libm.a(gesf2.o)
__gtsf2                                           c:/users/danny/dev/arduino-1.0.5-r2/hardware/tools/avr/bin/../lib/gcc/avr/4.3.2/../../../../avr/lib/avr5\libm.a(gesf2.o)
                                                  C:\dev\eclipse_avr\ArduCore\328P_16MHZ\libArduCore.a(Print.o)
                                                  ./src/arduinoMain.o
__heap_end                                        c:/users/danny/dev/arduino-1.0.5-r2/hardware/tools/avr/bin/../lib/gcc/avr/4.3.2/../../../../avr/lib/avr5/crtm328p.o
                                                  C:\dev\eclipse_avr\ArduCore\328P_16MHZ\libArduCore.a(malloc.o)
__heap_start                                      C:\dev\eclipse_avr\ArduCore\328P_16MHZ\libArduCore.a(malloc.o)
__init                                            c:/users/danny/dev/arduino-1.0.5-r2/hardware/tools/avr/bin/../lib/gcc/avr/4.3.2/../../../../avr/lib/avr5/crtm328p.o
__lesf2                                           c:/users/danny/dev/arduino-1.0.5-r2/hardware/tools/avr/bin/../lib/gcc/avr/4.3.2/../../../../avr/lib/avr5\libm.a(cmpsf2.o)
                                                  C:\dev\eclipse_avr\ArduCore\328P_16MHZ\libArduCore.a(Print.o)
__ltsf2                                           c:/users/danny/dev/arduino-1.0.5-r2/hardware/tools/avr/bin/../lib/gcc/avr/4.3.2/../../../../avr/lib/avr5\libm.a(cmpsf2.o)
                                                  C:\dev\eclipse_avr\ArduCore\328P_16MHZ\libArduCore.a(Print.o)
                                                  ./src/arduinoMain.o
__malloc_heap_end                                 C:\dev\eclipse_avr\ArduCore\328P_16MHZ\libArduCore.a(malloc.o)
                                                  C:\dev\eclipse_avr\ArduCore\328P_16MHZ\libArduCore.a(realloc.o)
__malloc_heap_start                               C:\dev\eclipse_avr\ArduCore\328P_16MHZ\libArduCore.a(malloc.o)
__malloc_margin                                   C:\dev\eclipse_avr\ArduCore\328P_16MHZ\libArduCore.a(malloc.o)
                                                  C:\dev\eclipse_avr\ArduCore\328P_16MHZ\libArduCore.a(realloc.o)
__mulsf3                                          c:/users/danny/dev/arduino-1.0.5-r2/hardware/tools/avr/bin/../lib/gcc/avr/4.3.2/../../../../avr/lib/avr5\libm.a(mulsf3.o)
                                                  c:/users/danny/dev/arduino-1.0.5-r2/hardware/tools/avr/bin/../lib/gcc/avr/4.3.2/../../../../avr/lib/avr5\libm.a(fp_powsodd.o)
                                                  C:\dev\eclipse_avr\ArduCore\328P_16MHZ\libArduCore.a(Print.o)
                                                  ./src/arduinoMain.o
__mulsf3_pse                                      c:/users/danny/dev/arduino-1.0.5-r2/hardware/tools/avr/bin/../lib/gcc/avr/4.3.2/../../../../avr/lib/avr5\libm.a(mulsf3x.o)
__mulsf3x                                         c:/users/danny/dev/arduino-1.0.5-r2/hardware/tools/avr/bin/../lib/gcc/avr/4.3.2/../../../../avr/lib/avr5\libm.a(mulsf3x.o)
                                                  c:/users/danny/dev/arduino-1.0.5-r2/hardware/tools/avr/bin/../lib/gcc/avr/4.3.2/../../../../avr/lib/avr5\libm.a(fp_powser.o)
                                                  c:/users/danny/dev/arduino-1.0.5-r2/hardware/tools/avr/bin/../lib/gcc/avr/4.3.2/../../../../avr/lib/avr5\libm.a(mulsf3.o)
__mulsi3                                          c:/users/danny/dev/arduino-1.0.5-r2/hardware/tools/avr/bin/../lib/gcc/avr/4.3.2/avr5\libgcc.a(_mulsi3.o)
                                                  c:/users/danny/dev/arduino-1.0.5-r2/hardware/tools/avr/bin/../lib/gcc/avr/4.3.2/../../../../avr/lib/avr5\libc.a(random.o)
                                                  C:\dev\eclipse_avr\ArduCore\328P_16MHZ\libArduCore.a(WMath.o)
                                                  C:\dev\eclipse_avr\ArduCore\328P_16MHZ\libArduCore.a(Print.o)
                                                  C:\dev\eclipse_avr\ArduLibs\328P_16MHZ\libArduLibs.a(AFMotor.o)
__mulsi_const_10                                  c:/users/danny/dev/arduino-1.0.5-r2/hardware/tools/avr/bin/../lib/gcc/avr/4.3.2/../../../../avr/lib/avr5\libc.a(mulsi10.o)
                                                  c:/users/danny/dev/arduino-1.0.5-r2/hardware/tools/avr/bin/../lib/gcc/avr/4.3.2/../../../../avr/lib/avr5\libc.a(atol.o)
__nesf2                                           c:/users/danny/dev/arduino-1.0.5-r2/hardware/tools/avr/bin/../lib/gcc/avr/4.3.2/../../../../avr/lib/avr5\libm.a(cmpsf2.o)
__prologue_saves__                                c:/users/danny/dev/arduino-1.0.5-r2/hardware/tools/avr/bin/../lib/gcc/avr/4.3.2/avr5\libgcc.a(_prologue.o)
                                                  c:/users/danny/dev/arduino-1.0.5-r2/hardware/tools/avr/bin/../lib/gcc/avr/4.3.2/../../../../avr/lib/avr5\libc.a(random.o)
__stack                                           c:/users/danny/dev/arduino-1.0.5-r2/hardware/tools/avr/bin/../lib/gcc/avr/4.3.2/../../../../avr/lib/avr5/crtm328p.o
__subsf3                                          c:/users/danny/dev/arduino-1.0.5-r2/hardware/tools/avr/bin/../lib/gcc/avr/4.3.2/../../../../avr/lib/avr5\libm.a(addsf3.o)
                                                  C:\dev\eclipse_avr\ArduCore\328P_16MHZ\libArduCore.a(Print.o)
__tablejump2__                                    c:/users/danny/dev/arduino-1.0.5-r2/hardware/tools/avr/bin/../lib/gcc/avr/4.3.2/avr5\libgcc.a(_tablejump.o)
__tablejump__                                     c:/users/danny/dev/arduino-1.0.5-r2/hardware/tools/avr/bin/../lib/gcc/avr/4.3.2/avr5\libgcc.a(_tablejump.o)
                                                  c:/users/danny/dev/arduino-1.0.5-r2/hardware/tools/avr/bin/../lib/gcc/avr/4.3.2/avr5\libgcc.a(_dtors.o)
                                                  c:/users/danny/dev/arduino-1.0.5-r2/hardware/tools/avr/bin/../lib/gcc/avr/4.3.2/avr5\libgcc.a(_ctors.o)
__udivmodhi4                                      c:/users/danny/dev/arduino-1.0.5-r2/hardware/tools/avr/bin/../lib/gcc/avr/4.3.2/avr5\libgcc.a(_udivmodhi4.o)
                                                  c:/users/danny/dev/arduino-1.0.5-r2/hardware/tools/avr/bin/../lib/gcc/avr/4.3.2/../../../../avr/lib/avr5\libc.a(utoa.o)
                                                  c:/users/danny/dev/arduino-1.0.5-r2/hardware/tools/avr/bin/../lib/gcc/avr/4.3.2/../../../../avr/lib/avr5\libc.a(itoa.o)
__udivmodsi4                                      c:/users/danny/dev/arduino-1.0.5-r2/hardware/tools/avr/bin/../lib/gcc/avr/4.3.2/avr5\libgcc.a(_udivmodsi4.o)
                                                  c:/users/danny/dev/arduino-1.0.5-r2/hardware/tools/avr/bin/../lib/gcc/avr/4.3.2/avr5\libgcc.a(_divmodsi4.o)
                                                  c:/users/danny/dev/arduino-1.0.5-r2/hardware/tools/avr/bin/../lib/gcc/avr/4.3.2/../../../../avr/lib/avr5\libc.a(ultoa.o)
                                                  c:/users/danny/dev/arduino-1.0.5-r2/hardware/tools/avr/bin/../lib/gcc/avr/4.3.2/../../../../avr/lib/avr5\libc.a(ltoa.o)
                                                  C:\dev\eclipse_avr\ArduCore\328P_16MHZ\libArduCore.a(Print.o)
                                                  C:\dev\eclipse_avr\ArduCore\328P_16MHZ\libArduCore.a(HardwareSerial.o)
                                                  C:\dev\eclipse_avr\ArduLibs\328P_16MHZ\libArduLibs.a(AFMotor.o)
__unordsf2                                        c:/users/danny/dev/arduino-1.0.5-r2/hardware/tools/avr/bin/../lib/gcc/avr/4.3.2/../../../../avr/lib/avr5\libm.a(unordsf2.o)
                                                  C:\dev\eclipse_avr\ArduCore\328P_16MHZ\libArduCore.a(Print.o)
__vector_1                                        c:/users/danny/dev/arduino-1.0.5-r2/hardware/tools/avr/bin/../lib/gcc/avr/4.3.2/../../../../avr/lib/avr5/crtm328p.o
__vector_10                                       c:/users/danny/dev/arduino-1.0.5-r2/hardware/tools/avr/bin/../lib/gcc/avr/4.3.2/../../../../avr/lib/avr5/crtm328p.o
__vector_11                                       c:/users/danny/dev/arduino-1.0.5-r2/hardware/tools/avr/bin/../lib/gcc/avr/4.3.2/../../../../avr/lib/avr5/crtm328p.o
__vector_12                                       c:/users/danny/dev/arduino-1.0.5-r2/hardware/tools/avr/bin/../lib/gcc/avr/4.3.2/../../../../avr/lib/avr5/crtm328p.o
__vector_13                                       c:/users/danny/dev/arduino-1.0.5-r2/hardware/tools/avr/bin/../lib/gcc/avr/4.3.2/../../../../avr/lib/avr5/crtm328p.o
__vector_14                                       c:/users/danny/dev/arduino-1.0.5-r2/hardware/tools/avr/bin/../lib/gcc/avr/4.3.2/../../../../avr/lib/avr5/crtm328p.o
__vector_15                                       c:/users/danny/dev/arduino-1.0.5-r2/hardware/tools/avr/bin/../lib/gcc/avr/4.3.2/../../../../avr/lib/avr5/crtm328p.o
__vector_16                                       C:\dev\eclipse_avr\ArduCore\328P_16MHZ\libArduCore.a(wiring.o)
                                                  c:/users/danny/dev/arduino-1.0.5-r2/hardware/tools/avr/bin/../lib/gcc/avr/4.3.2/../../../../avr/lib/avr5/crtm328p.o
__vector_17                                       c:/users/danny/dev/arduino-1.0.5-r2/hardware/tools/avr/bin/../lib/gcc/avr/4.3.2/../../../../avr/lib/avr5/crtm328p.o
__vector_18                                       C:\dev\eclipse_avr\ArduCore\328P_16MHZ\libArduCore.a(HardwareSerial.o)
                                                  c:/users/danny/dev/arduino-1.0.5-r2/hardware/tools/avr/bin/../lib/gcc/avr/4.3.2/../../../../avr/lib/avr5/crtm328p.o
__vector_19                                       C:\dev\eclipse_avr\ArduCore\328P_16MHZ\libArduCore.a(HardwareSerial.o)
                                                  c:/users/danny/dev/arduino-1.0.5-r2/hardware/tools/avr/bin/../lib/gcc/avr/4.3.2/../../../../avr/lib/avr5/crtm328p.o
__vector_2                                        c:/users/danny/dev/arduino-1.0.5-r2/hardware/tools/avr/bin/../lib/gcc/avr/4.3.2/../../../../avr/lib/avr5/crtm328p.o
__vector_20                                       c:/users/danny/dev/arduino-1.0.5-r2/hardware/tools/avr/bin/../lib/gcc/avr/4.3.2/../../../../avr/lib/avr5/crtm328p.o
__vector_21                                       c:/users/danny/dev/arduino-1.0.5-r2/hardware/tools/avr/bin/../lib/gcc/avr/4.3.2/../../../../avr/lib/avr5/crtm328p.o
__vector_22                                       c:/users/danny/dev/arduino-1.0.5-r2/hardware/tools/avr/bin/../lib/gcc/avr/4.3.2/../../../../avr/lib/avr5/crtm328p.o
__vector_23                                       c:/users/danny/dev/arduino-1.0.5-r2/hardware/tools/avr/bin/../lib/gcc/avr/4.3.2/../../../../avr/lib/avr5/crtm328p.o
__vector_24                                       C:\dev\eclipse_avr\ArduLibs\328P_16MHZ\libArduLibs.a(twi.o)
                                                  c:/users/danny/dev/arduino-1.0.5-r2/hardware/tools/avr/bin/../lib/gcc/avr/4.3.2/../../../../avr/lib/avr5/crtm328p.o
__vector_25                                       c:/users/danny/dev/arduino-1.0.5-r2/hardware/tools/avr/bin/../lib/gcc/avr/4.3.2/../../../../avr/lib/avr5/crtm328p.o